2024-02-26 18:38:00.297  2402-2402  SamsungLig...trolHelper com.android.systemui                 D  updateStatus(BLACK icon) NumStacks:1, StatusBarMode:MODE_TRANSPARENT, lightBarBounds:[Rect(0, 0 - 1200, 1920)], StatusBarState:SHADE, packageName:com.blaucastmedia.dataquest.app, isWhiteKeyguardStatusBarBySettings:false
2024-02-26 18:38:00.297 25193-25193 ViewRootIm...nActivity] com.blaucastmedia.dataquest.app      I  updateBlastSurfaceIfNeeded mBlastBufferQueue=null isSameSurfaceControl=false
2024-02-26 18:38:00.298  3553-3630  FontLog                 com.google.android.gms.persistent    I  (REDACTED) Font PFD returned from cache for %s
2024-02-26 18:38:00.298  3553-3630  FontLog                 com.google.android.gms.persistent    I  (REDACTED) Fetch %s end status %s
2024-02-26 18:38:00.298 25193-25193 BLASTBufferQueue        com.blaucastmedia.dataquest.app      I  new BLASTBufferQueue, mName= ViewRootImpl@aa3a6e1[MainActivity] mNativeObject= 0x793ebb9800 sc.mNativeObject= 0x78e70940c0 caller= android.view.ViewRootImpl.updateBlastSurfaceIfNeeded:2939 android.view.ViewRootImpl.relayoutWindow:9990 android.view.ViewRootImpl.performTraversals:3919 android.view.ViewRootImpl.doTraversal:3151 android.view.ViewRootImpl$TraversalRunnable.run:11068 android.view.Choreographer$CallbackRecord.run:1321 android.view.Choreographer$CallbackRecord.run:1329 android.view.Choreographer.doCallbacks:930 android.view.Choreographer.doFrame:859 android.view.Choreographer$FrameDisplayEventReceiver.run:1303 
2024-02-26 18:38:00.298 25193-25193 BLASTBufferQueue        com.blaucastmedia.dataquest.app      I  update, w= 1200 h= 1920 mName = ViewRootImpl@aa3a6e1[MainActivity] mNativeObject= 0x793ebb9800 sc.mNativeObject= 0x78e70940c0 format= -1 caller= android.graphics.BLASTBufferQueue.<init>:84 android.view.ViewRootImpl.updateBlastSurfaceIfNeeded:2939 android.view.ViewRootImpl.relayoutWindow:9990 android.view.ViewRootImpl.performTraversals:3919 android.view.ViewRootImpl.doTraversal:3151 android.view.ViewRootImpl$TraversalRunnable.run:11068 
2024-02-26 18:38:00.299 25193-25193 ViewRootIm...nActivity] com.blaucastmedia.dataquest.app      I  Relayout returned: old=(0,0,1200,1920) new=(0,0,1200,1920) req=(1200,1920)0 dur=8 res=0x3 s={true 0x78e71d3800} ch=true seqId=0
2024-02-26 18:38:00.299 25193-25193 ViewRootIm...nActivity] com.blaucastmedia.dataquest.app      I  mThreadedRenderer.initialize() mSurface={isValid=true 0x78e71d3800} hwInitialized=true
2024-02-26 18:38:00.300  3553-3630  FontLog                 com.google.android.gms.persistent    I  (REDACTED) Pulling font file for id = %d, cache size = %d
2024-02-26 18:38:00.301 25193-25193 ViewRootIm...nActivity] com.blaucastmedia.dataquest.app      I  reportNextDraw android.view.ViewRootImpl.performTraversals:4473 android.view.ViewRootImpl.doTraversal:3151 android.view.ViewRootImpl$TraversalRunnable.run:11068 android.view.Choreographer$CallbackRecord.run:1321 android.view.Choreographer$CallbackRecord.run:1329 
2024-02-26 18:38:00.301  1094-1253  display                 and...graphics.composer@2.2-service  I  getColorModes:: is not supported
2024-02-26 18:38:00.301  1094-1253  display                 and...graphics.composer@2.2-service  I  getColorModes:: is not supported
2024-02-26 18:38:00.301  1166-1186  HWComposer              surfaceflinger                       E  getSupportedContentTypes: getSupportedContentTypes failed for display 0: Unsupported (8)
2024-02-26 18:38:00.303 25193-25221 OpenGLRenderer          com.blaucastmedia.dataquest.app      D  eglCreateWindowSurface
2024-02-26 18:38:00.306   561-561   hwservicemanager        hwservicemanager                     I  getTransport: Cannot find entry android.hardware.graphics.mapper@4.0::IMapper/default in either framework or device VINTF manifest.
2024-02-26 18:38:00.307 25193-25313 Gralloc4                com.blaucastmedia.dataquest.app      I  mapper 4.x is not supported
2024-02-26 18:38:00.308   561-561   hwservicemanager        hwservicemanager                     I  getTransport: Cannot find entry android.hardware.graphics.mapper@3.0::IMapper/default in either framework or device VINTF manifest.
2024-02-26 18:38:00.308 25193-25313 Gralloc3                com.blaucastmedia.dataquest.app      W  mapper 3.x is not supported
2024-02-26 18:38:00.310 25193-25313 gralloc                 com.blaucastmedia.dataquest.app      I  Arm Module v1.0
2024-02-26 18:38:00.310  2402-2402  ViewRootIm...tionShade] com.android.systemui                 I  performTraversals mFirst=false windowShouldResize=false viewVisibilityChanged=false mForceNextWindowRelayout=false params={(0,0)(fillxfill) gr=TOP CENTER_VERTICAL sim={adjust=resize} layoutInDisplayCutoutMode=always ty=NOTIFICATION_SHADE fmt=TRANSLUCENT
                                                                                                      fl=81840048
                                                                                                      pfl=1b000000
                                                                                                      vsysui=2000
                                                                                                      apr=LIGHT_STATUS_BARS
                                                                                                      bhv=SHOW_TRANSIENT_BARS_BY_SWIPE
                                                                                                     dimAmount=0.0 naviIconColor=0
                                                                                                      sfl=40000}
2024-02-26 18:38:00.311  1396-4148  WindowManager           system_server                        V  Relayout Window{5c1a3aa u0 NotificationShade}: viewVisibility=4 req=1200x1920 d0
2024-02-26 18:38:00.312   561-561   hwservicemanager        hwservicemanager                     I  getTransport: Cannot find entry android.hardware.graphics.allocator@4.0::IAllocator/default in either framework or device VINTF manifest.
2024-02-26 18:38:00.312   560-567   servicemanager          servicemanager                       I  Could not find android.hardware.graphics.allocator.IAllocator/default in the VINTF manifest.
2024-02-26 18:38:00.312 25193-25313 Gralloc4                com.blaucastmedia.dataquest.app      W  allocator 4.x is not supported
2024-02-26 18:38:00.313   561-561   hwservicemanager        hwservicemanager                     I  getTransport: Cannot find entry android.hardware.graphics.allocator@3.0::IAllocator/default in either framework or device VINTF manifest.
2024-02-26 18:38:00.313 25193-25313 Gralloc3                com.blaucastmedia.dataquest.app      W  allocator 3.x is not supported
2024-02-26 18:38:00.314  1396-4148  WindowManager           system_server                        V  Relayout hash=5c1a3aa, pid=2402, syncId=-1: mAttrs={(0,0)(fillxfill) gr=TOP CENTER_VERTICAL sim={adjust=resize} layoutInDisplayCutoutMode=always ty=NOTIFICATION_SHADE fmt=TRANSLUCENT
                                                                                                      fl=81840048
                                                                                                      pfl=1b000000
                                                                                                      vsysui=2000
                                                                                                      apr=LIGHT_STATUS_BARS
                                                                                                      bhv=SHOW_TRANSIENT_BARS_BY_SWIPE
                                                                                                     dimAmount=0.0 naviIconColor=0
                                                                                                      sfl=40000}
2024-02-26 18:38:00.315  2402-2402  ViewRootIm...tionShade] com.android.systemui                 I  Relayout returned: old=(0,0,1200,1920) new=(0,0,1200,1920) req=(1200,1920)4 dur=5 res=0x0 s={false 0x0} ch=false seqId=0
2024-02-26 18:38:00.322  1166-1166  Layer                   surfaceflinger                       I  id=684 removeFromCurrentState Surface(name=866fe02 StatusBar)/@0xae7ad6f - animation-leash of insets_animation#684 (108)
2024-02-26 18:38:00.322  1166-1166  Layer                   surfaceflinger                       I  id=78 removeFromCurrentState 866fe02 StatusBar#78 (108)
2024-02-26 18:38:00.322  1166-1166  Layer                   surfaceflinger                       I  id=84 removeFromCurrentState StatusBar$_2402#84 (108)
2024-02-26 18:38:00.322  1166-1166  Layer                   surfaceflinger                       I  id=78 addToCurrentState 866fe02 StatusBar#78 (108)
2024-02-26 18:38:00.322  1166-1166  Layer                   surfaceflinger                       I  id=84 addToCurrentState StatusBar$_2402#84 (108)
2024-02-26 18:38:00.322  1166-1166  SurfaceFlinger          surfaceflinger                       D  [input] inputWindowCommands.focusRequests size is 1
2024-02-26 18:38:00.322  1166-1166  SurfaceFlinger          surfaceflinger                       I  id=684 Removed Surface(name=866fe02 StatusBar)/@0xae7ad6f - animation-leash of insets_animation#684 (108)
2024-02-26 18:38:00.323  1166-1166  Layer                   surfaceflinger                       I  id=684 Destroyed Surface(name=866fe02 StatusBar)/@0xae7ad6f - animation-leash of insets_animation#684
2024-02-26 18:38:00.324  1166-1292  SurfaceFlinger          surfaceflinger                       D  [input] setFocusedWindow: 3023265 com.blaucastmedia.dataquest.app/com.blaucastmedia.dataquest.app.MainActivity
2024-02-26 18:38:00.324  1396-2916  InputDispatcher         system_server                        D  Focus request (0): 3023265 com.blaucastmedia.dataquest.app/com.blaucastmedia.dataquest.app.MainActivity but waiting because NOT_VISIBLE
2024-02-26 18:38:00.327   559-559   lmkd                    lmkd                                 I  cached 1, sandbox(not0) 0
2024-02-26 18:38:00.329   559-559   lmkd                    lmkd                                 I  Reclaim 'com.google.android.apps.turbo' (21919), uid 10202, oom_score_adj 999, state 19 to free 65944kB rss, 41844kb swap
2024-02-26 18:38:00.330  1396-1477  DmaBufLeakDetector      system_server                        D  false, C 0, R false, T 1708990680330, CAM false
2024-02-26 18:38:00.330   559-559   lmkd                    lmkd                                 I  Reclaimed 107788kB at oom_score_adj 850
2024-02-26 18:38:00.339  1396-2916  ActivityManager         system_server                        I  Changes in 10216 3 to 10, 8 to 0
2024-02-26 18:38:00.347  1396-1479  libprocessgroup         system_server                        W  Failed to open /dev/blkio//cgroup.procs: No such file or directory
2024-02-26 18:38:00.364   559-559   lmkd                    lmkd                                 I  7(delay), 0(swap), 0(freelimit), 0(reentrymode) memory pressure events were skipped after a kill!
2024-02-26 18:38:00.365  1396-4148  ActivityManager         system_server                        I  Process com.google.android.apps.turbo (pid 21919) has died: cch+99 CEM (13,1648)
2024-02-26 18:38:00.365   559-559   lmkd                    lmkd                                 I  cached 1, sandbox(not0) 0
2024-02-26 18:38:00.365  1396-1477  libprocessgroup         system_server                        I  Successfully killed process cgroup uid 10202 pid 21919 in 0ms
2024-02-26 18:38:00.365  1077-1077  Zygote                  pid-1077                             I  Process 21919 exited due to signal 9 (Killed)
2024-02-26 18:38:00.367   559-559   lmkd                    lmkd                                 I  Reclaim 'com.samsung.android.app.notes' (21832), uid 10189, oom_score_adj 999, state 19 to free 107620kB rss, 47052kb swap
2024-02-26 18:38:00.367   559-559   lmkd                    lmkd                                 I  Reclaimed 154672kB at oom_score_adj 0
2024-02-26 18:38:00.367  1396-1477  DmaBufLeakDetector      system_server                        D  false, C 0, R false, T 1708990680367, CAM false
2024-02-26 18:38:00.412   559-559   lmkd                    lmkd                                 I  1(delay), 0(swap), 0(freelimit), 0(reentrymode) memory pressure events were skipped after a kill!
2024-02-26 18:38:00.413   559-559   lmkd                    lmkd                                 I  cached 1, sandbox(not0) 0
2024-02-26 18:38:00.413  1396-3065  ActivityManager         system_server                        I  Process com.samsung.android.app.notes (pid 21832) has died: cch+99 CEM (19,1649)
2024-02-26 18:38:00.414  1396-1477  libprocessgroup         system_server                        I  Successfully killed process cgroup uid 10189 pid 21832 in 0ms
2024-02-26 18:38:00.414   559-559   lmkd                    lmkd                                 I  Reclaim 'com.samsung.android.sm.devicesecurity' (22907), uid 5012, oom_score_adj 999, state 19 to free 65876kB rss, 40604kb swap
2024-02-26 18:38:00.414   559-559   lmkd                    lmkd                                 I  Reclaimed 106480kB at oom_score_adj 850
2024-02-26 18:38:00.415  1077-1077  Zygote                  pid-1077                             I  Process 21832 exited due to signal 9 (Killed)
2024-02-26 18:38:00.415  1396-1477  DmaBufLeakDetector      system_server                        D  false, C 0, R false, T 1708990680415, CAM false
2024-02-26 18:38:00.446 25193-25268 AudioCapabilities       com.blaucastmedia.dataquest.app      W  Unsupported mime audio/x-ima
2024-02-26 18:38:00.446 25193-25268 AudioCapabilities       com.blaucastmedia.dataquest.app      W  Unsupported mime audio/mpeg-L1
2024-02-26 18:38:00.446 25193-25268 AudioCapabilities       com.blaucastmedia.dataquest.app      W  Unsupported mime audio/mpeg-L2
2024-02-26 18:38:00.447 25193-25268 VideoCapabilities       com.blaucastmedia.dataquest.app      W  Unsupported mime video/mp43
2024-02-26 18:38:00.448 25193-25268 VideoCapabilities       com.blaucastmedia.dataquest.app      W  Unsupported mime video/wvc1
2024-02-26 18:38:00.448 25193-25268 VideoCapabilities       com.blaucastmedia.dataquest.app      W  Unsupported mime video/x-ms-wmv
2024-02-26 18:38:00.448 25193-25268 AudioCapabilities       com.blaucastmedia.dataquest.app      W  Unsupported mime audio/x-ms-wma
2024-02-26 18:38:00.448 25193-25268 VideoCapabilities       com.blaucastmedia.dataquest.app      W  Unsupported mime video/x-ms-wmv7
2024-02-26 18:38:00.448 25193-25268 VideoCapabilities       com.blaucastmedia.dataquest.app      W  Unsupported mime video/x-ms-wmv8
2024-02-26 18:38:00.452   559-559   lmkd                    lmkd                                 I  1(delay), 0(swap), 0(freelimit), 0(reentrymode) memory pressure events were skipped after a kill!
2024-02-26 18:38:00.452  1077-1077  Zygote                  pid-1077                             I  Process 22907 exited due to signal 9 (Killed)
2024-02-26 18:38:00.452   559-559   lmkd                    lmkd                                 I  cached 1, sandbox(not0) 0
2024-02-26 18:38:00.453  1396-2516  ActivityManager         system_server                        I  Process com.samsung.android.sm.devicesecurity (pid 22907) has died: cch+99 CEM (19,1653)
2024-02-26 18:38:00.453 25193-25268 VideoCapabilities       com.blaucastmedia.dataquest.app      W  Unrecognized profile/level 32768/256 for video/mp4v-es
2024-02-26 18:38:00.454  1396-1477  libprocessgroup         system_server                        I  Successfully killed process cgroup uid 5012 pid 22907 in 0ms
2024-02-26 18:38:00.454   559-559   lmkd                    lmkd                                 I  Reclaim 'com.samsung.android.homemode' (22746), uid 10151, oom_score_adj 999, state 19 to free 75368kB rss, 45956kb swap
2024-02-26 18:38:00.455   559-559   lmkd                    lmkd                                 I  Reclaimed 121324kB at oom_score_adj 850
2024-02-26 18:38:00.457  1396-1477  DmaBufLeakDetector      system_server                        D  false, C 0, R false, T 1708990680457, CAM false
2024-02-26 18:38:00.462  1105-25208 HYPER-HAL               ven...amsung.hardware.hyper-service  E  [HandlerSysfs.cpp]doResourceHandling(): Couldn't Open Sysfs - /sys/power/cstate_control
2024-02-26 18:38:00.462  1105-25208 HYPER-HAL               ven...amsung.hardware.hyper-service  I  [RequestManager.cpp]releaseLocked(): Released ID : 4282201
2024-02-26 18:38:00.473 25239-25262 chromium                pid-25239                            I  [INFO:viewport_data.cc(133)] E2E_Used ViewportFitCover
2024-02-26 18:38:00.492  1077-1077  Zygote                  pid-1077                             I  Process 22746 exited due to signal 9 (Killed)
2024-02-26 18:38:00.492   559-559   lmkd                    lmkd                                 I  1(delay), 0(swap), 0(freelimit), 0(reentrymode) memory pressure events were skipped after a kill!
2024-02-26 18:38:00.492   559-559   lmkd                    lmkd                                 I  cached 1, sandbox(not0) 0
2024-02-26 18:38:00.493  1396-1646  ActivityManager         system_server                        I  Process com.samsung.android.homemode (pid 22746) has died: cch+99 CEM (18,1656)
2024-02-26 18:38:00.493  1396-1477  libprocessgroup         system_server                        I  Successfully killed process cgroup uid 10151 pid 22746 in 0ms
2024-02-26 18:38:00.494   559-559   lmkd                    lmkd                                 I  Reclaim 'com.google.process.gapps' (23854), uid 10211, oom_score_adj 999, state 19 to free 69380kB rss, 39636kb swap
2024-02-26 18:38:00.495   559-559   lmkd                    lmkd                                 I  Reclaimed 109016kB at oom_score_adj 850
2024-02-26 18:38:00.496  1396-1477  DmaBufLeakDetector      system_server                        D  false, C 0, R false, T 1708990680496, CAM false
2024-02-26 18:38:00.505 25239-25262 chromium                pid-25239                            I  [INFO:document_style_environment_variables.cc(104)] E2E_Used SafeAreaInsetBottom
2024-02-26 18:38:00.540  1396-3609  ActivityManager         system_server                        I  Process com.google.process.gapps (pid 23854) has died: cch+99 CEM (44,1630)
2024-02-26 18:38:00.540  1077-1077  Zygote                  pid-1077                             I  Process 23854 exited due to signal 9 (Killed)
2024-02-26 18:38:00.540  1396-1477  libprocessgroup         system_server                        I  Successfully killed process cgroup uid 10211 pid 23854 in 0ms
2024-02-26 18:38:00.714  3553-7351  FontLog                 com.google.android.gms.persistent    I  (REDACTED) Received query %s, URI %s
2024-02-26 18:38:00.714  3553-7351  FontLog                 com.google.android.gms.persistent    I  (REDACTED) Query [%s] resolved to %s
2024-02-26 18:38:00.716  3553-7351  FontLog                 com.google.android.gms.persistent    I  (REDACTED) Fetch %s end status %s
2024-02-26 18:38:00.719  3553-7351  FontLog                 com.google.android.gms.persistent    I  (REDACTED) Pulling font file for id = %d, cache size = %d
2024-02-26 18:38:00.721  3553-7351  FontLog                 com.google.android.gms.persistent    I  (REDACTED) Pulling font file for id = %d, cache size = %d
2024-02-26 18:38:00.806  1105-25215 HYPER-HAL               ven...amsung.hardware.hyper-service  E  [HandlerSysfs.cpp]doResourceHandling(): Couldn't Open Sysfs - /sys/power/cstate_control
2024-02-26 18:38:00.806  1105-25215 HYPER-HAL               ven...amsung.hardware.hyper-service  I  [RequestManager.cpp]releaseLocked(): Released ID : 999008
2024-02-26 18:38:00.964 25239-25262 chromium                com.google.android.webview           I  [INFO:document_style_environment_variables.cc(104)] E2E_Used SafeAreaInsetBottom
2024-02-26 18:38:01.000 25193-25286 SQLitePlugin            com.blaucastmedia.dataquest.app      V  Android db implementation: built-in android.database.sqlite package
2024-02-26 18:38:01.002 25193-25322 info                    com.blaucastmedia.dataquest.app      V  Open sqlite db: /data/user/0/com.blaucastmedia.dataquest.app/databases/_ionicstorage
2024-02-26 18:38:01.017 25239-25262 chromium                com.google.android.webview           I  [INFO:document_style_environment_variables.cc(104)] E2E_Used SafeAreaInsetBottom
2024-02-26 18:38:01.125   602-602   io_stats                iod                                  D  !@   8,0 r 413637 14604320 w 93794 3512104 d 0 0 f 0 0 iot 117136 0 th 0 0 0 pt 0 inp 0 0 1083.413
2024-02-26 18:38:01.130  2383-2383  wpa_supplicant          wpa_supplicant                       I  Heartbeat 96
2024-02-26 18:38:01.156   559-559   lmkd                    lmkd                                 I  0(delay), 0(swap), 50(freelimit), 0(reentrymode) memory pressure events were skipped after a kill!
2024-02-26 18:38:01.225 25239-25311 chromium                com.google.android.webview           E  [ERROR:tile_manager.cc(980)] WARNING: tile memory limits exceeded, some content may not draw
2024-02-26 18:38:01.225 25239-25311 chromium                com.google.android.webview           E  [ERROR:tile_manager.cc(980)] WARNING: tile memory limits exceeded, some content may not draw
2024-02-26 18:38:01.240 25239-25311 chromium                com.google.android.webview           E  [ERROR:tile_manager.cc(980)] WARNING: tile memory limits exceeded, some content may not draw
2024-02-26 18:38:01.241 25239-25311 chromium                com.google.android.webview           E  [ERROR:tile_manager.cc(980)] WARNING: tile memory limits exceeded, some content may not draw
2024-02-26 18:38:01.283 25239-25311 chromium                com.google.android.webview           E  [ERROR:tile_manager.cc(980)] WARNING: tile memory limits exceeded, some content may not draw
2024-02-26 18:38:01.284 25239-25311 chromium                com.google.android.webview           E  [ERROR:tile_manager.cc(980)] WARNING: tile memory limits exceeded, some content may not draw
2024-02-26 18:38:01.289  1105-25209 HYPER-HAL               ven...amsung.hardware.hyper-service  I  [RequestManager.cpp]releaseLocked(): Released ID : 6158307
2024-02-26 18:38:01.396   559-559   lmkd                    lmkd                                 I  cached 1, sandbox(not0) 0
2024-02-26 18:38:01.398   559-559   lmkd                    lmkd                                 I  Reclaim 'com.samsung.android.smartsuggestions:core' (23105), uid 10098, oom_score_adj 999, state 19 to free 106900kB rss, 45252kb swap
2024-02-26 18:38:01.398   559-559   lmkd                    lmkd                                 I  Reclaimed 152152kB at oom_score_adj 850
2024-02-26 18:38:01.398  1396-1477  DmaBufLeakDetector      system_server                        D  false, C 0, R false, T 1708990681398, CAM false
2024-02-26 18:38:01.445  1396-3609  ActivityManager         system_server                        I  Process com.samsung.android.smartsuggestions:core (pid 23105) has died: cch+99 CEM (68,1618)
2024-02-26 18:38:01.445   559-559   lmkd                    lmkd                                 I  4(delay), 0(swap), 0(freelimit), 0(reentrymode) memory pressure events were skipped after a kill!
2024-02-26 18:38:01.445  1396-1477  libprocessgroup         system_server                        I  Successfully killed process cgroup uid 10098 pid 23105 in 0ms
2024-02-26 18:38:01.445  1077-1077  Zygote                  pid-1077                             I  Process 23105 exited due to signal 9 (Killed)
2024-02-26 18:38:01.552   559-559   lmkd                    lmkd                                 I  cached 1, sandbox(not0) 0
2024-02-26 18:38:01.553   559-559   lmkd                    lmkd                                 I  Reclaim 'com.samsung.android.localeoverlaymanager' (24200), uid 1000, oom_score_adj 995, state 19 to free 72568kB rss, 38800kb swap
2024-02-26 18:38:01.554   559-559   lmkd                    lmkd                                 I  Reclaimed 111368kB at oom_score_adj 850
2024-02-26 18:38:01.554  1396-1477  DmaBufLeakDetector      system_server                        D  false, C 0, R false, T 1708990681554, CAM false
2024-02-26 18:38:01.584   559-559   lmkd                    lmkd                                 I  3(delay), 0(swap), 0(freelimit), 0(reentrymode) memory pressure events were skipped after a kill!
2024-02-26 18:38:01.584  1077-1077  Zygote                  pid-1077                             I  Process 24200 exited due to signal 9 (Killed)
2024-02-26 18:38:01.585  1396-1646  ActivityManager         system_server                        I  Process com.samsung.android.localeoverlaymanager (pid 24200) has died: cch+95 CEM (74,1614)
2024-02-26 18:38:01.585  1396-1477  libprocessgroup         system_server                        I  Successfully killed process cgroup uid 1000 pid 24200 in 0ms
2024-02-26 18:38:01.823  1105-25220 HYPER-HAL               ven...amsung.hardware.hyper-service  I  [RequestManager.cpp]releaseLocked(): Released ID : 2347861
2024-02-26 18:38:02.161   559-559   lmkd                    lmkd                                 I  cached 1, sandbox(not0) 0
2024-02-26 18:38:02.163   559-559   lmkd                    lmkd                                 I  Reclaim 'com.samsung.android.networkdiagnostic' (24210), uid 5023, oom_score_adj 985, state 19 to free 90576kB rss, 37436kb swap
2024-02-26 18:38:02.163   559-559   lmkd                    lmkd                                 I  Reclaimed 128012kB at oom_score_adj 850
2024-02-26 18:38:02.163  1396-1477  DmaBufLeakDetector      system_server                        D  false, C 0, R false, T 1708990682163, CAM false
2024-02-26 18:38:02.208   559-559   lmkd                    lmkd                                 I  1(delay), 0(swap), 0(freelimit), 0(reentrymode) memory pressure events were skipped after a kill!
2024-02-26 18:38:02.208  1077-1077  Zygote                  pid-1077                             I  Process 24210 exited due to signal 9 (Killed)
2024-02-26 18:38:02.208  1396-2263  ConnectivityService     system_server                        D  releasing NetworkRequest [ REQUEST id=323, [ Capabilities: INTERNET&NOT_RESTRICTED&TRUSTED&NOT_VCN_MANAGED Uid: 5023 RequestorUid: 5023 RequestorPkg: com.samsung.android.networkdiagnostic UnderlyingNetworks: Null] ] (release request)
2024-02-26 18:38:02.209  1396-2859  ActivityManager         system_server                        I  Process com.samsung.android.networkdiagnostic (pid 24210) has died: cch+85 CEM (78,1603)
2024-02-26 18:38:02.210  1396-1477  libprocessgroup         system_server                        I  Successfully killed process cgroup uid 5023 pid 24210 in 0ms
2024-02-26 18:38:02.255  2402-2402  SecPowerUI.Notification com.android.systemui                 D  showChargingNotice oldChargingType : 8 / currentChargingType : 8, oldChargingTime : 4873000 / mChargingTime : 4873000
2024-02-26 18:38:02.255  2402-2402  SecPowerUI.Notification com.android.systemui                 D  There is no change about charging status, so return!
2024-02-26 18:38:02.425   559-559   lmkd                    lmkd                                 I  cached 1, sandbox(not0) 0
2024-02-26 18:38:02.427   559-559   lmkd                    lmkd                                 I  Reclaim 'com.samsung.android.scpm' (22139), uid 5009, oom_score_adj 985, state 19 to free 77892kB rss, 61016kb swap
2024-02-26 18:38:02.427   559-559   lmkd                    lmkd                                 I  Reclaimed 138908kB at oom_score_adj 850
2024-02-26 18:38:02.427  1396-1477  DmaBufLeakDetector      system_server                        D  false, C 0, R false, T 1708990682427, CAM false
2024-02-26 18:38:02.464   559-559   lmkd                    lmkd                                 I  4(delay), 0(swap), 0(freelimit), 0(reentrymode) memory pressure events were skipped after a kill!
2024-02-26 18:38:02.464  1077-1077  Zygote                  pid-1077                             I  Process 22139 exited due to signal 9 (Killed)
2024-02-26 18:38:02.465  1396-3744  ActivityManager         system_server                        I  Process com.samsung.android.scpm (pid 22139) has died: cch+85 CEM (72,1589)
2024-02-26 18:38:02.465  1396-1477  libprocessgroup         system_server                        I  Successfully killed process cgroup uid 5009 pid 22139 in 0ms
2024-02-26 18:38:02.671  1396-1496  PowerManagerService     system_server                        D  UserActivityStateListenerState: 0
2024-02-26 18:38:02.705   559-559   lmkd                    lmkd                                 I  cached 1, sandbox(not0) 0
2024-02-26 18:38:02.707   559-559   lmkd                    lmkd                                 I  Reclaim 'com.samsung.android.rubin.app' (24644), uid 5010, oom_score_adj 975, state 19 to free 107408kB rss, 46904kb swap
2024-02-26 18:38:02.707  1396-1477  DmaBufLeakDetector      system_server                        D  false, C 0, R false, T 1708990682707, CAM false
2024-02-26 18:38:02.707   559-559   lmkd                    lmkd                                 I  Reclaimed 154312kB at oom_score_adj 850
2024-02-26 18:38:02.749   559-559   lmkd                    lmkd                                 I  5(delay), 0(swap), 0(freelimit), 0(reentrymode) memory pressure events were skipped after a kill!
2024-02-26 18:38:02.749  1396-4159  ActivityManager         system_server                        I  Process com.samsung.android.rubin.app (pid 24644) has died: cch+75 CEM (81,1579)
2024-02-26 18:38:02.749  1077-1077  Zygote                  pid-1077                             I  Process 24644 exited due to signal 9 (Killed)
2024-02-26 18:38:02.749  1396-1477  libprocessgroup         system_server                        I  Successfully killed process cgroup uid 5010 pid 24644 in 0ms
2024-02-26 18:38:02.928   559-559   lmkd                    lmkd                                 I  cached 1, sandbox(not0) 0
2024-02-26 18:38:02.930   559-559   lmkd                    lmkd                                 I  Reclaim 'com.samsung.android.kmxservice' (24722), uid 10301, oom_score_adj 975, state 19 to free 58284kB rss, 51068kb swap
2024-02-26 18:38:02.930   559-559   lmkd                    lmkd                                 I  Reclaimed 109352kB at oom_score_adj 850
2024-02-26 18:38:02.930  1396-1477  DmaBufLeakDetector      system_server                        D  false, C 0, R false, T 1708990682930, CAM false
2024-02-26 18:38:02.960   559-559   lmkd                    lmkd                                 I  3(delay), 0(swap), 0(freelimit), 0(reentrymode) memory pressure events were skipped after a kill!
2024-02-26 18:38:02.961  1077-1077  Zygote                  pid-1077                             I  Process 24722 exited due to signal 9 (Killed)
2024-02-26 18:38:02.961  1396-3609  ActivityManager         system_server                        I  Process com.samsung.android.kmxservice (pid 24722) has died: cch+75 CEM (79,1578)
2024-02-26 18:38:02.961  1396-1477  libprocessgroup         system_server                        I  Successfully killed process cgroup uid 10301 pid 24722 in 0ms
2024-02-26 18:38:03.125   602-602   io_stats                iod                                  D  !@   8,0 r 420854 14672908 w 93794 3512104 d 0 0 f 0 0 iot 118296 0 th 0 0 0 pt 0 inp 0 1 1085.414
2024-02-26 18:38:03.279  1396-3609  UserSystem...eInstaller system_server                        V  dumpPackageWhitelistProblems(): using mode ENFORCE|IMPLICIT_WHITELIST
2024-02-26 18:38:03.297   559-559   lmkd                    lmkd                                 I  cached 1, sandbox(not0) 0
2024-02-26 18:38:03.299   559-559   lmkd                    lmkd                                 I  Reclaim 'com.sec.android.daemonapp' (24540), uid 10165, oom_score_adj 965, state 19 to free 111972kB rss, 34436kb swap
2024-02-26 18:38:03.299  1396-1477  DmaBufLeakDetector      system_server                        D  false, C 0, R false, T 1708990683299, CAM false
2024-02-26 18:38:03.299   559-559   lmkd                    lmkd                                 I  Reclaimed 146408kB at oom_score_adj 850
2024-02-26 18:38:03.330 25193-25193 ViewRootIm...nActivity] com.blaucastmedia.dataquest.app      I  Setup new sync id=0
2024-02-26 18:38:03.330 25193-25193 ViewRootIm...nActivity] com.blaucastmedia.dataquest.app      I  Setting syncFrameCallback
2024-02-26 18:38:03.330 25193-25193 ViewRootIm...nActivity] com.blaucastmedia.dataquest.app      I  registerCallbacksForSync syncBuffer=false
2024-02-26 18:38:03.337 25193-25332 ViewRootIm...nActivity] com.blaucastmedia.dataquest.app      I  Received frameDrawingCallback syncResult=0 frameNum=1.
2024-02-26 18:38:03.337 25193-25332 ViewRootIm...nActivity] com.blaucastmedia.dataquest.app      I  Setting up sync and frameCommitCallback
2024-02-26 18:38:03.353  1396-2263  ConnectivityService     system_server                        D  releasing NetworkRequest [ REQUEST id=325, [ Capabilities: INTERNET&NOT_RESTRICTED&TRUSTED&NOT_VCN_MANAGED Uid: 10165 RequestorUid: 10165 RequestorPkg: com.sec.android.daemonapp UnderlyingNetworks: Null] ] (release request)
2024-02-26 18:38:03.353   559-559   lmkd                    lmkd                                 I  1(delay), 0(swap), 0(freelimit), 0(reentrymode) memory pressure events were skipped after a kill!
2024-02-26 18:38:03.354  1396-3065  ActivityManager         system_server                        I  Process com.sec.android.daemonapp (pid 24540) has died: cch+65 CEM (92,1571)
2024-02-26 18:38:03.354  1077-1077  Zygote                  pid-1077                             I  Process 24540 exited due to signal 9 (Killed)
2024-02-26 18:38:03.354  1396-1477  libprocessgroup         system_server                        I  Successfully killed process cgroup uid 10165 pid 24540 in 0ms
2024-02-26 18:38:03.361  3090-3090  DeviceManager_FLP       com.sec.location.nsflp2              W  onTrimMemory : 5
2024-02-26 18:38:03.361  3090-3131  GpsSessionManager_FLP   com.sec.location.nsflp2              I  arrangeInvalidSessions
2024-02-26 18:38:03.362  1396-1396  Telecom:TelecomService  system_server                        I  onTrimMemory - 5
2024-02-26 18:38:03.363  2402-2402  SystemUIService         com.android.systemui                 D  SYSUI_RAM_OPTIMIZATION onTrimMemory=5
2024-02-26 18:38:03.363  2402-2402  SystemUIService         com.android.systemui                 D  onTrimMemory : 5
2024-02-26 18:38:03.364  5357-5357  AiAi                    com.google.android.as                I  onTrimMemory() with level 5
2024-02-26 18:38:03.366  1396-1693  OpenGLRenderer          system_server                        D  trimMemory(TRIM_MEMORY_COMPLETE)::destroyRenderingContext
2024-02-26 18:38:03.366  1396-1693  OpenGLRenderer          system_server                        D  RenderThread::destroyRenderingContext()
2024-02-26 18:38:03.366  1396-1693  OpenGLRenderer          system_server                        D  RenderThread::setGrContext()
2024-02-26 18:38:03.368  3475-3475  DMASA[U]                com.sec.android.diagmonagent         W  [AppLogData]onTrimMemory(5):1708990683361
2024-02-26 18:38:03.368  3475-3475  DMASA[C]                com.sec.android.diagmonagent         W  [DiagMonAgentApplication]onTrimMemory (5)
2024-02-26 18:38:03.371  4756-4756  ContactsProvider        android.process.acore                I  onTrimMemory-success
2024-02-26 18:38:03.388 23893-23893 Finsky:background       com.android.vending                  I  [2] uyb.onTrimMemory(13): Memory trim requested to level 40
2024-02-26 18:38:03.388 25193-25221 BLASTBufferQueue        com.blaucastmedia.dataquest.app      I  [ViewRootImpl@aa3a6e1[MainActivity]#0](f:0,a:0,s:0) onFrameAvailable the first frame is available
2024-02-26 18:38:03.389 25193-25221 ViewRootIm...nActivity] com.blaucastmedia.dataquest.app      I  Received frameCommittedCallback lastAttemptedDrawFrameNum=1 didProduceBuffer=true
2024-02-26 18:38:03.389 25193-25221 OpenGLRenderer          com.blaucastmedia.dataquest.app      D  CFMS:: SetUp Pid : 25193    Tid : 25221
2024-02-26 18:38:03.390 24118-24118 SCS@AiSearch user 0     com.samsung.android.scs              I  (SearchProvider) onTrimMemory(): 60
2024-02-26 18:38:03.393 25193-25193 ViewRootIm...nActivity] com.blaucastmedia.dataquest.app      I  onSyncComplete
2024-02-26 18:38:03.394 25193-25193 ViewRootIm...nActivity] com.blaucastmedia.dataquest.app      I  setupSync seqId=0 mSyncId=0 fn=1 caller=android.view.ViewRootImpl$$ExternalSyntheticLambda11.accept:6 android.window.SurfaceSyncer.lambda$setupSync$1$android-window-SurfaceSyncer:168 android.window.SurfaceSyncer$$ExternalSyntheticLambda1.accept:8 android.window.SurfaceSyncer$SyncSet.checkIfSyncIsComplete:495 android.window.SurfaceSyncer$SyncSet.markSyncReady:454 android.window.SurfaceSyncer.markSyncReady:191 android.view.ViewRootImpl.performTraversals:4538 
2024-02-26 18:38:03.395  8786-8786  CMHApplication          com.samsung.cmh                      I  [#CMH#] Block to verify, Change Trim Memory Level: 80 
2024-02-26 18:38:03.397 25193-25193 ViewRootIm...nActivity] com.blaucastmedia.dataquest.app      I  reportDrawFinished seqId=0 mSyncId=-1 fn=1 mSurfaceChangedTransaction=0x795df44800
2024-02-26 18:38:03.397  1396-3065  WindowManager           system_server                        D  finishDrawingWindow: Window{3023265 u0 com.blaucastmedia.dataquest.app/com.blaucastmedia.dataquest.app.MainActivity} mDrawState=DRAW_PENDING seqId=0
2024-02-26 18:38:03.400  1396-1460  WindowManager           system_server                        V  Finish starting ActivityRecord{1828009 u0 com.blaucastmedia.dataquest.app/.MainActivity} t198}: first real window is shown, no animation
2024-02-26 18:38:03.401  1396-1460  SemDvfsHyPerManager     system_server                        I  acquire hyper - AMS_RESUME_TAIL/1396@18, type = -999
2024-02-26 18:38:03.401  1396-1460  SemDvfsHyPerManager     system_server                        I  acquire hyper - AMS_ACT_LAZY/1396@19, type = -999
2024-02-26 18:38:03.401  1396-1460  ActivityMa...erformance system_server                        D  AMP_acquire() TAIL
2024-02-26 18:38:03.401  1396-1460  ActivityMa...erformance system_server                        D  AMP_release() APP_SWITCH
2024-02-26 18:38:03.401  1396-1460  WindowManager           system_server                        V  performShowLocked: mDrawState=HAS_DRAWN in Window{3023265 u0 com.blaucastmedia.dataquest.app/com.blaucastmedia.dataquest.app.MainActivity}
2024-02-26 18:38:03.401 24927-24927 Glide                   com.samsung.android.forest           W  Failed to find GeneratedAppGlideModule. You should include an annotationProcessor compile dependency on com.github.bumptech.glide:compiler in your application and a @GlideModule annotated AppGlideModule implementation or LibraryGlideModules will be silently ignored
2024-02-26 18:38:03.402  1105-1165  HYPER-HAL               ven...amsung.hardware.hyper-service  I  [RequestManager.cpp]acquire(): Acquired ID : 1000423  [1396 / 18]    HINT : AMS_RESUME_TAIL    list : 
2024-02-26 18:38:03.402  1105-1165  HYPER-HAL               ven...amsung.hardware.hyper-service  E  [HandlerSysfs.cpp]doResourceHandling(): Couldn't Open Sysfs - /sys/power/cstate_control
2024-02-26 18:38:03.403  1105-1165  HYPER-HAL               ven...amsung.hardware.hyper-service  E  [HandlerSysfs.cpp]doResourceHandling(): Couldn't Open Sysfs - /sys/power/cstate_control
2024-02-26 18:38:03.403  1105-1165  HYPER-HAL               ven...amsung.hardware.hyper-service  I  [RequestManager.cpp]releaseLocked(): Released ID : 1004674
2024-02-26 18:38:03.403 23783-23783 Finsky                  com.android.vending                  I  [2] uyb.onTrimMemory(13): Memory trim requested to level 80
2024-02-26 18:38:03.405  1396-3065  ActivityTaskManager     system_server                        W  Request to remove task ignored for non-existent task 196
2024-02-26 18:38:03.405  1396-3065  ActivityTaskManager     system_server                        W  Request to remove task ignored for non-existent task 197
2024-02-26 18:38:03.405  1396-1456  [secipm]                system_server                        D  mSecIpmManager report to nap
2024-02-26 18:38:03.405  1396-1456  PkgPredict...erviceImpl system_server                        I  reportToNAP uid:10308 com.blaucastmedia.dataquest.app/com.blaucastmedia.dataquest.app.MainActivity thisTime:3642
2024-02-26 18:38:03.406  2926-2926  ViewRootIm...rActivity] com.sec.android.app.launcher         I  stopped(true) old = false
2024-02-26 18:38:03.406  2926-2926  ViewRootIm...rActivity] com.sec.android.app.launcher         I  WindowStopped on com.sec.android.app.launcher/com.sec.android.app.launcher.activities.LauncherActivity set to true
2024-02-26 18:38:03.407 23783-23783 Finsky                  com.android.vending                  I  [2] uya.accept(93): Flushing in-memory image cache
2024-02-26 18:38:03.407  7927-7927  HBD                     com.samsung.android.honeyboard       I  HoneyBoardService onTrimMemory 5
2024-02-26 18:38:03.407  2926-2926  Launcher                com.sec.android.app.launcher         I  !@Boot_DEBUG: Launcher.onStop()
2024-02-26 18:38:03.407  2926-2926  Launcher                com.sec.android.app.launcher         I  !@Boot_EBS_D: Launcher.onStop()
2024-02-26 18:38:03.407  2926-2926  BaseActivity            com.sec.android.app.launcher         I  removeActivityFlags, flags : 17
2024-02-26 18:38:03.408  2926-2926  WallpaperBlurController com.sec.android.app.launcher         I  dispatchTransactionSurface: mCurrentBlur = 150
2024-02-26 18:38:03.409  1396-3065  TaskOrganizerController system_server                        D  applyStartingWindowAnimation, window=Window{2b04a27 u0 Splash Screen com.blaucastmedia.dataquest.app}, caller=com.android.server.wm.ActivityRecord.onCopySplashScreenFinish:3241 com.android.server.wm.ActivityTaskManagerService.onSplashScreenViewCopyFinished:4439 android.app.IActivityTaskManager$Stub.onTransact:2366 
2024-02-26 18:38:03.409  1396-3065  WindowManager           system_server                        I  Reparenting to leash, surface=Surface(name=2b04a27 Splash Screen com.blaucastmedia.dataquest.app)/@0x5960e9a, leashParent=Surface(name=ActivityRecord{1828009 u0 com.blaucastmedia.dataquest.app/.MainActivity} t198})/@0xe7353cb
2024-02-26 18:38:03.409  1166-1186  SurfaceFlinger          surfaceflinger                       I  id=702 createSurf flag=24000, Surface(name=2b04a27 Splash Screen com.blaucastmedia.dataquest.app)/@0x5960e9a - animation-leash of starting_reveal#702
2024-02-26 18:38:03.410  1396-3065  WindowManager           system_server                        D  makeSurface duration=1 leash=Surface(name=Surface(name=2b04a27 Splash Screen com.blaucastmedia.dataquest.app)/@0x5960e9a - animation-leash of starting_reveal)/@0x4a4b7a8
2024-02-26 18:38:03.410  2926-3248  IMM_LC                  com.sec.android.app.launcher         I  hsifw() - flag : 0
2024-02-26 18:38:03.410  2926-3248  IMM_LC                  com.sec.android.app.launcher         I  hsifw() - mService.hideSoftInput
2024-02-26 18:38:03.410  2926-2926  LauncherAppWidgetHost   com.sec.android.app.launcher         W  setShouldListenFlag, mFlags:7 flag:start on:false isFront:false
2024-02-26 18:38:03.410  1396-1646  InputMetho...gerService system_server                        D  hideSoftInput
2024-02-26 18:38:03.410  1396-1646  InputMetho...gerService system_server                        V  Client requesting input be hidden
2024-02-26 18:38:03.410  1396-1646  InputMetho...gerService system_server                        V  hideCurrentInputLocked : canceled, shouldHideSoftInput=false, mInputShown=false, mImeWindowVis=0
2024-02-26 18:38:03.410  1396-2859  AppWidgetServiceImpl    system_server                        I  stopListening callbacks : null
2024-02-26 18:38:03.410  1396-1646  InputMetho...Controller system_server                        I  setCurrentMethodNotVisible: mVisibleBound=false, mHasConnection=true, caller = com.android.server.inputmethod.InputMethodManagerService.hideCurrentInputLocked:4300 com.android.server.inputmethod.InputMethodManagerService.hideSoftInput:4238 com.android.internal.view.IInputMethodManager$Stub.onTransact:488 com.android.server.inputmethod.InputMethodManagerService.onTransact:2270 android.os.Binder.execTransactInternal:1316 android.os.Binder.execTransact:1280 <bottom of call stack> <bottom of call stack> <bottom of call stack> <bottom of call stack> 
2024-02-26 18:38:03.411  2926-2926  LauncherAppWidgetHost   com.sec.android.app.launcher         W  stopListening, mFlags:2 isFront:false
2024-02-26 18:38:03.411  2926-2926  Launcher.N...onListener com.sec.android.app.launcher         W  removeNotificationsChangedListener
2024-02-26 18:38:03.411  2926-2926  Launcher.N...onListener com.sec.android.app.launcher         I  unregisterObserver, this is not notificationService!!
2024-02-26 18:38:03.412  2926-2926  BadgeCountUpdaterImpl   com.sec.android.app.launcher         I  onNotificationsChangedDisConnected
2024-02-26 18:38:03.412  2926-2926  PageOverlayMover        com.sec.android.app.launcher         W  updateActivityLifecycleState : 4
2024-02-26 18:38:03.412  1396-1460  WindowManager           system_server                        V  Finish starting ActivityRecord{1828009 u0 com.blaucastmedia.dataquest.app/.MainActivity} t198}: first real window is shown, no animation
2024-02-26 18:38:03.413  5949-6995  PageOverlayServiceImpl  com.samsung.android.app.spage        I  [FROM HOME] updateActivityLifecycleState : 4
2024-02-26 18:38:03.414  2926-3251  LiveIconUp...entHandler com.sec.android.app.launcher         I  cancelMinuteChangeAlarm
2024-02-26 18:38:03.414  1396-2859  InputDispatcher         system_server                        D  Focus entered window (0): 3023265 com.blaucastmedia.dataquest.app/com.blaucastmedia.dataquest.app.MainActivity
2024-02-26 18:38:03.415  2926-3251  LiveIconUp...entHandler com.sec.android.app.launcher         I  cancelDateChangeAlarm
2024-02-26 18:38:03.416  1396-1459  AppOps                  system_server                        I  updateUidProcState uid: 10212 procState: 5 capability:15
2024-02-26 18:38:03.416  1396-1459  ActivityManager         system_server                        I  Changes in 10118 2 to 5, 15 to 8
2024-02-26 18:38:03.418  5949-5949  PageOverlayCoordinator  com.samsung.android.app.spage        I  onUiStopped
2024-02-26 18:38:03.418  5949-5949  PageOverlayRootLayout   com.samsung.android.app.spage        I  onUiStopped
2024-02-26 18:38:03.418  2926-2926  MSHandlerLifeCycle      com.sec.android.app.launcher         I  removeMultiSplitHandler: no exist. decor=DecorView@712f1ea[LauncherActivity]
2024-02-26 18:38:03.419  1166-1166  SurfaceFlinger          surfaceflinger                       D  Display 0 HWC layers:
                                                                                                         DEVICE | 0x700a1f29c0 | 0102 | RGBA_8888    |    0.0    0.0 1200.0 1920.0 |    0    0 1200 1920 | com.blaucastmedia.dataquest.app/com.[...]ataquest.app.MainActivity$_25193#700
                                                                                                         DEVICE | 0x6fc7ed5940 | 0100 | RGBA_8888    |    0.0    0.0 1200.0 1920.0 |    0    0 1200 1920 | Splash Screen com.blaucastmedia.dataquest.app$_2402#694
                                                                                                         DEVICE | 0x6ff2635c00 | 0100 | RGBA_8888    |    0.0    0.0 1200.0   48.0 |    0    0 1200   48 | StatusBar$_2402#84
                                                                                                         DEVICE | 0x6fc7ed6700 | 0100 | RGBA_8888    |    0.0    0.0   67.0  311.0 | 1133  321 1200  632 | com.samsung.android.app.cocktailbars[...]service.CocktailBarService$_7062#582
2024-02-26 18:38:03.419  1396-1456  DmaBufLeakDetector      system_server                        D  false, C 0, R false, T 1708990683419, CAM false
2024-02-26 18:38:03.420  1396-4159  WindowManager           system_server                        E  win=Window{cc9ced3 u0 com.sec.android.app.launcher/com.sec.android.app.launcher.activities.LauncherActivity} destroySurfaces: appStopped=true cleanupOnResume=false win.mWindowRemovalAllowed=false win.mRemoveOnExit=false win.mViewVisibility=8 caller=com.android.server.wm.ActivityRecord.destroySurfaces:6776 com.android.server.wm.ActivityRecord.destroySurfaces:6757 com.android.server.wm.ActivityRecord.notifyAppStopped:6821 com.android.server.wm.ActivityRecord.activityStopped:7427 com.android.server.wm.ActivityClientController.activityStopped:263 android.app.IActivityClientController$Stub.onTransact:621 com.android.server.wm.ActivityClientController.onTransact:141 
2024-02-26 18:38:03.420  1396-4159  WindowManager           system_server                        I  Destroying surface Surface(name=com.sec.android.app.launcher/com.sec.android.app.launcher.activities.LauncherActivity$_2926)/@0xe0792c1 called by com.android.server.wm.WindowStateAnimator.destroySurface:951 com.android.server.wm.WindowStateAnimator.destroySurfaceLocked:537 com.android.server.wm.WindowState.destroySurfaceUnchecked:4513 com.android.server.wm.WindowState.destroySurface:4487 com.android.server.wm.ActivityRecord.destroySurfaces:6776 com.android.server.wm.ActivityRecord.destroySurfaces:6757 com.android.server.wm.ActivityRecord.notifyAppStopped:6821 com.android.server.wm.ActivityRecord.activityStopped:7427 
2024-02-26 18:38:03.420  1396-1456  ActivityTaskManager     system_server                        I  Displayed com.blaucastmedia.dataquest.app/.MainActivity: +3s642ms
2024-02-26 18:38:03.420  1396-1456  Pageboost               system_server                        I  Launch time gathered : pid 25193 com.blaucastmedia.dataquest.app 3642
