2024-02-26 18:38:05.735  1396-2859  ActivityTaskManager     system_server                        D  scheduleTopResumedActivityChanged, onTop=false r=ActivityRecord{1828009 u0 com.blaucastmedia.dataquest.app/.MainActivity} t198 f}} caller=com.android.server.wm.ActivityTaskSupervisor.updateTopResumedActivityIfNeeded:2566 com.android.server.wm.TaskDisplayArea.positionChildTaskAt:618 com.android.server.wm.TaskDisplayArea.positionChildAt:541 com.android.server.wm.WindowContainer.positionChildAt:1019 com.android.server.wm.Task.positionChildAt:3533 com.android.server.wm.Task.moveToFrontInner:6277 
2024-02-26 18:38:05.737  1396-2859  InputDispatcher         system_server                        D  Focused application(0): ActivityRecord{c4eaf1f u0 com.sec.android.app.launcher/.activities.LauncherActivity} t187}
2024-02-26 18:38:05.738  1396-2859  WindowManager           system_server                        V  Changing focus from Window{3023265 u0 com.blaucastmedia.dataquest.app/com.blaucastmedia.dataquest.app.MainActivity} to null displayId=0 Callers=com.android.server.wm.RootWindowContainer.updateFocusedWindowLocked:602 com.android.server.wm.WindowManagerService.updateFocusedWindowLocked:6862 com.android.server.wm.ActivityTaskManagerService.setResumedActivityUncheckLocked:5831 com.android.server.wm.ActivityRecord.moveFocusableActivityToTop:3984 
2024-02-26 18:38:05.739  1396-2859  MARsPolicyManager       system_server                        D  onPackageResumedFG pkgName = com.blaucastmedia.dataquest.app, userId = 0
2024-02-26 18:38:05.740  1396-2859  StatusBarManagerService system_server                        D  notifyRequestedSystemKey recent=false home=false
2024-02-26 18:38:05.740  1396-2859  SGM:FgCheckThread       system_server                        D  TaskStackListener.onTaskFocusChanged(), taskId=198, focused=false
2024-02-26 18:38:05.740  1396-2859  SGM:FgCheckThread       system_server                        D  TaskStackListener.onTaskFocusChanged(), taskId=187, focused=true
2024-02-26 18:38:05.741  1396-2859  SGM:FgCheckThread       system_server                        D    sendRunningComponentFocus(), pkgName: com.sec.android.app.launcher, userId: 0
2024-02-26 18:38:05.741  1396-1670  SGM:FgCheckThread       system_server                        D  onLooperPrepared(), msg: MSG_TASK_FOCUSED, pkgName: com.sec.android.app.launcher, userId: 0
2024-02-26 18:38:05.741  1396-1670  SGM:FgCheckThread       system_server                        D  handleTaskFocused().
2024-02-26 18:38:05.742  1396-1670  SGM:FgCheckThread       system_server                        D  sendFocusOutConditionally() - mPrevNotiPkg: (unknown), userId: 0
2024-02-26 18:38:05.742  1396-1670  SGM:FgCheckThread       system_server                        D    handleTaskFocused(), pkgName: com.sec.android.app.launcher, userID:0 mResumedPkgMap does not containsKey.
2024-02-26 18:38:05.742  1396-2278  AS.MultiSoundManager    system_server                        D  mForegroundUid = 10118
2024-02-26 18:38:05.743  1396-2859  WindowManager           system_server                        W  Prepare app transition: mNextAppTransitionRequests=[TRANSIT_CLOSE, TRANSIT_CLOSE], mNextAppTransitionFlags=TRANSIT_FLAG_KEYGUARD_GOING_AWAY_TO_LAUNCHER_WITH_IN_WINDOW_ANIMATIONS | TRANSIT_FLAG_APP_CRASHED, displayId: 0 Callers=com.android.server.wm.DisplayContent.prepareAppTransition:6543 com.android.server.wm.DisplayContent.prepareAppTransition:6534 com.android.server.wm.ActivityRecord.finishIfPossible:4266 com.android.server.wm.ActivityRecord.finishIfPossible:4076 com.android.server.wm.Task.finishTopCrashedActivityLocked:7054 
2024-02-26 18:38:05.743  1396-2859  RestrictionPolicy       system_server                        D  isScreenCaptureEnabled : ret=true userId=0
2024-02-26 18:38:05.744  1396-2859  RestrictionPolicy       system_server                        D  isScreenCaptureEnabled : ret=true userId=0
2024-02-26 18:38:05.753  1166-1166  Layer                   surfaceflinger                       I  id=704 Destroyed Screenshot Parent#704
2024-02-26 18:38:05.767  1396-1693  OpenGLRenderer          system_server                        D  RenderThread::requireGlContext()
2024-02-26 18:38:05.777 25193-25322 Process                 com.blaucastmedia.dataquest.app      I  Sending signal. PID: 25193 SIG: 9
2024-02-26 18:38:05.789  2926-2926  TopTaskTracker          com.sec.android.app.launcher         I  onTaskMovedToFront : taskId = 187
2024-02-26 18:38:05.800  3475-3475  DMASA[D]                com.sec.android.diagmonagent         I  [c]blockList : com.samsung.context.sdk.sampleapp2
2024-02-26 18:38:05.803  1166-1166  SurfaceFlinger          surfaceflinger                       D  [input] inputWindowCommands.focusRequests size is 1
2024-02-26 18:38:05.804  1396-1693  OpenGLRenderer          system_server                        D  RenderThread::setGrContext()
2024-02-26 18:38:05.804  1166-1292  SurfaceFlinger          surfaceflinger                       D  [input] setFocusedWindow: <null>
2024-02-26 18:38:05.804  3475-3475  DMASA[D]                com.sec.android.diagmonagent         I  [c]allowList : com.whatsapp
2024-02-26 18:38:05.805  3475-3475  DMASA[D]                com.sec.android.diagmonagent         I  [c]allowList : com.google.android.apps.maps
2024-02-26 18:38:05.805  1396-1646  InputDispatcher         system_server                        D  Focus left window (0): 3023265 com.blaucastmedia.dataquest.app/com.blaucastmedia.dataquest.app.MainActivity
2024-02-26 18:38:05.806  3475-3475  DMASA[D]                com.sec.android.diagmonagent         I  [c]allowList : com.google.android.apps.tachyon
2024-02-26 18:38:05.806  3475-3475  DMASA[D]                com.sec.android.diagmonagent         I  [c]allowList : com.samsung.context.sdk.sampleapp*
2024-02-26 18:38:05.812  3475-3475  DMASA[D]                com.sec.android.diagmonagent         I  [c]allowList : com.snapchat.android
2024-02-26 18:38:05.814  3475-3475  DMASA[D]                com.sec.android.diagmonagent         I  [c]allowList : com.nhn.android.nmap
2024-02-26 18:38:05.819  3475-3475  DMASA[D]                com.sec.android.diagmonagent         I  [c]allowList : com.facebook.katana
2024-02-26 18:38:05.820  1396-12641 SGM:GameManager         system_server                        D  identifyGamePackage. com.blaucastmedia.dataquest.app, mCurrentUserId: 0, callerUserId: 0, callingMethodInfo: com.android.server.ssrm.SortingMachine.isGame(SortingMachine.java:162)
2024-02-26 18:38:05.821  1396-12641 SGM:PkgDataHelper       system_server                        D  getGamePkgData(). com.blaucastmedia.dataquest.app
2024-02-26 18:38:05.822  1396-1466  ActivityManager         system_server                        I  com.samsung.android.dqagent is exempt from freezer
2024-02-26 18:38:05.823  1396-1466  Compatibil...geReporter system_server                        D  Compat change id reported: 135634846; UID 1000; state: DISABLED
2024-02-26 18:38:05.824  1105-25217 HYPER-HAL               ven...amsung.hardware.hyper-service  I  [RequestManager.cpp]releaseLocked(): Released ID : 6165330
2024-02-26 18:38:05.824  1396-1466  Compatibil...geReporter system_server                        D  Compat change id reported: 177438394; UID 1000; state: DISABLED
2024-02-26 18:38:05.825  1396-1466  Compatibil...geReporter system_server                        D  Compat change id reported: 135772972; UID 1000; state: DISABLED
2024-02-26 18:38:05.825  3475-3475  DMASA[D]                com.sec.android.diagmonagent         I  [c]allowList : com.spotify.music
2024-02-26 18:38:05.825  1396-1466  Compatibil...geReporter system_server                        D  Compat change id reported: 135754954; UID 1000; state: ENABLED
2024-02-26 18:38:05.826  3475-3475  DMASA[D]                com.sec.android.diagmonagent         I  [c]allowList : com.android.vending
2024-02-26 18:38:05.827  3475-3475  DMASA[D]                com.sec.android.diagmonagent         I  [c]allowList : com.yahoo.mobile.client.android.mail
2024-02-26 18:38:05.829  3475-3475  DMASA[D]                com.sec.android.diagmonagent         I  [c]allowList : com.samsung.diagmonagenttest
2024-02-26 18:38:05.830  3475-3475  DMASA[D]                com.sec.android.diagmonagent         I  [c]allowList : com.nhn.android.search
2024-02-26 18:38:05.831  3475-3475  DMASA[D]                com.sec.android.diagmonagent         I  [c]allowList : com.google.android.gms
2024-02-26 18:38:05.832  3475-3475  DMASA[D]                com.sec.android.diagmonagent         I  [c]allowList : com.instagram.android
2024-02-26 18:38:05.833  3475-3475  DMASA[D]                com.sec.android.diagmonagent         I  [c]allowList : com.google.android.apps.messaging
2024-02-26 18:38:05.833  3475-3475  DMASA[D]                com.sec.android.diagmonagent         I  [c]allowList : com.google.android.googlequicksearchbox
2024-02-26 18:38:05.834  3475-3475  DMASA[D]                com.sec.android.diagmonagent         I  [c]allowList : com.zhiliaoapp.musically
2024-02-26 18:38:05.834  3475-3475  DMASA[D]                com.sec.android.diagmonagent         I  [c]allowList : com.google.android.gm
2024-02-26 18:38:05.834  3475-3475  DMASA[D]                com.sec.android.diagmonagent         I  [c]allowList : com.kakao.talk
2024-02-26 18:38:05.835  3475-3475  DMASA[D]                com.sec.android.diagmonagent         I  [c]allowList : com.google.android.youtube
2024-02-26 18:38:05.835  3475-3475  DMASA[D]                com.sec.android.diagmonagent         I  [c]allowList : com.microsoft.office.outlook
2024-02-26 18:38:05.836  3475-3475  DMASA[D]                com.sec.android.diagmonagent         I  [c]allowList : com.facebook.orca
2024-02-26 18:38:05.836  3475-3475  DMASA[D]                com.sec.android.diagmonagent         I  [c]allowList : com.netflix.mediaclient
2024-02-26 18:38:05.838  3475-3475  DMASA[D]                com.sec.android.diagmonagent         W  [c]This app does not allow 3rd-party FC detection: com.blaucastmedia.dataquest.app
2024-02-26 18:38:05.851  1077-1077  Zygote                  pid-1077                             D  Forked child process 25345
2024-02-26 18:38:05.852  1396-1467  ActivityManager         system_server                        I  Start proc 25345:com.samsung.android.dqagent/1000 for broadcast {com.samsung.android.dqagent/com.samsung.android.dqagent.receiver.DQADataReceiver}
2024-02-26 18:38:05.866  3497-3497  SDHMS:BarT...r:AppError com.sec.android.sdhms                I  update AppError : uid=10308, pkg=com.blaucastmedia.dataquest.app, errorType=crash
2024-02-26 18:38:05.874  1396-1479  libprocessgroup         system_server                        W  Failed to open /dev/blkio//cgroup.procs: No such file or directory
2024-02-26 18:38:05.874  1396-1479  libprocessgroup         system_server                        W  Failed to open /dev/blkio//cgroup.procs: No such file or directory
2024-02-26 18:38:05.875  1396-1646  ActivityManager         system_server                        I  Changes in 10118 5 to 2, 8 to 15
2024-02-26 18:38:05.875  1396-1646  AppOps                  system_server                        I  updateUidProcState uid: 10118 procState: 2 capability:15
2024-02-26 18:38:05.884 25345-25345 android.dqagent         pid-25345                            I  Using CollectorTypeCC GC.
2024-02-26 18:38:05.886  3497-3497  SDHMS:BarT...r:AppError com.sec.android.sdhms                I  analyze app error : uid=10308, pkg=com.blaucastmedia.dataquest.app, appErrorCount=9
2024-02-26 18:38:05.897 25345-25345 android.dqagent         pid-25345                            E  Not starting debugger since process cannot load the jdwp agent.
2024-02-26 18:38:05.904 25345-25345 ActivityThread          pid-25345                            D  setConscryptValidator
2024-02-26 18:38:05.904 25345-25345 ActivityThread          pid-25345                            D  setConscryptValidator - put
2024-02-26 18:38:05.908  1396-1646  ActivityManager         system_server                        I  DSS OFF for com.samsung.android.dqagent
2024-02-26 18:38:05.918  1396-1646  WindowManager           system_server                        V  Setting visibility of Window{7998cb9 u0 com.samsung.android.app.spage}: true, caller=com.android.server.wm.WindowContainer.sendAppVisibilityToClients:1295 com.android.server.wm.WindowState.sendAppVisibilityToClients:4387 com.android.server.wm.WindowContainer.sendAppVisibilityToClients:1295 com.android.server.wm.WindowToken.setClientVisible:453 com.android.server.wm.ActivityRecord.setClientVisible:7946 
2024-02-26 18:38:05.918  1396-1646  WindowManager           system_server                        V  Setting visibility of Window{cc9ced3 u0 com.sec.android.app.launcher/com.sec.android.app.launcher.activities.LauncherActivity}: true, caller=com.android.server.wm.WindowContainer.sendAppVisibilityToClients:1295 com.android.server.wm.WindowToken.setClientVisible:453 com.android.server.wm.ActivityRecord.setClientVisible:7946 com.android.server.wm.ActivityRecord.setVisibility:6312 com.android.server.wm.ActivityRecord.setVisibility:6193 
2024-02-26 18:38:05.918  5949-5949  ViewRootImpl@c6c4d57[]  com.samsung.android.app.spage        I  handleAppVisibility mAppVisible = false visible = true
2024-02-26 18:38:05.919  2926-2926  ViewRootIm...rActivity] com.sec.android.app.launcher         I  handleAppVisibility mAppVisible = false visible = true
2024-02-26 18:38:05.919  1396-1646  WindowManagerServiceExt system_server                        D  notifyOccludeChangeNotice: reset caller=com.android.server.wm.WindowManagerServiceExt.updateOccludeTargetIfNeeded:1423 com.android.server.wm.DisplayContent.ensureActivitiesVisible:7598 com.android.server.wm.RootWindowContainer.ensureActivitiesVisible:2270 com.android.server.wm.RootWindowContainer.ensureActivitiesVisible:2251 com.android.server.wm.RootWindowContainer$AttachApplicationHelper.process:4362 
2024-02-26 18:38:05.920  2926-2926  Launcher                com.sec.android.app.launcher         I  onOccludeChangeNotice: cn = null, fullscreen: false
2024-02-26 18:38:05.920  2926-2926  Launcher                com.sec.android.app.launcher         I  onOccludeChangeNotice return by fullScreenView
2024-02-26 18:38:05.923 25345-25345 Compatibil...geReporter pid-25345                            D  Compat change id reported: 171979766; UID 1000; state: ENABLED
2024-02-26 18:38:05.954  1396-1646  InputMetho...gerService system_server                        D  removeClient
2024-02-26 18:38:05.955  1396-1646  InputTransport          system_server                        D  Input channel destroyed: 'ClientS', fd=551
2024-02-26 18:38:05.955  1396-1646  InputMetho...gerService system_server                        V  hideCurrentInputLocked : canceled, shouldHideSoftInput=false, mInputShown=false, mImeWindowVis=0
2024-02-26 18:38:05.955  1396-2263  ConnectivityService     system_server                        D  releasing NetworkRequest [ REQUEST id=330, [ Capabilities: INTERNET&NOT_RESTRICTED&TRUSTED&NOT_VCN_MANAGED Uid: 10308 RequestorUid: 10308 RequestorPkg: com.blaucastmedia.dataquest.app UnderlyingNetworks: Null] ] (release request)
2024-02-26 18:38:05.956  1396-3065  WindowManager           system_server                        I  WIN DEATH: Window{3023265 u0 com.blaucastmedia.dataquest.app/com.blaucastmedia.dataquest.app.MainActivity}
2024-02-26 18:38:05.956  1396-3065  InputTransport          system_server                        D  Input channel destroyed: '3023265', fd=964
2024-02-26 18:38:05.956  1396-3065  InputManager-JNI        system_server                        W  Input channel object '3023265 com.blaucastmedia.dataquest.app/com.blaucastmedia.dataquest.app.MainActivity (client)' was disposed without first being removed with the input manager!
2024-02-26 18:38:05.956  1396-3065  InputTransport          system_server                        D  Input channel destroyed: '3023265', fd=965
2024-02-26 18:38:05.956  1077-1077  Zygote                  pid-1077                             I  Process 25193 exited due to signal 9 (Killed)
2024-02-26 18:38:05.956  1396-2263  ConnectivityService     system_server                        D  releasing NetworkRequest [ REQUEST id=327, [ Capabilities: INTERNET&NOT_RESTRICTED&TRUSTED&NOT_VCN_MANAGED Uid: 10308 RequestorUid: 10308 RequestorPkg: com.blaucastmedia.dataquest.app UnderlyingNetworks: Null] ] (release request)
2024-02-26 18:38:05.957  1396-2377  ActivityManager         system_server                        I  Process com.blaucastmedia.dataquest.app (pid 25193) has died: prcp TOP (430,1513)
2024-02-26 18:38:05.957  1396-1477  libprocessgroup         system_server                        I  Successfully killed process cgroup uid 10308 pid 25193 in 0ms
2024-02-26 18:38:05.957  1396-1646  InputMetho...Controller system_server                        I  setCurrentMethodNotVisible: mVisibleBound=false, mHasConnection=true, caller = com.android.server.inputmethod.InputMethodManagerService.hideCurrentInputLocked:4300 com.android.server.inputmethod.InputMethodManagerService.removeClient:2807 com.android.server.inputmethod.InputMethodManagerService$ClientDeathRecipient.binderDied:679 android.os.IBinder$DeathRecipient.binderDied:323 android.os.BinderProxy.sendDeathNotice:781 <bottom of call stack> <bottom of call stack> <bottom of call stack> <bottom of call stack> <bottom of call stack> 
2024-02-26 18:38:05.958  1396-3065  WindowManager           system_server                        V  Remove Window{3023265 u0 com.blaucastmedia.dataquest.app/com.blaucastmedia.dataquest.app.MainActivity}: mSurfaceController=Surface(name=com.blaucastmedia.dataquest.app/com.blaucastmedia.dataquest.app.MainActivity$_25193)/@0xf7fcd23 mAnimatingExit=false mRemoveOnExit=false mHasSurface=true surfaceShowing=true animating=true app-animation=true mWillReplaceWindow=false mDisplayFrozen=false callers=com.android.server.wm.WindowState.-$$Nest$mremoveIfPossible:0 com.android.server.wm.WindowState$DeathRecipient.binderDied:4015 android.os.IBinder$DeathRecipient.binderDied:323 android.os.BinderProxy.sendDeathNotice:781 <bottom of call stack> <bottom of call stack> 
2024-02-26 18:38:05.961  1396-2377  ActivityManager         system_server                        W  Exception when unbinding service com.blaucastmedia.dataquest.app/org.chromium.content.app.SandboxedProcessService0:0
                                                                                                    android.os.DeadObjectException
                                                                                                    	at android.os.BinderProxy.transactNative(Native Method)
                                                                                                    	at android.os.BinderProxy.transact(BinderProxy.java:662)
                                                                                                    	at android.app.IApplicationThread$Stub$Proxy.scheduleUnbindService(IApplicationThread.java:1462)
                                                                                                    	at com.android.server.am.ActiveServices.removeConnectionLocked(ActiveServices.java:5197)
                                                                                                    	at com.android.server.am.ActiveServices.killServicesLocked(ActiveServices.java:5737)
                                                                                                    	at com.android.server.am.ActivityManagerService.cleanUpApplicationRecordLocked(ActivityManagerService.java:14812)
                                                                                                    	at com.android.server.am.ActivityManagerService.handleAppDiedLocked(ActivityManagerService.java:3871)
                                                                                                    	at com.android.server.am.ActivityManagerService.appDiedLocked(ActivityManagerService.java:4065)
                                                                                                    	at com.android.server.am.ActivityManagerService$AppDeathRecipient.binderDied(ActivityManagerService.java:1832)
                                                                                                    	at android.os.IBinder$DeathRecipient.binderDied(IBinder.java:323)
                                                                                                    	at android.os.BinderProxy.sendDeathNotice(BinderProxy.java:781)
2024-02-26 18:38:05.962  1396-2377  ActivityManager         system_server                        I  Killing 25239:com.google.android.webview:sandboxed_process0:org.chromium.content.app.SandboxedProcessService0:0/u0a308i5 (adj 900): isolated not needed
2024-02-26 18:38:05.962  1396-2377  ActivityManager         system_server                        I  Changes in 99005 3 to 19, 8 to 0
2024-02-26 18:38:05.963  1396-2377  WindowManager           system_server                        V  Cleaning splash screen token=ActivityRecord{1828009 u0 com.blaucastmedia.dataquest.app/.MainActivity} t198 f}}
2024-02-26 18:38:05.965  1396-2377  MARsPolicyManager       system_server                        V  Current Home Package com.sec.android.app.launcher Resumed
2024-02-26 18:38:05.965  1396-2377  MARsPolicyManager       system_server                        D  onPackageResumedFG pkgName = com.sec.android.app.launcher, userId = 0
2024-02-26 18:38:05.965  1396-2377  SemDvfsHyPerManager     system_server                        I  acquire hyper - AMS_APP_HOME/1396@22, type = -999
2024-02-26 18:38:05.965  1105-1165  HYPER-HAL               ven...amsung.hardware.hyper-service  I  [RequestManager.cpp]acquire(): Acquired ID : 1006093  [1396 / 22]    HINT : AMS_APP_HOME    list : 
2024-02-26 18:38:05.966  1105-1165  HYPER-HAL               ven...amsung.hardware.hyper-service  E  [HandlerSysfs.cpp]doResourceHandling(): Couldn't Open Sysfs - /sys/power/cstate_control
2024-02-26 18:38:05.967  3497-3497  SemDvfsHyPerManager     com.sec.android.sdhms                I  acquire hyper - APP_START_HOME/3497@13, type = -999
2024-02-26 18:38:05.969  1396-2377  ActivityMa...erformance system_server                        D  AMP_acquire() HOME
2024-02-26 18:38:05.969   559-559   lmkd                    lmkd                                 I  0(delay), 0(swap), 50(freelimit), 0(reentrymode) memory pressure events were skipped after a kill!
2024-02-26 18:38:05.970  1396-2377  WindowManager           system_server                        W  Prepare app transition: mNextAppTransitionRequests=[TRANSIT_CLOSE, TRANSIT_CLOSE, TRANSIT_OPEN], mNextAppTransitionFlags=TRANSIT_FLAG_KEYGUARD_GOING_AWAY_TO_LAUNCHER_WITH_IN_WINDOW_ANIMATIONS | TRANSIT_FLAG_APP_CRASHED, displayId: 0 Callers=com.android.server.wm.DisplayContent.prepareAppTransition:6543 com.android.server.wm.DisplayContent.prepareAppTransition:6534 com.android.server.wm.TaskFragment.resumeTopActivity:1638 com.android.server.wm.TaskFragment.resumeTopActivity:1354 com.android.server.wm.Task.resumeTopActivityInnerLocked:6685 
2024-02-26 18:38:05.970  1396-2377  ActivityTaskManager     system_server                        D  scheduleTopResumedActivityChanged, onTop=true r=ActivityRecord{c4eaf1f u0 com.sec.android.app.launcher/.activities.LauncherActivity} t187} caller=com.android.server.wm.ActivityTaskSupervisor.scheduleTopResumedActivityStateIfNeeded:2591 com.android.server.wm.ActivityTaskSupervisor.updateTopResumedActivityIfNeeded:2583 com.android.server.wm.TaskFragment.setResumedActivity:508 com.android.server.wm.TaskFragment.onActivityStateChanged:820 com.android.server.wm.ActivityRecord.setState:6643 com.android.server.wm.TaskFragment.resumeTopActivity:1684 
2024-02-26 18:38:05.972  2608-2608  Zygote                  webview_zygote                       I  Process 25239 exited cleanly (0)
2024-02-26 18:38:05.972  1105-1165  HYPER-HAL               ven...amsung.hardware.hyper-service  I  [RequestManager.cpp]acquire(): Acquired ID : 6161818  [3497 / 13]    HINT : APP_START    list : [KERNEL_APP_START_NOTIFY / 0] [TIMEOUT / 1500] 
2024-02-26 18:38:05.972  1396-2377  WindowManager           system_server                        V  rotationForOrientation(orient=SCREEN_ORIENTATION_UNSPECIFIED (-1), last=ROTATION_0 (0)); user=ROTATION_0 (0) USER_ROTATION_LOCKED
2024-02-26 18:38:05.972  1396-2377  WindowManager           system_server                        D  rotationForOrientation, orientationSource=ActivityRecord{c4eaf1f u0 com.sec.android.app.launcher/.activities.LauncherActivity} t187}
2024-02-26 18:38:05.972  1396-2377  WindowManager           system_server                        V  rotationForOrientation(orient=SCREEN_ORIENTATION_UNSPECIFIED (-1), last=ROTATION_0 (0)); user=ROTATION_0 (0) USER_ROTATION_LOCKED
2024-02-26 18:38:05.972  1396-2377  WindowManager           system_server                        D  rotationForOrientation, orientationSource=ActivityRecord{c4eaf1f u0 com.sec.android.app.launcher/.activities.LauncherActivity} t187}
2024-02-26 18:38:05.972  1396-2377  WindowManager           system_server                        V  Computed rotation=ROTATION_0 (0) for display id=0 based on lastOrientation=SCREEN_ORIENTATION_UNSPECIFIED (-1) and oldRotation=ROTATION_0 (0), caller=com.android.server.wm.DisplayRotation.updateOrientation:432 com.android.server.wm.DisplayContent.updateOrientation:2003 com.android.server.wm.DisplayContent.updateOrientation:1903 com.android.server.wm.RootWindowContainer.ensureVisibilityAndConfig:2161 com.android.server.wm.TaskFragment.resumeTopActivity:1707 com.android.server.wm.TaskFragment.resumeTopActivity:1354 
2024-02-26 18:38:05.973  1396-1477  libprocessgroup         system_server                        I  Successfully killed process cgroup uid 99005 pid 25239 in 10ms
2024-02-26 18:38:05.973  1396-2377  TspStateManager         system_server                        D  updateCustomValue customSetting=
2024-02-26 18:38:05.974  1396-2377  WindowManager           system_server                        V  rotationForOrientation(orient=SCREEN_ORIENTATION_UNSPECIFIED (-1), last=ROTATION_0 (0)); user=ROTATION_0 (0) USER_ROTATION_LOCKED
2024-02-26 18:38:05.974  1396-2377  WindowManager           system_server                        D  rotationForOrientation, orientationSource=ActivityRecord{c4eaf1f u0 com.sec.android.app.launcher/.activities.LauncherActivity} t187}
2024-02-26 18:38:05.974  1396-2377  TspStateManager         system_server                        D  updateCustomValue customSetting=
2024-02-26 18:38:05.974  2926-2926  ViewRootIm...rActivity] com.sec.android.app.launcher         I  stopped(false) old = true
2024-02-26 18:38:05.974  2926-2926  ViewRootIm...rActivity] com.sec.android.app.launcher         I  WindowStopped on com.sec.android.app.launcher/com.sec.android.app.launcher.activities.LauncherActivity set to false
2024-02-26 18:38:05.975  1396-2377  WindowManager           system_server                        W  Execute app transition: mNextAppTransitionRequests=[TRANSIT_CLOSE, TRANSIT_CLOSE, TRANSIT_OPEN], mNextAppTransitionFlags=TRANSIT_FLAG_KEYGUARD_GOING_AWAY_TO_LAUNCHER_WITH_IN_WINDOW_ANIMATIONS | TRANSIT_FLAG_APP_CRASHED, displayId: 0 Callers=com.android.server.wm.RootWindowContainer.executeAppTransitionForAllDisplay:2658 com.android.server.wm.ActivityTaskSupervisor.reportResumedActivityLocked:2343 com.android.server.wm.ActivityRecord.completeResumeLocked:7242 com.android.server.wm.TaskFragment.resumeTopActivity:1805 com.android.server.wm.TaskFragment.resumeTopActivity:1354 
2024-02-26 18:38:05.975  2926-2926  Launcher                com.sec.android.app.launcher         I  !@Boot_DEBUG: Launcher.onStart()
2024-02-26 18:38:05.975  2926-2926  Launcher                com.sec.android.app.launcher         I  !@Boot_EBS_D: Launcher.onStart()
2024-02-26 18:38:05.975  2926-2926  BaseActivity            com.sec.android.app.launcher         I  addActivityFlags, flags : 1
2024-02-26 18:38:05.975  2926-2926  WallpaperBlurController com.sec.android.app.launcher         I  dispatchTransactionSurface: mCurrentBlur = 150
2024-02-26 18:38:05.976  2926-2926  LauncherAppWidgetHost   com.sec.android.app.launcher         W  setShouldListenFlag, mFlags:2 flag:start on:true isFront:false
2024-02-26 18:38:05.976  2926-2926  Launcher                com.sec.android.app.launcher         W  onStart isListening : false isLoading false
2024-02-26 18:38:05.976  2926-2926  PageOverlayMover        com.sec.android.app.launcher         W  updateActivityLifecycleState : 1
2024-02-26 18:38:05.976  5949-6995  PageOverlayServiceImpl  com.samsung.android.app.spage        I  [FROM HOME] updateActivityLifecycleState : 1
2024-02-26 18:38:05.976  1396-2377  AppOps                  system_server                        I  updateUidProcState uid: 10211 procState: 5 capability:15
2024-02-26 18:38:05.976  1396-2377  ActivityManager         system_server                        I  updateOomAdj start time is before than pendingPid added, don't delete it
2024-02-26 18:38:05.977  1396-1459  GameSDK@LifeCycle       system_server                        I  noteResumeComponent(): package name  : com.sec.android.app.launcher
2024-02-26 18:38:05.977  1396-2299  CocktailBa...eContainer system_server                        I  handleMessage: entry what = 5
2024-02-26 18:38:05.978  1396-1459  SGM:FgCheckThread       system_server                        D  noteResumeComponent(), received pkgName: com.sec.android.app.launcher, userId: 0
2024-02-26 18:38:05.979  1396-4159  ActivityManager         system_server                        I  updateOomAdj start time is before than pendingPid added, don't delete it
2024-02-26 18:38:05.979  1396-1670  SGM:FgCheckThread       system_server                        D  onLooperPrepared(), msg: MSG_APP_RESUME, pkgName: com.sec.android.app.launcher, userid: 0
2024-02-26 18:38:05.979  1396-1670  SGM:FgCheckThread       system_server                        D  handleResume().
2024-02-26 18:38:05.980  1396-1670  SGM:FgCheckThread       system_server                        D  sendFocusOutConditionally() - mPrevNotiPkg: (unknown), userId: 0
2024-02-26 18:38:05.980  1396-1670  SGM:FgCheckThread       system_server                        D    handleResume(). pkgName: com.sec.android.app.launcher, userId: 0, isTunableApp: null
2024-02-26 18:38:05.980  1396-1670  SGM:FgCheckThread       system_server                        D  notifyFocusInOut(). of pkg: com.sec.android.app.launcher, type: 4, isTunableApp: false, userId: 0
2024-02-26 18:38:05.980  1396-1670  SGM:FgCheckThread       system_server                        D    notifyFocusInOut(). unexpected mPrevNotiType: -1
2024-02-26 18:38:05.980  1396-1670  SGM:SystemHelper        system_server                        D  callReleaseBlock needReleaseBlock:false
2024-02-26 18:38:05.980  1396-1487  BatteryExt...tatsWorker system_server                        D  update stats : remove-uid (1)
2024-02-26 18:38:05.981  2926-2926  MSHandlerLifeCycle      com.sec.android.app.launcher         I  removeMultiSplitHandler: no exist. decor=DecorView@712f1ea[LauncherActivity]
2024-02-26 18:38:05.981  2926-2926  ViewRootIm...rActivity] com.sec.android.app.launcher         I  stopped(false) old = false
2024-02-26 18:38:05.981  2926-2926  Launcher                com.sec.android.app.launcher         I  !@Boot_DEBUG: Launcher.onResume()
2024-02-26 18:38:05.981  7062-7062  ActivityUtils           com...ndroid.app.cocktailbarservice  I  HomePackage : com.sec.android.app.launcher, resumePackageName : com.sec.android.app.launcher
2024-02-26 18:38:05.981  2926-2926  Launcher                com.sec.android.app.launcher         I  !@Boot_EBS_D: Launcher.onResume()
2024-02-26 18:38:05.981  2926-2926  BaseActivity            com.sec.android.app.launcher         I  addActivityFlags, flags : 18
2024-02-26 18:38:05.981  2926-2926  BaseActivity            com.sec.android.app.launcher         I  removeActivityFlags, flags : 32
2024-02-26 18:38:05.982  1396-2860  AppOps                  system_server                        I  updateUidProcState uid: 10212 procState: 3 capability:15
2024-02-26 18:38:05.982  1396-2860  AppOps                  system_server                        I  updateUidProcState uid: 10211 procState: 3 capability:15
2024-02-26 18:38:05.982  1396-1479  libprocessgroup         system_server                        W  Failed to open /dev/blkio//cgroup.procs: No such file or directory
2024-02-26 18:38:05.982  2926-3248  IMM_LC                  com.sec.android.app.launcher         I  hsifw() - flag : 0
2024-02-26 18:38:05.982  2926-3248  IMM_LC                  com.sec.android.app.launcher         I  hsifw() - mService.hideSoftInput
2024-02-26 18:38:05.982  2926-2926  PageOverlayMover        com.sec.android.app.launcher         W  updateActivityLifecycleState : 2
2024-02-26 18:38:05.982  5949-6995  PageOverlayServiceImpl  com.samsung.android.app.spage        I  [FROM HOME] updateActivityLifecycleState : 2
2024-02-26 18:38:05.982  1396-2860  ActivityManager         system_server                        I  updateOomAdj start time is before than pendingPid added, don't delete it
2024-02-26 18:38:05.982  2926-2926  AppsSearchBar           com.sec.android.app.launcher         I  restoreCurrentCellLayoutAlpha: []
2024-02-26 18:38:05.983  2926-2926  AppsSearchBar           com.sec.android.app.launcher         I  mCurrentCellLayouts onAnimationEnd
2024-02-26 18:38:05.983  1396-2377  InputMetho...gerService system_server                        D  hideSoftInput
2024-02-26 18:38:05.983  2926-2926  PageOverlayMover        com.sec.android.app.launcher         W  isMoving : false
2024-02-26 18:38:05.983  1396-2377  InputMetho...gerService system_server                        W  Ignoring hideSoftInput of uid 10118: com.android.internal.view.IInputMethodClient$Stub$Proxy@a77fbd6
2024-02-26 18:38:05.983  5188-5188  dmae                    com....android.googlequicksearchbox  I  onStart
2024-02-26 18:38:05.984  2926-3251  LiveIconUp...entHandler com.sec.android.app.launcher         I  cancelDateChangeAlarm
2024-02-26 18:38:05.984  2926-2926  Launcher                com.sec.android.app.launcher         I  setWallpaperOffsets
2024-02-26 18:38:05.984  2926-12699 Launcher                com.sec.android.app.launcher         I  DisplayMetrics from Resources : DisplayMetrics{density=2.0, width=1200, height=1920, scaledDensity=2.0, xdpi=282.222, ydpi=283.534}
2024-02-26 18:38:05.984  2926-12699 Launcher                com.sec.android.app.launcher         I  realMetrics from Wm : DisplayMetrics{density=2.0, width=1200, height=1920, scaledDensity=2.0, xdpi=282.222, ydpi=283.534}
2024-02-26 18:38:05.985  2926-12699 Launcher                com.sec.android.app.launcher         I  Launcher DeviceProfile onResume availSize: 1200x1920 windowSize: 1200x1920 isLandscape: false
2024-02-26 18:38:05.985  1396-1396  Pageboost               system_server                        I  package null
2024-02-26 18:38:05.985  2926-3251  LiveIconUp...entHandler com.sec.android.app.launcher         I  setDateChangeAlarm Tue Feb 27 00:00:00 GMT-05:00 2024
2024-02-26 18:38:05.985  2926-2926  DecorView               com.sec.android.app.launcher         I  notifyKeepScreenOnChanged: keepScreenOn=false
2024-02-26 18:38:05.985  3132-3132  pageboostd              pageboostd                           E  Received HALT command code 2
2024-02-26 18:38:05.986  2926-2926  MSHandlerLifeCycle      com.sec.android.app.launcher         I  removeMultiSplitHandler: no exist. decor=DecorView@712f1ea[LauncherActivity]
2024-02-26 18:38:05.986  2926-2926  BaseActivity            com.sec.android.app.launcher         I  addActivityFlags, flags : 4
2024-02-26 18:38:05.986  2926-3251  LiveIconViewUpdater     com.sec.android.app.launcher         I  onUpdateLiveIcon - id : 28, itemType : 0
2024-02-26 18:38:05.986  2926-2926  Launcher                com.sec.android.app.launcher         I  onDeferredResumed
2024-02-26 18:38:05.987  2926-2926  InstallShortcutReceiver com.sec.android.app.launcher         I  flushInstallQueue 0
2024-02-26 18:38:05.987  2926-3251  LiveIconUp...entHandler com.sec.android.app.launcher         I  cancelMinuteChangeAlarm
2024-02-26 18:38:05.987  2926-2926  Launcher.N...onListener com.sec.android.app.launcher         I  registerObserver this is not notificationService!!
2024-02-26 18:38:05.987  2926-2926  Launcher.N...onListener com.sec.android.app.launcher         I  onNotificationFullRefresh
2024-02-26 18:38:05.987  2926-2926  BadgeCountUpdaterImpl   com.sec.android.app.launcher         I  onNotificationsChangedConnected
2024-02-26 18:38:05.987  2926-2926  LauncherAppWidgetHost   com.sec.android.app.launcher         W  setShouldListenFlag, mFlags:6 flag:resume on:true isFront:false
2024-02-26 18:38:05.988  2926-3251  LiveIconUp...entHandler com.sec.android.app.launcher         I  setMinuteChangeAlarm Mon Feb 26 18:39:00 GMT-05:00 2024
2024-02-26 18:38:05.988  1396-2860  AppWidgetServiceImpl    system_server                        I  startListening callbacks : com.android.internal.appwidget.IAppWidgetHost$Stub$Proxy@550c9b0
2024-02-26 18:38:05.988  2926-3251  LiveIconViewUpdater     com.sec.android.app.launcher         I  onUpdateLiveIcon - id : 59, itemType : 0
2024-02-26 18:38:05.988  2926-3251  LiveIconViewUpdater     com.sec.android.app.launcher         I  onUpdateLiveIcon - id : 61, itemType : 0
2024-02-26 18:38:05.988  2926-2926  LauncherAppWidgetHost   com.sec.android.app.launcher         W  startListening, mFlags:15 isFront:false
2024-02-26 18:38:05.989  2926-3249  InstallShortcutReceiver com.sec.android.app.launcher         I  flushQueueInBackground 0
2024-02-26 18:38:05.989  2926-3251  SPayUpdater             com.sec.android.app.launcher         I  updateSpayHandler, show = false, defaultPage = false
2024-02-26 18:38:05.989  5188-5188  dmae                    com....android.googlequicksearchbox  I  onResume
2024-02-26 18:38:05.992  2926-2926  ViewRootIm...rActivity] com.sec.android.app.launcher         I  performTraversals params={(0,0)(fillxfill) sim={adjust=nothing forwardNavigation} layoutInDisplayCutoutMode=shortEdges ty=BASE_APPLICATION fmt=TRANSPARENT wanim=0x10302f4
                                                                                                      fl=81910100
                                                                                                      pfl=1e020040
                                                                                                      vsysui=1700
                                                                                                      bhv=SHOW_TRANSIENT_BARS_BY_SWIPE
                                                                                                      fitSides= naviIconColor=0}
2024-02-26 18:38:05.992  2926-2926  ViewRootIm...rActivity] com.sec.android.app.launcher         I  performTraversals mFirst=false windowShouldResize=false viewVisibilityChanged=true mForceNextWindowRelayout=false params={(0,0)(fillxfill) sim={adjust=nothing forwardNavigation} layoutInDisplayCutoutMode=shortEdges ty=BASE_APPLICATION fmt=TRANSPARENT wanim=0x10302f4
                                                                                                      fl=81910100
                                                                                                      pfl=1e020040
                                                                                                      vsysui=1700
                                                                                                      bhv=SHOW_TRANSIENT_BARS_BY_SWIPE
                                                                                                      fitSides= naviIconColor=0}
2024-02-26 18:38:05.992  1396-2377  WindowManager           system_server                        V  Relayout Window{cc9ced3 u0 com.sec.android.app.launcher/com.sec.android.app.launcher.activities.LauncherActivity}: viewVisibility=0 req=1200x1920 d0
2024-02-26 18:38:05.992  1396-2377  RestrictionPolicy       system_server                        D  isScreenCaptureEnabled : ret=true userId=0
2024-02-26 18:38:05.993  1166-1363  SurfaceFlinger          surfaceflinger                       I  id=705 createSurf flag=40004, com.sec.android.app.launcher/com.sec.android.app.launcher.activities.LauncherActivity$_2926#705
2024-02-26 18:38:05.993  1396-2377  WindowManager           system_server                        D  makeSurface duration=1 name=com.sec.android.app.launcher/com.sec.android.app.launcher.activities.LauncherActivity$_2926
2024-02-26 18:38:05.996  1396-4159  DropBoxManagerService   system_server                        I  add tag=platform_stats_bookmark isTagEnabled=true flags=0x2
2024-02-26 18:38:05.996 25345-25345 DIAGMON_SDK[605054]     com.samsung.android.dqagent          I  DiagMonAgent type: 2
2024-02-26 18:38:05.996  1396-2377  WindowManager           system_server                        V  Changing focus from null to Window{cc9ced3 u0 com.sec.android.app.launcher/com.sec.android.app.launcher.activities.LauncherActivity} displayId=0 Callers=com.android.server.wm.RootWindowContainer.updateFocusedWindowLocked:602 com.android.server.wm.WindowManagerService.updateFocusedWindowLocked:6862 com.android.server.wm.WindowManagerService.relayoutWindow:2832 com.android.server.wm.Session.relayout:275 
2024-02-26 18:38:05.996 25345-25345 DIAGMON_SD...99-549750] com.samsung.android.dqagent          I  generated SR object
2024-02-26 18:38:05.997  2926-3249  Launcher.N...onListener com.sec.android.app.launcher         I  notificationIsValidForUI : com.google.android.gms missingTitleAndText : false isGroupHeader : false
2024-02-26 18:38:05.997  2926-3249  Launcher.N...onListener com.sec.android.app.launcher         I  notificationIsValidForUI : com.google.android.gms missingTitleAndText : false isGroupHeader : false
2024-02-26 18:38:05.997  1396-2377  WindowManager           system_server                        I  Cancelling animation restarting=true, leash=Surface(name=Surface(name=866fe02 StatusBar)/@0xae7ad6f - animation-leash of insets_animation)/@0xfd5378c
2024-02-26 18:38:05.997  1396-2377  WindowManager           system_server                        I  Reparenting to original parent: Surface(name=WindowToken{3b7b34d type=2000 android.os.BinderProxy@ec06677})/@0x974ff05, destroy=false, surface=Surface(name=866fe02 StatusBar)/@0xae7ad6f
2024-02-26 18:38:05.997  1396-2377  WindowManager           system_server                        I  Reparenting to leash, surface=Surface(name=866fe02 StatusBar)/@0xae7ad6f, leashParent=Surface(name=WindowToken{3b7b34d type=2000 android.os.BinderProxy@ec06677})/@0x974ff05
2024-02-26 18:38:05.997  2926-3249  Launcher.N...onListener com.sec.android.app.launcher         I  Full refresh isConnected : true active size : 2
2024-02-26 18:38:05.997  1166-1363  SurfaceFlinger          surfaceflinger                       I  id=706 createSurf flag=24000, Surface(name=866fe02 StatusBar)/@0xae7ad6f - animation-leash of insets_animation#706
2024-02-26 18:38:05.998  1396-2377  WindowManager           system_server                        D  makeSurface duration=1 leash=Surface(name=Surface(name=866fe02 StatusBar)/@0xae7ad6f - animation-leash of insets_animation)/@0x1f8290c
2024-02-26 18:38:05.999  1396-2377  WindowManager           system_server                        D  updateSystemBarAttributes: displayId=0, win=Window{cc9ced3 u0 com.sec.android.app.launcher/com.sec.android.app.launcher.activities.LauncherActivity}, navColorWin=null, focusedCanBeNavColorWin=false, behavior=2, appearance=0, statusBarAppearanceRegions=[AppearanceRegion{ bounds=[0,0][1200,1920]}], requestedVisibilities=, from=com.android.server.wm.DisplayPolicy.focusChangedLw:3389 com.android.server.wm.DisplayContent.updateFocusedWindowLocked:4664 com.android.server.wm.RootWindowContainer.updateFocusedWindowLocked:602 
2024-02-26 18:38:05.999  1396-2377  StatusBarManagerService system_server                        D  notifyRequestedSystemKey recent=false home=false
2024-02-26 18:38:06.000  5357-5629  KnoxHelper              com.google.android.as                D  getActivityList callingUserId: 0, target user: 0
2024-02-26 18:38:06.000  1396-2377  WindowManager           system_server                        V  Relayout hash=cc9ced3, pid=2926, syncId=-1: mAttrs={(0,0)(fillxfill) sim={adjust=nothing forwardNavigation} layoutInDisplayCutoutMode=shortEdges ty=BASE_APPLICATION fmt=TRANSPARENT wanim=0x10302f4
                                                                                                      fl=81910100
                                                                                                      pfl=1e020040
                                                                                                      vsysui=1700
                                                                                                      bhv=SHOW_TRANSIENT_BARS_BY_SWIPE
                                                                                                      fitSides= naviIconColor=0}
2024-02-26 18:38:06.002  2926-2926  ViewRootIm...rActivity] com.sec.android.app.launcher         I  updateBlastSurfaceIfNeeded mBlastBufferQueue=null isSameSurfaceControl=false
2024-02-26 18:38:06.002  1396-3065  ActivityManager         system_server                        I  updateOomAdj start time is before than pendingPid added, don't delete it
2024-02-26 18:38:06.002  2926-2926  BLASTBufferQueue        com.sec.android.app.launcher         I  new BLASTBufferQueue, mName= ViewRootImpl@b6fff81[LauncherActivity] mNativeObject= 0x78e5085000 sc.mNativeObject= 0x78e51b7b80 caller= android.view.ViewRootImpl.updateBlastSurfaceIfNeeded:2939 android.view.ViewRootImpl.relayoutWindow:9990 android.view.ViewRootImpl.performTraversals:3919 android.view.ViewRootImpl.doTraversal:3151 android.view.ViewRootImpl$TraversalRunnable.run:11068 android.view.Choreographer$CallbackRecord.run:1321 android.view.Choreographer$CallbackRecord.run:1329 android.view.Choreographer.doCallbacks:930 android.view.Choreographer.doFrame:859 android.view.Choreographer$FrameDisplayEventReceiver.run:1303 
2024-02-26 18:38:06.002  2926-2926  BLASTBufferQueue        com.sec.android.app.launcher         I  update, w= 1200 h= 1920 mName = ViewRootImpl@b6fff81[LauncherActivity] mNativeObject= 0x78e5085000 sc.mNativeObject= 0x78e51b7b80 format= -2 caller= android.graphics.BLASTBufferQueue.<init>:84 android.view.ViewRootImpl.updateBlastSurfaceIfNeeded:2939 android.view.ViewRootImpl.relayoutWindow:9990 android.view.ViewRootImpl.performTraversals:3919 android.view.ViewRootImpl.doTraversal:3151 android.view.ViewRootImpl$TraversalRunnable.run:11068 
2024-02-26 18:38:06.003  2926-2926  ViewRootIm...rActivity] com.sec.android.app.launcher         I  Relayout returned: old=(0,0,1200,1920) new=(0,0,1200,1920) req=(1200,1920)0 dur=10 res=0x3 s={true 0x78dc9b9000} ch=true seqId=0
2024-02-26 18:38:06.003  2926-2926  ViewRootIm...rActivity] com.sec.android.app.launcher         I  mThreadedRenderer.initialize() mSurface={isValid=true 0x78dc9b9000} hwInitialized=true
2024-02-26 18:38:06.004  2926-2926  ViewRootIm...rActivity] com.sec.android.app.launcher         I  reportNextDraw android.view.ViewRootImpl.performTraversals:4473 android.view.ViewRootImpl.doTraversal:3151 android.view.ViewRootImpl$TraversalRunnable.run:11068 android.view.Choreographer$CallbackRecord.run:1321 android.view.Choreographer$CallbackRecord.run:1329 
2024-02-26 18:38:06.004  2926-2926  ViewRootIm...rActivity] com.sec.android.app.launcher         I  Setup new sync id=7
2024-02-26 18:38:06.004  2926-2926  ViewRootIm...rActivity] com.sec.android.app.launcher         I  Setting syncFrameCallback
2024-02-26 18:38:06.004  2926-2926  ViewRootIm...rActivity] com.sec.android.app.launcher         I  registerCallbacksForSync syncBuffer=false
2024-02-26 18:38:06.008  2926-5209  ViewRootIm...rActivity] com.sec.android.app.launcher         I  Received frameDrawingCallback syncResult=0 frameNum=1.
2024-02-26 18:38:06.008  2926-5209  ViewRootIm...rActivity] com.sec.android.app.launcher         I  Setting up sync and frameCommitCallback
2024-02-26 18:38:06.008  1396-3065  BroadcastQueue          system_server                        W  Background execution not allowed: receiving Intent { act=android.intent.action.DROPBOX_ENTRY_ADDED flg=0x10 (has extras) } to com.google.android.gms/.chimera.GmsIntentOperationService$PersistentTrustedReceiver
2024-02-26 18:38:06.009  1396-2860  ActivityManager         system_server                        I  updateOomAdj start time is before than pendingPid added, don't delete it
2024-02-26 18:38:06.010  1396-1466  BroadcastQueue          system_server                        W  Background execution not allowed: receiving Intent { act=android.intent.action.DROPBOX_ENTRY_ADDED flg=0x10 (has extras) } to com.google.android.gms/.stats.service.DropBoxEntryAddedReceiver
2024-02-26 18:38:06.010  1396-1460  WindowManager           system_server                        W  Failed to deliver inset state change to w=Window{3023265 u0 com.blaucastmedia.dataquest.app/com.blaucastmedia.dataquest.app.MainActivity EXITING}
                                                                                                    android.os.DeadObjectException
                                                                                                    	at android.os.BinderProxy.transactNative(Native Method)
                                                                                                    	at android.os.BinderProxy.transact(BinderProxy.java:662)
                                                                                                    	at android.view.IWindow$Stub$Proxy.insetsControlChanged(IWindow.java:612)
