                                                                                                    	at com.android.server.wm.WindowState.notifyInsetsControlChanged(WindowState.java:5007)
                                                                                                    	at com.android.server.wm.InsetsStateController.lambda$notifyPendingInsetsControlChanged$5(InsetsStateController.java:402)
                                                                                                    	at com.android.server.wm.InsetsStateController.$r8$lambda$ni7v3ZO6TRbLZqXOFahDjPeXTS0(Unknown Source:0)
                                                                                                    	at com.android.server.wm.InsetsStateController$$ExternalSyntheticLambda4.run(Unknown Source:2)
                                                                                                    	at com.android.server.wm.WindowAnimator.executeAfterPrepareSurfacesRunnables(WindowAnimator.java:345)
                                                                                                    	at com.android.server.wm.WindowAnimator.animate(WindowAnimator.java:226)
                                                                                                    	at com.android.server.wm.WindowAnimator.lambda$new$1(WindowAnimator.java:106)
                                                                                                    	at com.android.server.wm.WindowAnimator.$r8$lambda$fo2Nk5bb9hY3lvmHsTnTEwtZMbI(Unknown Source:0)
                                                                                                    	at com.android.server.wm.WindowAnimator$$ExternalSyntheticLambda1.doFrame(Unknown Source:2)
                                                                                                    	at android.view.Choreographer$CallbackRecord.run(Choreographer.java:1319)
                                                                                                    	at android.view.Choreographer$CallbackRecord.run(Choreographer.java:1329)
                                                                                                    	at android.view.Choreographer.doCallbacks(Choreographer.java:930)
                                                                                                    	at android.view.Choreographer.doFrame(Choreographer.java:854)
                                                                                                    	at android.view.Choreographer$FrameDisplayEventReceiver.run(Choreographer.java:1303)
                                                                                                    	at android.os.Handler.handleCallback(Handler.java:942)
                                                                                                    	at android.os.Handler.dispatchMessage(Handler.java:99)
                                                                                                    	at android.os.Looper.loopOnce(Looper.java:226)
                                                                                                    	at android.os.Looper.loop(Looper.java:313)
                                                                                                    	at android.os.HandlerThread.run(HandlerThread.java:67)
                                                                                                    	at com.android.server.ServiceThread.run(ServiceThread.java:44)
2024-02-26 18:38:06.012  1396-2704  MdnieScena...rolService system_server                        D   packageName : com.sec.android.app.launcher    className : com.android.launcher3.uioverrides.QuickstepLauncher
2024-02-26 18:38:06.013  1396-2704  MdnieScena...rolService system_server                        V  setUIMode from UI function(3)
2024-02-26 18:38:06.016  1396-3065  ActivityManager         system_server                        I  updateOomAdj start time is before than pendingPid added, don't delete it
2024-02-26 18:38:06.017  2926-3836  BLASTBufferQueue        com.sec.android.app.launcher         I  [ViewRootImpl@b6fff81[LauncherActivity]#7](f:0,a:0,s:0) onFrameAvailable the first frame is available
2024-02-26 18:38:06.017  1396-1479  libprocessgroup         system_server                        W  Failed to open /dev/blkio//cgroup.procs: No such file or directory
2024-02-26 18:38:06.017  1396-3065  ActivityManager         system_server                        I  updateOomAdj start time is before than pendingPid added, don't delete it
2024-02-26 18:38:06.018  2926-3836  ViewRootIm...rActivity] com.sec.android.app.launcher         I  Received frameCommittedCallback lastAttemptedDrawFrameNum=1 didProduceBuffer=true
2024-02-26 18:38:06.019  2926-2926  ViewRootIm...rActivity] com.sec.android.app.launcher         I  onSyncComplete
2024-02-26 18:38:06.019  2926-2926  ViewRootIm...rActivity] com.sec.android.app.launcher         I  setupSync seqId=0 mSyncId=7 fn=1 caller=android.view.ViewRootImpl$$ExternalSyntheticLambda11.accept:6 android.window.SurfaceSyncer.lambda$setupSync$1$android-window-SurfaceSyncer:168 android.window.SurfaceSyncer$$ExternalSyntheticLambda1.accept:8 android.window.SurfaceSyncer$SyncSet.checkIfSyncIsComplete:495 android.window.SurfaceSyncer$SyncSet.markSyncReady:454 android.window.SurfaceSyncer.markSyncReady:191 android.view.ViewRootImpl.performTraversals:4538 
2024-02-26 18:38:06.019  2926-2926  ViewRootIm...rActivity] com.sec.android.app.launcher         I  reportDrawFinished seqId=0 mSyncId=-1 fn=1 mSurfaceChangedTransaction=0x78e5e6fd00
2024-02-26 18:38:06.020  2926-2926  PopupDataProvider       com.sec.android.app.launcher         I  onNotificationFullRefresh prev dotInfoSize : 1
2024-02-26 18:38:06.020  2926-2926  PopupDataProvider       com.sec.android.app.launcher         I  refresh badge  package : com.google.android.gms count : 2
2024-02-26 18:38:06.020  1396-2377  WindowManager           system_server                        D  finishDrawingWindow: Window{cc9ced3 u0 com.sec.android.app.launcher/com.sec.android.app.launcher.activities.LauncherActivity} mDrawState=DRAW_PENDING seqId=0
2024-02-26 18:38:06.021  1396-1460  WindowManager           system_server                        V  Setting visibility of Window{9446c11 u0 com.android.systemui.ImageWallpaper}: true, caller=com.android.server.wm.WindowContainer.sendAppVisibilityToClients:1295 com.android.server.wm.WindowToken.setClientVisible:453 com.android.server.wm.WallpaperWindowToken.setVisible:160 com.android.server.wm.WallpaperWindowToken.commitVisibility:202 com.android.server.wm.WallpaperWindowToken.setVisibility:187 
2024-02-26 18:38:06.021  2402-2483  WallpaperService        com.android.systemui                 D  dispatchAppVisibility onVisibilityChanged(): true
2024-02-26 18:38:06.022  2402-2402  WallpaperService        com.android.systemui                 D  updateSurface forceRelayout=true forceReport=false redrawNeeded=false myWidth=1920 myHeight=1920 fixedSize=true x = 0 y = 0 mWidth=1920 mHeight=1920 mIsSleepMode=false
2024-02-26 18:38:06.022  2402-2402  WallpaperService        com.android.systemui                 D  maxBounds : Rect(0, 0 - 1200, 1920) , mDeviceHeight : 1920, mDeviceWidth : 1200,mDeviceRotation  : 0
2024-02-26 18:38:06.023  3475-3528  DMASA[D][9...99-549750] com.sec.android.diagmonagent         I  [DiagmonProvider]Received msg based on provider : true / anr_logging
2024-02-26 18:38:06.023  1396-1460  WindowManager           system_server                        D  Loading animation for app transition. transit=TRANSIT_OLD_CRASHING_ACTIVITY_CLOSE enter=false frame=Rect(0, 0 - 1200, 1920) insets=Rect(0, 0 - 0, 0) surfaceInsets=Rect(0, 0 - 0, 0)
2024-02-26 18:38:06.023  1396-1460  WindowManager           system_server                        D  Loading animation for app transition. transit=TRANSIT_OLD_CRASHING_ACTIVITY_CLOSE enter=true frame=Rect(0, 0 - 1200, 1920) insets=Rect(0, 48 - 0, 0) surfaceInsets=Rect(0, 0 - 0, 0)
2024-02-26 18:38:06.023  1166-1166  Layer                   surfaceflinger                       I  id=701 removeFromCurrentState Surface(name=866fe02 StatusBar)/@0xae7ad6f - animation-leash of insets_animation#701 (106)
2024-02-26 18:38:06.024  1166-1166  SurfaceFlinger          surfaceflinger                       D  [input] inputWindowCommands.focusRequests size is 1
2024-02-26 18:38:06.024  1166-1166  Layer                   surfaceflinger                       D  [SEC_SF_EFFECTS] setBlurRegions ## {radius=150u, cornerRadii=[0.000000, 0.000000, 0.000000, 0.000000], alpha=3.000000, rect=[0, 0, 1200, 1920]
2024-02-26 18:38:06.024  1166-1709  NativeSemDvfsManager    surfaceflinger                       D  acquire:: timeout = 2000 mIsAcquired = 1  mTagName : SurfaceFlinger 
2024-02-26 18:38:06.024  1166-1709  NativeCust...ncyManager surfaceflinger                       E  [NativeCFMS] BpCustomFrequencyManager::acquire()
2024-02-26 18:38:06.024  1105-1165  HYPER-HAL               ven...amsung.hardware.hyper-service  I  [RequestManager.cpp]acquire(): Acquired ID : 2347861  [1166 / 1000]    HINT : SF_GPU_MINLOCK    list : [TIMEOUT / 2000] 
2024-02-26 18:38:06.024  1166-1166  SurfaceFlinger          surfaceflinger                       I  id=701 Removed Surface(name=866fe02 StatusBar)/@0xae7ad6f - animation-leash of insets_animation#701 (106)
2024-02-26 18:38:06.025  1166-1166  Layer                   surfaceflinger                       I  id=701 Destroyed Surface(name=866fe02 StatusBar)/@0xae7ad6f - animation-leash of insets_animation#701
2024-02-26 18:38:06.025  1396-1460  WindowManager           system_server                        V  Setting visibility of Window{3023265 u0 com.blaucastmedia.dataquest.app/com.blaucastmedia.dataquest.app.MainActivity EXITING}: false, caller=com.android.server.wm.WindowContainer.sendAppVisibilityToClients:1295 com.android.server.wm.WindowToken.setClientVisible:453 com.android.server.wm.ActivityRecord.setClientVisible:7946 com.android.server.wm.ActivityRecord.onAnimationFinished:8885 com.android.server.wm.ActivityRecord.postApplyAnimation:6489 
2024-02-26 18:38:06.025  3475-3528  DMASA[D][9...99-549750] com.sec.android.diagmonagent         I  [DiagmonProvider]Signature Check Success
2024-02-26 18:38:06.025  1396-1460  WindowManager           system_server                        W  Exception thrown during dispatchAppVisibility Window{3023265 u0 com.blaucastmedia.dataquest.app/com.blaucastmedia.dataquest.app.MainActivity EXITING}
                                                                                                    android.os.DeadObjectException
                                                                                                    	at android.os.BinderProxy.transactNative(Native Method)
                                                                                                    	at android.os.BinderProxy.transact(BinderProxy.java:662)
                                                                                                    	at android.view.IWindow$Stub$Proxy.dispatchAppVisibility(IWindow.java:675)
                                                                                                    	at com.android.server.wm.WindowState.sendAppVisibilityToClients(WindowState.java:4407)
                                                                                                    	at com.android.server.wm.WindowContainer.sendAppVisibilityToClients(WindowContainer.java:1295)
                                                                                                    	at com.android.server.wm.WindowToken.setClientVisible(WindowToken.java:453)
                                                                                                    	at com.android.server.wm.ActivityRecord.setClientVisible(ActivityRecord.java:7946)
                                                                                                    	at com.android.server.wm.ActivityRecord.onAnimationFinished(ActivityRecord.java:8885)
                                                                                                    	at com.android.server.wm.ActivityRecord.postApplyAnimation(ActivityRecord.java:6489)
                                                                                                    	at com.android.server.wm.ActivityRecord.commitVisibility(ActivityRecord.java:6461)
                                                                                                    	at com.android.server.wm.ActivityRecord.commitVisibility(ActivityRecord.java:6465)
                                                                                                    	at com.android.server.wm.AppTransitionController.handleClosingApps(AppTransitionController.java:1362)
                                                                                                    	at com.android.server.wm.AppTransitionController.handleAppTransitionReady(AppTransitionController.java:329)
                                                                                                    	at com.android.server.wm.RootWindowContainer.checkAppTransitionReady(RootWindowContainer.java:1197)
                                                                                                    	at com.android.server.wm.RootWindowContainer.performSurfacePlacementNoTrace(RootWindowContainer.java:1030)
                                                                                                    	at com.android.server.wm.RootWindowContainer.performSurfacePlacement(RootWindowContainer.java:958)
                                                                                                    	at com.android.server.wm.WindowSurfacePlacer.performSurfacePlacementLoop(WindowSurfacePlacer.java:185)
                                                                                                    	at com.android.server.wm.WindowSurfacePlacer.performSurfacePlacement(WindowSurfacePlacer.java:134)
                                                                                                    	at com.android.server.wm.WindowSurfacePlacer.performSurfacePlacement(WindowSurfacePlacer.java:123)
                                                                                                    	at com.android.server.wm.WindowSurfacePlacer$Traverser.run(WindowSurfacePlacer.java:65)
                                                                                                    	at android.os.Handler.handleCallback(Handler.java:942)
                                                                                                    	at android.os.Handler.dispatchMessage(Handler.java:99)
                                                                                                    	at android.os.Looper.loopOnce(Looper.java:226)
                                                                                                    	at android.os.Looper.loop(Looper.java:313)
                                                                                                    	at android.os.HandlerThread.run(HandlerThread.java:67)
                                                                                                    	at com.android.server.ServiceThread.run(ServiceThread.java:44)
2024-02-26 18:38:06.026  1396-1460  WindowManager           system_server                        E  win=Window{3023265 u0 com.blaucastmedia.dataquest.app/com.blaucastmedia.dataquest.app.MainActivity EXITING} destroySurfaces: appStopped=false cleanupOnResume=false win.mWindowRemovalAllowed=true win.mRemoveOnExit=true win.mViewVisibility=0 caller=com.android.server.wm.ActivityRecord.destroySurfaces:6776 com.android.server.wm.ActivityRecord.destroySurfaces:6757 com.android.server.wm.WindowState.onExitAnimationDone:6224 com.android.server.wm.ActivityRecord$$ExternalSyntheticLambda11.accept:2 java.util.ArrayList.forEach:1528 com.android.server.wm.ActivityRecord.onAnimationFinished:8902 com.android.server.wm.ActivityRecord.postApplyAnimation:6489 
2024-02-26 18:38:06.026  1166-1292  SurfaceFlinger          surfaceflinger                       D  [input] setFocusedWindow: cc9ced3 com.sec.android.app.launcher/com.sec.android.app.launcher.activities.LauncherActivity
2024-02-26 18:38:06.026  1396-1460  WindowManager           system_server                        I  Destroying surface Surface(name=com.blaucastmedia.dataquest.app/com.blaucastmedia.dataquest.app.MainActivity$_25193)/@0xf7fcd23 called by com.android.server.wm.WindowStateAnimator.destroySurface:951 com.android.server.wm.WindowStateAnimator.destroySurfaceLocked:537 com.android.server.wm.WindowState.destroySurfaceUnchecked:4513 com.android.server.wm.WindowState.destroySurface:4487 com.android.server.wm.ActivityRecord.destroySurfaces:6776 com.android.server.wm.ActivityRecord.destroySurfaces:6757 com.android.server.wm.WindowState.onExitAnimationDone:6224 com.android.server.wm.ActivityRecord$$ExternalSyntheticLambda11.accept:2 
2024-02-26 18:38:06.026  1396-2377  InputDispatcher         system_server                        D  Focus request (0): cc9ced3 com.sec.android.app.launcher/com.sec.android.app.launcher.activities.LauncherActivity but waiting because NOT_VISIBLE
2024-02-26 18:38:06.027  1396-1460  RestrictionPolicy       system_server                        D  isScreenCaptureEnabled : ret=true userId=0
2024-02-26 18:38:06.027  1396-1460  WindowManager           system_server                        I  Cancelling animation restarting=true, leash=Surface(name=Surface(name=73dbcfb InputMethod)/@0xcb39771 - animation-leash of insets_animation)/@0x65cd3c0
2024-02-26 18:38:06.027  1396-1460  WindowManager           system_server                        I  Reparenting to original parent: Surface(name=WindowToken{91a4f18 type=2011 android.os.Binder@2cbe2fb})/@0x3021956, destroy=false, surface=Surface(name=73dbcfb InputMethod)/@0xcb39771
2024-02-26 18:38:06.027  1396-1460  WindowManager           system_server                        I  Reparenting to leash, surface=Surface(name=73dbcfb InputMethod)/@0xcb39771, leashParent=Surface(name=WindowToken{91a4f18 type=2011 android.os.Binder@2cbe2fb})/@0x3021956
2024-02-26 18:38:06.027  1166-1363  SurfaceFlinger          surfaceflinger                       I  id=707 createSurf flag=24004, Surface(name=73dbcfb InputMethod)/@0xcb39771 - animation-leash of insets_animation#707
2024-02-26 18:38:06.028  1396-1460  WindowManager           system_server                        D  makeSurface duration=1 leash=Surface(name=Surface(name=73dbcfb InputMethod)/@0xcb39771 - animation-leash of insets_animation)/@0xb339d0e
2024-02-26 18:38:06.028  1396-1460  WindowManager           system_server                        V  Nulling last startingData
2024-02-26 18:38:06.028  1396-1460  ActivityTaskManager     system_server                        D  mStartingWindow and mStartingData is null for token=ActivityRecord{c4eaf1f u0 com.sec.android.app.launcher/.activities.LauncherActivity} t187}
2024-02-26 18:38:06.028  1396-1460  WindowManager           system_server                        V  performShowLocked: mDrawState=HAS_DRAWN in Window{cc9ced3 u0 com.sec.android.app.launcher/com.sec.android.app.launcher.activities.LauncherActivity}
2024-02-26 18:38:06.029  2926-2926  Launcher                com.sec.android.app.launcher         W  onEnterAnimationComplete
2024-02-26 18:38:06.029  2926-2926  Launcher                com.sec.android.app.launcher         W  onEnterAnimationComplete
2024-02-26 18:38:06.030  1166-1363  SurfaceFlinger          surfaceflinger                       I  id=708 createSurf flag=80000, 1ab32be ActivityRecordInputSink com.sec.android.app.launcher/com.android.launcher3.uioverrides.QuickstepLauncher#708
2024-02-26 18:38:06.030  1396-1487  BatteryExt...tatsWorker system_server                        D  Update CPU state
2024-02-26 18:38:06.030  2926-3249  LauncherActivityInfo    com.sec.android.app.launcher         I  Trying to load live icon for com.samsung.android.calendar
2024-02-26 18:38:06.030  1396-1487  BatteryExt...tatsWorker system_server                        D  mStats lock released
2024-02-26 18:38:06.030  1396-1487  BatteryExt...tatsWorker system_server                        D  done updateExternalStatsLocked
2024-02-26 18:38:06.032  2402-2466  Bubbles                 com.android.systemui                 D  onLocusVisibilityChanged: LocusId[17_chars] visible=true
2024-02-26 18:38:06.033  1396-2942  WindowManager           system_server                        V  Relayout Window{9446c11 u0 com.android.systemui.ImageWallpaper}: viewVisibility=0 req=1920x1920 d0
2024-02-26 18:38:06.035  1166-1363  SurfaceFlinger          surfaceflinger                       I  id=505 Removed Surface(name=73dbcfb InputMethod)/@0xcb39771 - animation-leash of insets_animation#505 (107)
2024-02-26 18:38:06.035  1396-1459  ActivityManager         system_server                        W  setHasOverlayUi called on unknown pid: 25193
2024-02-26 18:38:06.036  1396-2942  WindowManager           system_server                        V  Relayout hash=9446c11, pid=2402, syncId=-1: mAttrs={(0,0)(1920x1920) gr=TOP START CENTER layoutInDisplayCutoutMode=always ty=WALLPAPER fmt=RGBX_8888 wanim=0x103031a
                                                                                                      fl=14318
                                                                                                      pfl=2000014
                                                                                                      bhv=DEFAULT naviIconColor=0}
2024-02-26 18:38:06.036  2402-2402  BLASTBufferQueue        com.android.systemui                 I  update, w= 1920 h= 1920 mName = Wallpaper mNativeObject= 0x78ae4eb100 sc.mNativeObject= 0x78adff39e0 format= 2 caller= android.service.wallpaper.WallpaperService$Engine.getOrCreateBLASTSurface:2603 android.service.wallpaper.WallpaperService$Engine.updateSurface:1534 android.service.wallpaper.WallpaperService$Engine.reportVisibility:1930 android.service.wallpaper.WallpaperService$Engine.doVisibilityChanged:1900 android.service.wallpaper.WallpaperService$IWallpaperEngineWrapper.executeMessage:2870 com.android.internal.os.HandlerCaller$MyHandler.handleMessage:44 
2024-02-26 18:38:06.036  2402-2402  WallpaperService        com.android.systemui                 D  reportVisibility onVisibilityChanged visible: true
2024-02-26 18:38:06.037  1166-1187  SurfaceFlinger          surfaceflinger                       I  id=709 createSurf flag=24004, Task=198#709
2024-02-26 18:38:06.037  2402-2525  ImageWallp...[GLEngine] com.android.systemui                 I   onVisibilityChanged true , 0
2024-02-26 18:38:06.037  1396-2942  WALLPAPER_...gerService system_server                        D  getWallpaperSafeLocked, userId = 0, which = 1, caller = com.android.server.wallpaper.WallpaperManagerService.semGetWallpaperType:7007 
2024-02-26 18:38:06.037  1396-2942  WallpaperManagerService system_server                        D  which : 1, return type : 0 (called by userId= 0)
2024-02-26 18:38:06.037 25345-25370 DIAGMON_SD...99-549750] com.samsung.android.dqagent          I  Results : Success
2024-02-26 18:38:06.037  2402-2525  ImageWallpaperRenderer  com.android.systemui                 I  updateWallpaperOffset 0 lastCropOffset 0 , wp Type 0 , rotation 0 , allowed true Do not change Display offset 0
2024-02-26 18:38:06.038  1396-1460  ActivityTaskManager     system_server                        D  mStartingWindow and mStartingData is null for token=ActivityRecord{c4eaf1f u0 com.sec.android.app.launcher/.activities.LauncherActivity} t187}
2024-02-26 18:38:06.040  1166-1166  Layer                   surfaceflinger                       I  id=700 removeFromCurrentState com.blaucastmedia.dataquest.app/com.blaucastmedia.dataquest.app.MainActivity$_25193#700 (108)
2024-02-26 18:38:06.040  1166-1166  Layer                   surfaceflinger                       D  [SEC_SF_EFFECTS] setBlurRegions ## {radius=150u, cornerRadii=[0.000000, 0.000000, 0.000000, 0.000000], alpha=3.000000, rect=[0, 0, 1200, 1920]
2024-02-26 18:38:06.040  2926-2926  RecentsView             com.sec.android.app.launcher         I  onTaskRemoved() taskId : 198
2024-02-26 18:38:06.040  1166-1166  Layer                   surfaceflinger                       I  Layer [com.blaucastmedia.dataquest.app/com.blaucastmedia.dataquest.app.MainActivity$_25193#700] hidden!! flag(1)
2024-02-26 18:38:06.040  1166-1166  Layer                   surfaceflinger                       I  id=699 removeFromCurrentState 3023265 com.blaucastmedia.dataquest.app/com.blaucastmedia.dataquest.app.MainActivity#699 (108)
2024-02-26 18:38:06.040  2926-2926  TopTaskTracker          com.sec.android.app.launcher         I  onTaskRemoved : taskId = 198
2024-02-26 18:38:06.040  1166-1166  Layer                   surfaceflinger                       I  Layer [com.sec.android.app.launcher/com.sec.android.app.launcher.activities.LauncherActivity$_2926#705] hidden!! flag(0)
2024-02-26 18:38:06.040  1166-1166  Layer                   surfaceflinger                       I  id=703 removeFromCurrentState Surface(name=73dbcfb InputMethod)/@0xcb39771 - animation-leash of insets_animation#703 (108)
2024-02-26 18:38:06.040  1166-1166  Layer                   surfaceflinger                       I  id=698 removeFromCurrentState 4fd6d10 ActivityRecordInputSink com.blaucastmedia.dataquest.app/.MainActivity#698 (108)
2024-02-26 18:38:06.040  1166-1166  Layer                   surfaceflinger                       I  id=692 removeFromCurrentState ActivityRecord{1828009 u0 com.blaucastmedia.dataquest.app/.MainActivity} t198}#692 (108)
2024-02-26 18:38:06.041  2926-2926  RecentsView             com.sec.android.app.launcher         I  onTaskRemoved() taskId : 198
2024-02-26 18:38:06.041  1166-1166  Layer                   surfaceflinger                       I  id=691 removeFromCurrentState Task=198#691 (108)
2024-02-26 18:38:06.041  1166-1166  Layer                   surfaceflinger                       I  id=709 removeFromCurrentState Task=198#709 (108)
2024-02-26 18:38:06.041  1166-1166  SurfaceFlinger          surfaceflinger                       I  id=709 Removed Task=198#709 (108)
2024-02-26 18:38:06.041  2926-2926  TopTaskTracker          com.sec.android.app.launcher         I  onTaskRemoved : taskId = 198
2024-02-26 18:38:06.041  1166-1166  SurfaceFlinger          surfaceflinger                       I  id=699 Removed 3023265 com.blaucastmedia.dataquest.app/com.blaucastmedia.dataquest.app.MainActivity#699 (108)
2024-02-26 18:38:06.041  1166-1166  SurfaceFlinger          surfaceflinger                       I  id=703 Removed Surface(name=73dbcfb InputMethod)/@0xcb39771 - animation-leash of insets_animation#703 (108)
2024-02-26 18:38:06.041  1166-1166  SurfaceFlinger          surfaceflinger                       I  id=692 Removed ActivityRecord{1828009 u0 com.blaucastmedia.dataquest.app/.MainActivity} t198}#692 (108)
2024-02-26 18:38:06.041  1166-1166  SurfaceFlinger          surfaceflinger                       I  id=698 Removed 4fd6d10 ActivityRecordInputSink com.blaucastmedia.dataquest.app/.MainActivity#698 (108)
2024-02-26 18:38:06.041  1166-1166  SurfaceFlinger          surfaceflinger                       I  id=700 Removed com.blaucastmedia.dataquest.app/com.blaucastmedia.dataquest.app.MainActivity$_25193#700 (108)
2024-02-26 18:38:06.041  1166-1166  ClientCache             surfaceflinger                       E  failed to get buffer, invalid process token
2024-02-26 18:38:06.041  1166-1166  Layer                   surfaceflinger                       I  id=505 Destroyed Surface(name=73dbcfb InputMethod)/@0xcb39771 - animation-leash of insets_animation#505
2024-02-26 18:38:06.041  1166-1166  Layer                   surfaceflinger                       I  id=709 Destroyed Task=198#709
2024-02-26 18:38:06.041  1166-1166  Layer                   surfaceflinger                       I  id=703 Destroyed Surface(name=73dbcfb InputMethod)/@0xcb39771 - animation-leash of insets_animation#703
2024-02-26 18:38:06.041  1166-1166  Layer                   surfaceflinger                       I  id=692 Destroyed ActivityRecord{1828009 u0 com.blaucastmedia.dataquest.app/.MainActivity} t198}#692
2024-02-26 18:38:06.041  1166-1166  Layer                   surfaceflinger                       I  id=698 Destroyed 4fd6d10 ActivityRecordInputSink com.blaucastmedia.dataquest.app/.MainActivity#698
2024-02-26 18:38:06.042  1166-1166  Layer                   surfaceflinger                       I  id=699 Destroyed 3023265 com.blaucastmedia.dataquest.app/com.blaucastmedia.dataquest.app.MainActivity#699
2024-02-26 18:38:06.043  1396-2860  InputDispatcher         system_server                        D  Focus entered window (0): cc9ced3 com.sec.android.app.launcher/com.sec.android.app.launcher.activities.LauncherActivity
2024-02-26 18:38:06.043  2926-2926  ViewRootIm...rActivity] com.sec.android.app.launcher         I  MSG_WINDOW_FOCUS_CHANGED 1 0
2024-02-26 18:38:06.043  2926-2926  ViewRootIm...rActivity] com.sec.android.app.launcher         I  mThreadedRenderer.initializeIfNeeded()#2 mSurface={isValid=true 0x78dc9b9000}
2024-02-26 18:38:06.043  2926-2926  BaseActivity            com.sec.android.app.launcher         I  addActivityFlags, flags : 8
2024-02-26 18:38:06.044  1166-1166  BpTransact...edListener surfaceflinger                       E  Failed to transact (-32)
2024-02-26 18:38:06.044  1166-1166  Layer                   surfaceflinger                       I  id=700 Destroyed com.blaucastmedia.dataquest.app/com.blaucastmedia.dataquest.app.MainActivity$_25193#700
2024-02-26 18:38:06.044  2926-2926  InputMethodManager      com.sec.android.app.launcher         I  startInputInner - mService.startInputOrWindowGainedFocus
2024-02-26 18:38:06.045  1396-2860  InputMetho...gerService system_server                        V  Unspecified window will hide input
2024-02-26 18:38:06.045  1396-2860  InputMetho...gerService system_server                        V  hideCurrentInputLocked : canceled, shouldHideSoftInput=false, mInputShown=false, mImeWindowVis=0
2024-02-26 18:38:06.045  1396-2860  InputMetho...Controller system_server                        I  setCurrentMethodNotVisible: mVisibleBound=false, mHasConnection=true, caller = com.android.server.inputmethod.InputMethodManagerService.hideCurrentInputLocked:4300 com.android.server.inputmethod.InputMethodManagerService.startInputOrWindowGainedFocusInternalLocked:4606 com.android.server.inputmethod.InputMethodManagerService.startInputOrWindowGainedFocusInternal:4384 com.android.server.inputmethod.InputMethodManagerService.startInputOrWindowGainedFocus:4323 com.android.internal.view.IInputMethodManager$Stub.onTransact:518 com.android.server.inputmethod.InputMethodManagerService.onTransact:2270 android.os.Binder.execTransactInternal:1316 android.os.Binder.execTransact:1280 <bottom of call stack> <bottom of call stack> 
2024-02-26 18:38:06.045  1396-2860  InputMetho...gerService system_server                        D  DESKTOP MODE! : 2
2024-02-26 18:38:06.045  1396-2860  InputMetho...gerService system_server                        D  NOT IN KNOX DESKTOP MODE!
2024-02-26 18:38:06.045  1396-2860  InputMetho...gerService system_server                        V  getDisplayIdOfInputMethodWindowToBeAdded: displayId=0
2024-02-26 18:38:06.045  1396-2860  InputMetho...gerService system_server                        D  isImeSwitcherDisabledPackage : false
2024-02-26 18:38:06.045  1396-2860  InputMetho...gerService system_server                        D  shouldShowImeSwitcherLocked : checking vis : 3
2024-02-26 18:38:06.046  1396-2860  InputMetho...gerService system_server                        D  checkDisplayOfStartInputAndUpdateKeyboard: displayId=0, mFocusedDisplayId=0
2024-02-26 18:38:06.046  1396-2860  InputTransport          system_server                        D  Input channel constructed: 'ClientS', fd=551
2024-02-26 18:38:06.046  1396-2860  InputTransport          system_server                        D  Input channel destroyed: 'ClientS', fd=551
2024-02-26 18:38:06.047   617-617   keymaster_tee           and...ardware.keymaster@4.0-service  W  [WRN]begin req PARAMS: A32 B2 P64 
2024-02-26 18:38:06.047  2926-3249  LiveIconLoader          com.sec.android.app.launcher         I  [Calendar] LiveIcon - stdIconSize : 96 , targetIconSize : 148
2024-02-26 18:38:06.047  2926-3249  LiveIconLoader          com.sec.android.app.launcher         I  [Calendar] LiveIcon - sIconDpi : 640 , targetIconDpi : 320
2024-02-26 18:38:06.048  1396-1646  RestrictionPolicy       system_server                        D  isScreenCaptureEnabled : ret=true userId=0
2024-02-26 18:38:06.048  2926-3249  LiveIconLoader          com.sec.android.app.launcher         W  System font not found, reverting to Roboto.
2024-02-26 18:38:06.048  7927-7927  HBD                     com.samsung.android.honeyboard       I  HoneyBoardService onFinishInput 
2024-02-26 18:38:06.048  1396-1646  WindowManager           system_server                        I  Cancelling animation restarting=true, leash=Surface(name=Surface(name=73dbcfb InputMethod)/@0xcb39771 - animation-leash of insets_animation)/@0xb339d0e
2024-02-26 18:38:06.048  1396-1646  WindowManager           system_server                        I  Reparenting to original parent: Surface(name=WindowToken{91a4f18 type=2011 android.os.Binder@2cbe2fb})/@0x3021956, destroy=false, surface=Surface(name=73dbcfb InputMethod)/@0xcb39771
2024-02-26 18:38:06.048  1396-1646  WindowManager           system_server                        I  Reparenting to leash, surface=Surface(name=73dbcfb InputMethod)/@0xcb39771, leashParent=Surface(name=WindowToken{91a4f18 type=2011 android.os.Binder@2cbe2fb})/@0x3021956
2024-02-26 18:38:06.049  1166-1187  SurfaceFlinger          surfaceflinger                       I  id=710 createSurf flag=24004, Surface(name=73dbcfb InputMethod)/@0xcb39771 - animation-leash of insets_animation#710
2024-02-26 18:38:06.049  1396-1646  WindowManager           system_server                        D  makeSurface duration=0 leash=Surface(name=Surface(name=73dbcfb InputMethod)/@0xcb39771 - animation-leash of insets_animation)/@0x80fe41
2024-02-26 18:38:06.051   616-3347  keystore2               keystore2                            I  keystore2::security_level: In create_operation. Success to create IKeystoreOperation. 1000, None
2024-02-26 18:38:06.052  7927-7927  HBD                     com.samsung.android.honeyboard       I  a IC have been unbinding,  RemoteInputConnection{idHash=#9fb8e89}
2024-02-26 18:38:06.054  7927-7927  HBD                     com.samsung.android.honeyboard       I  HoneyBoardService [PF_CL][onFinishInput]  5 ms 
2024-02-26 18:38:06.055  7927-7927  HBD                     com.samsung.android.honeyboard       I  HoneyBoardService [IMI] onStartInput - caller pid : 2926 , caller uid : 10118 
2024-02-26 18:38:06.055  7927-7927  HBD                     com.samsung.android.honeyboard       I  j updateConfigs 
2024-02-26 18:38:06.056  1166-1166  SurfaceFlinger          surfaceflinger                       D  Display 0 HWC layers:
                                                                                                         CLIENT | 0x6ff2c6e600 | 0100 | RGBx_8888    |  360.0    0.0 1560.0 1920.0 |    0    0 1200 1920 | Wallpaper BBQ wrapper#90
                                                                                                         CLIENT | 0x6fc7ed3500 | 0100 | RGBA_8888    |    0.0    0.0 1200.0 1920.0 |    0    0 1200 1920 | com.sec.android.app.launcher/com.sec[...]cherActivity$_2926#705 (blurRegions)
                                                                                                         DEVICE | 0x6ff2635c00 | 0100 | RGBA_8888    |    0.0    0.0 1200.0   48.0 |    0    0 1200   48 | StatusBar$_2402#84
                                                                                                         DEVICE | 0x6fc7ed6700 | 0100 | RGBA_8888    |    0.0    0.0   67.0  311.0 | 1133  321 1200  632 | com.samsung.android.app.cocktailbars[...]service.CocktailBarService$_7062#582
2024-02-26 18:38:06.056  7927-7927  HBD                     com.samsung.android.honeyboard       I  j isEnabledNightMode : false 
2024-02-26 18:38:06.057  7927-7927  HBD                     com.samsung.android.honeyboard       I  a IC have been binding, RemoteInputConnection{idHash=#c7f9e8e} 
2024-02-26 18:38:06.057  7927-7927  HBD                     com.samsung.android.honeyboard       I  h [EditorInputType]setPrivateImeOptionsToTable privateImeOptions ( null )
2024-02-26 18:38:06.057  1166-1166  Layer                   surfaceflinger                       I  id=707 removeFromCurrentState Surface(name=73dbcfb InputMethod)/@0xcb39771 - animation-leash of insets_animation#707 (102)
2024-02-26 18:38:06.057  7927-7927  HBD                     com.samsung.android.honeyboard       I  b incognitoMode : false 
2024-02-26 18:38:06.058  7927-7927  HBD                     com.samsung.android.honeyboard       I  b needOff = true , isForceOff = false, isNullInputClass : true 
2024-02-26 18:38:06.058  7927-7927  HBD                     com.samsung.android.honeyboard       I  h getDefaultInputRange : UNKNOWN 
2024-02-26 18:38:06.058  7927-7927  HBD                     com.samsung.android.honeyboard       I  h getDefaultInputRange : UNKNOWN 
2024-02-26 18:38:06.058  7927-7927  HBD                     com.samsung.android.honeyboard       I  h getDefaultInputRange : UNKNOWN 
2024-02-26 18:38:06.059  1396-2942  InputMetho...gerService system_server                        D  isImeSwitcherDisabledPackage : false
2024-02-26 18:38:06.060  7927-7927  HBD                     com.samsung.android.honeyboard       I  b needOff = true , isForceOff = false, isNullInputClass : true 
2024-02-26 18:38:06.060  7927-7927  HBD                     com.samsung.android.honeyboard       I  b update cached prediction status : false 
2024-02-26 18:38:06.060  7927-7927  HBD                     com.samsung.android.honeyboard       I  h getDefaultInputRange : UNKNOWN 
2024-02-26 18:38:06.060  7927-7927  HBD                     com.samsung.android.honeyboard       I  a currentState : 0 
2024-02-26 18:38:06.061  7927-7927  HBD                     com.samsung.android.honeyboard       I  a [UpdatePolicy] [post] a: 0 cl: 1179649 kit: [0/11] vt: 0 ir: 1 
2024-02-26 18:38:06.062  7927-7927  HBD                     com.samsung.android.honeyboard       I  a [NRIC] resetNoResponseState 
2024-02-26 18:38:06.062  7927-7927  HBD                     com.samsung.android.honeyboard       I  b needOff = true , isForceOff = false, isNullInputClass : true 
2024-02-26 18:38:06.063  7927-7927  HBD                     com.samsung.android.honeyboard       I  b update cached prediction status : false 
2024-02-26 18:38:06.064  2926-3249  LiveIconLoader          com.sec.android.app.launcher         I  [Calendar] getLiveIcon - Date: 26
2024-02-26 18:38:06.064  7927-7927  HBD                     com.samsung.android.honeyboard       I  HoneyBoardService [PF_OP][onStartInput]  10 ms 
2024-02-26 18:38:06.065  7927-7927  InputMethodService      com.samsung.android.honeyboard       I  removeImeSurface
2024-02-26 18:38:06.065  2926-3249  AppIconSolution         com.sec.android.app.launcher         I  load= live icon for com.samsung.android.calendar, from overlay = false
2024-02-26 18:38:06.065  7927-7927  MSHandlerLifeCycle      com.samsung.android.honeyboard       I  check: return. pkg=com.samsung.android.honeyboard isActivity=false callers=com.android.internal.policy.DecorView.setVisibility:4487 android.app.Dialog.hide:767 android.inputmethodservice.InputMethodService.removeImeSurface:1297 android.inputmethodservice.InputMethodService.scheduleImeSurfaceRemoval:1286 android.inputmethodservice.InputMethodService.-$$Nest$mscheduleImeSurfaceRemoval:0 
2024-02-26 18:38:06.066  7927-7927  MSHandlerLifeCycle      com.samsung.android.honeyboard       I  removeMultiSplitHandler: no exist. decor=DecorView@45f2399[InputMethod]
2024-02-26 18:38:06.066  1396-2860  GenerationRegistry      system_server                        I  mBackingStore.isClosed() : false
2024-02-26 18:38:06.070  2926-3249  LauncherActivityInfo    com.sec.android.app.launcher         I  packageName: com.samsung.android.calendar, useThemeIcon: false, height: 384, width: 384, density: 640
2024-02-26 18:38:06.075  2926-3249  LauncherActivityInfo    com.sec.android.app.launcher         I  Trying to load live icon for com.sec.android.app.clockpackage
2024-02-26 18:38:06.082  2926-3249  LiveIconUtil            com.sec.android.app.launcher         I  getLiveIcon was called in ClockPackage
2024-02-26 18:38:06.083  2926-3249  LiveIconUtil            com.sec.android.app.launcher         I  getLiveIcon res = com.sec.android.app.clockpackage
2024-02-26 18:38:06.084  2926-3249  LiveIconUtil            com.sec.android.app.launcher         I  stdIconSize : 96 , targetIconSize : 148
2024-02-26 18:38:06.084  2926-3249  LiveIconUtil            com.sec.android.app.launcher         I  mIconDpi : 640 , mTargetIconDpi : 320
2024-02-26 18:38:06.108 25345-25371 DQA                     com.samsung.android.dqagent          I  [DQADatabaseOpenHelper]db open success
2024-02-26 18:38:06.113  1396-2704  MdnieScena...rolService system_server                        V  mAclOffEnabled : false mAclPreviewState : false mAclCompensationState : false
2024-02-26 18:38:06.127  2926-3249  AppIconSolution         com.sec.android.app.launcher         I  load= live icon for com.sec.android.app.clockpackage, from overlay = false
2024-02-26 18:38:06.130  2926-3249  LauncherActivityInfo    com.sec.android.app.launcher         I  packageName: com.sec.android.app.clockpackage, useThemeIcon: false, height: 288, width: 288, density: 640
2024-02-26 18:38:06.134  2926-3249  AppInfo                 com.sec.android.app.launcher         I  set ComponentInfo{com.blaucastmedia.dataquest.app/com.blaucastmedia.dataquest.app.MainActivity} app progress level to 100
2024-02-26 18:38:06.135  2926-3249  AppInfo                 com.sec.android.app.launcher         I  set ComponentInfo{com.android.vending/com.android.vending.AssetBrowserActivity} app progress level to 100
2024-02-26 18:38:06.135  2926-3249  AppInfo                 com.sec.android.app.launcher         I  set ComponentInfo{com.teamviewer.quicksupport.market/com.teamviewer.quicksupport.ui.QSActivity} app progress level to 100
2024-02-26 18:38:06.136  2926-3249  AppInfo                 com.sec.android.app.launcher         I  set ComponentInfo{com.sec.android.gallery3d/com.samsung.android.gallery.app.activity.GalleryActivity} app progress level to 100
2024-02-26 18:38:06.136  2926-3249  AppInfo                 com.sec.android.app.launcher         I  set ComponentInfo{com.google.android.apps.maps/com.google.android.maps.MapsActivity} app progress level to 100
2024-02-26 18:38:06.137  2926-3249  AppInfo                 com.sec.android.app.launcher         I  set ComponentInfo{com.android.chrome/com.google.android.apps.chrome.Main} app progress level to 100
2024-02-26 18:38:06.137  2926-3249  AppInfo                 com.sec.android.app.launcher         I  set ComponentInfo{com.sec.android.app.camera/com.sec.android.app.camera.Camera} app progress level to 100
2024-02-26 18:38:06.138  2926-3249  AppInfo                 com.sec.android.app.launcher         I  set ComponentInfo{com.sec.android.app.sbrowser/com.sec.android.app.sbrowser.SBrowserMainActivity} app progress level to 100
2024-02-26 18:38:06.138  2926-3249  AppInfo                 com.sec.android.app.launcher         I  set ComponentInfo{com.google.android.gm/com.google.android.gm.ConversationListActivityGmail} app progress level to 100
2024-02-26 18:38:06.139  2926-3249  AppInfo                 com.sec.android.app.launcher         I  set ComponentInfo{com.google.android.youtube/com.google.android.youtube.app.honeycomb.Shell$HomeActivity} app progress level to 100
2024-02-26 18:38:06.140  2926-3249  AppInfo                 com.sec.android.app.launcher         I  set ComponentInfo{com.google.android.apps.photos/com.google.android.apps.photos.home.HomeActivity} app progress level to 100
2024-02-26 18:38:06.140  2926-2926  SuggestedAppsManager    com.sec.android.app.launcher         W  pending predictedApps : 11
2024-02-26 18:38:06.142  2926-3249  SuggestedItemsFacade    com.sec.android.app.launcher         I  updateItems : 11
2024-02-26 18:38:06.142  2926-3249  SuggestedItemsFacade    com.sec.android.app.launcher         I  DPS items : Dataquest, ComponentInfo{com.blaucastmedia.dataquest.app/com.blaucastmedia.dataquest.app.MainActivity}
2024-02-26 18:38:06.142  2926-3249  SuggestedItemsFacade    com.sec.android.app.launcher         I  DPS items : PlayStore, ComponentInfo{com.android.vending/com.android.vending.AssetBrowserActivity}
2024-02-26 18:38:06.142  2926-3249  SuggestedItemsFacade    com.sec.android.app.launcher         I  DPS items : QuickSupport, ComponentInfo{com.teamviewer.quicksupport.market/com.teamviewer.quicksupport.ui.QSActivity}
2024-02-26 18:38:06.142  2926-3249  SuggestedItemsFacade    com.sec.android.app.launcher         I  DPS items : Galera, ComponentInfo{com.sec.android.gallery3d/com.samsung.android.gallery.app.activity.GalleryActivity}
2024-02-26 18:38:06.142  2926-3249  SuggestedItemsFacade    com.sec.android.app.launcher         I  DPS items : Maps, ComponentInfo{com.google.android.apps.maps/com.google.android.maps.MapsActivity}
2024-02-26 18:38:06.142  2926-3249  SuggestedItemsFacade    com.sec.android.app.launcher         I  DPS items : Chrome, ComponentInfo{com.android.chrome/com.google.android.apps.chrome.Main}
2024-02-26 18:38:06.142  2926-3249  SuggestedItemsFacade    com.sec.android.app.launcher         I  DPS items : Cmara, ComponentInfo{com.sec.android.app.camera/com.sec.android.app.camera.Camera}
2024-02-26 18:38:06.142  2926-3249  SuggestedItemsFacade    com.sec.android.app.launcher         I  DPS items : Internet, ComponentInfo{com.sec.android.app.sbrowser/com.sec.android.app.sbrowser.SBrowserMainActivity}
2024-02-26 18:38:06.142  2926-3249  SuggestedItemsFacade    com.sec.android.app.launcher         I  DPS items : Gmail, ComponentInfo{com.google.android.gm/com.google.android.gm.ConversationListActivityGmail}
2024-02-26 18:38:06.142  2926-3249  SuggestedItemsFacade    com.sec.android.app.launcher         I  DPS items : YouTube, ComponentInfo{com.google.android.youtube/com.google.android.youtube.app.honeycomb.Shell$HomeActivity}
2024-02-26 18:38:06.142  2926-3249  SuggestedItemsFacade    com.sec.android.app.launcher         I  DPS items : Fotos, ComponentInfo{com.google.android.apps.photos/com.google.android.apps.photos.home.HomeActivity}
2024-02-26 18:38:06.421  1396-2403  Pageboost               system_server                        I  Launcher App Execution
2024-02-26 18:38:06.424  1396-2403  Pageboost               system_server                        E  ioinfo read failed
2024-02-26 18:38:06.773  1105-25366 HYPER-HAL               ven...amsung.hardware.hyper-service  E  [HandlerSysfs.cpp]doResourceHandling(): Couldn't Open Sysfs - /sys/power/cstate_control
2024-02-26 18:38:06.778  1105-25366 HYPER-HAL               ven...amsung.hardware.hyper-service  I  [RequestManager.cpp]releaseLocked(): Released ID : 1006093
2024-02-26 18:38:06.981  1396-12641 SGM:GameManager         system_server                        D  identifyGamePackage. com.sec.android.app.launcher, mCurrentUserId: 0, callerUserId: 0, callingMethodInfo: com.android.server.ssrm.SortingMachine.isGame(SortingMachine.java:162)
2024-02-26 18:38:06.982  1396-12641 SGM:PkgDataHelper       system_server                        D  getGamePkgData(). com.sec.android.app.launcher
2024-02-26 18:38:06.986  3497-3497  SDHMS:LOAD              com.sec.android.sdhms                I  type: LoadsFreqs, value: 0:0:0:0:0:0:0:0:0:0:0:0
2024-02-26 18:38:07.002  2926-3251  QuickstepModelDelegate  com.sec.android.app.launcher         I  Widget predictions updated
2024-02-26 18:38:07.128   602-602   io_stats                iod                                  D  !@   8,0 r 424750 14703372 w 94095 3514400 d 0 0 f 0 0 iot 118964 0 th 0 0 0 pt 0 inp 0 0 1089.416
