2024-02-26 18:37:59.124   602-602   io_stats                iod                                  D  !@   8,0 r 411820 14486772 w 93489 3509824 d 0 0 f 0 0 iot 116676 0 th 0 0 0 pt 0 inp 0 0 1081.412
2024-02-26 18:37:59.274  1105-25188 HYPER-HAL               ven...amsung.hardware.hyper-service  I  [RequestManager.cpp]releaseLocked(): Released ID : 2347861
2024-02-26 18:37:59.487  1396-4148  WifiNl80211Manager      system_server                        D  Scan result ready event
2024-02-26 18:37:59.488  1396-4148  WifiNative              system_server                        D  Scan result ready event
2024-02-26 18:37:59.571  1396-2309  SemWifiScanPool         system_server                        D  countryCode: CO, count: 40, totalSamples: 40, rate: 100.0%
2024-02-26 18:37:59.572  1396-2309  SemWifiScanPool         system_server                        V  updateScanResult, full scan:40 configKeys: 6 pool_bssid:57 pool_configKeys:7
2024-02-26 18:37:59.572  1396-2309  WifiConnectivityMonitor system_server                        D  onScanResultUpdated
2024-02-26 18:37:59.572  1396-2309  WifiConnectivityMonitor system_server                        D  mMaxScannedCountryCode : CO
2024-02-26 18:37:59.666  1396-1654  InputReader             system_server                        W  Received unexpected event (0x35, 0x166) for slot 0 with tracking id 50
2024-02-26 18:37:59.666  1396-1654  InputReader             system_server                        W  Received unexpected event (0x36, 0x4eb) for slot 0 with tracking id 50
2024-02-26 18:37:59.666  1396-1654  InputReader             system_server                        D  Btn_touch(8): value=1 when=1081.954249
2024-02-26 18:37:59.667  1396-1654  InputReader             system_server                        I  Touch event's action is 0x0 (id=6, t=0) [pCnt=1, s=0.51 ] when=1081.954249
2024-02-26 18:37:59.669  1396-1653  InputDispatcher         system_server                        I  Delivering touch to (2926): action: 0x0, f=0x0, d=0, 'cc9ced3', t=1 
2024-02-26 18:37:59.670  1396-1653  PowerManagerService     system_server                        D  [api] userActivityFromNative :  (event: 2 flags: 0 displayId: 0) eventTime = 1081954
2024-02-26 18:37:59.670  2926-2926  ViewRootIm...rActivity] com.sec.android.app.launcher         I  ViewPostIme pointer 0
2024-02-26 18:37:59.671  2926-2926  BaseDragLayer           com.sec.android.app.launcher         W  dispatchTouchEvent, ACTION_DOWN - mTouchDispatchState = 9
2024-02-26 18:37:59.671  1396-1653  PowerManagerService     system_server                        D  UserActivityStateListenerState: 1
2024-02-26 18:37:59.672  2926-2926  BaseDragLayer           com.sec.android.app.launcher         W  findActiveController return false mTouchDispatchState = 9
2024-02-26 18:37:59.672  2926-2926  AppStartUtils           com.sec.android.app.launcher         W  sendActiveLaunchBroadcast() id : 70
2024-02-26 18:37:59.673  1396-1457  GestureDetector         system_server                        I  obtain mCurrentDownEvent. id: 611503282 caller: com.android.server.wm.SystemGesturesPointerEventListener.onPointerEvent:203 com.android.server.wm.PointerEventDispatcher.onInputEvent:53 android.view.InputEventReceiver.dispatchInputEvent:295 
2024-02-26 18:37:59.674  1396-1457  GestureDetector         system_server                        I  obtain mCurrentDownEvent. id: 611503282 caller: com.android.server.wm.SystemPerformancePointerEventListener.onPointerEvent:89 com.android.server.wm.PointerEventDispatcher.onInputEvent:53 android.view.InputEventReceiver.dispatchInputEvent:295 
2024-02-26 18:37:59.674  1396-2394  Pageboost               system_server                        I  start alp : com.blaucastmedia.dataquest.app
2024-02-26 18:37:59.674  1396-1457  GestureDetector         system_server                        I  obtain mCurrentMotionEventRaw. action: 2 id: 284964330
2024-02-26 18:37:59.674  1396-1457  GestureDetector         system_server                        I  obtain mCurrentMotionEventRaw. action: 2 id: 284964330
2024-02-26 18:37:59.675  1396-2394  ActivityTaskManager     system_server                        D  Checking for the Active launch isPkgEverLaunched :true, isPkgStopped : false, isDataCleared :false, isAutoRunBlocked : false
2024-02-26 18:37:59.675  1396-2403  Pageboost               system_server                        I  alp for : com.blaucastmedia.dataquest.app , 0
2024-02-26 18:37:59.676  1396-2394  ContextImpl             system_server                        W  Calling a method in the system process without a qualified user: android.app.ContextImpl.startActivity:1127 com.android.server.wm.ActivityTaskManagerService$ActiveLaunchReceiver.onReceive:1351 android.app.LoadedApk$ReceiverDispatcher$Args.lambda$getRunnable$0$android-app-LoadedApk$ReceiverDispatcher$Args:1919 android.app.LoadedApk$ReceiverDispatcher$Args$$ExternalSyntheticLambda0.run:2 android.os.Handler.handleCallback:942 
2024-02-26 18:37:59.676  3132-25192 pageboostd              pageboostd                           E  alp start : app comblaucastmediadataquestapp
2024-02-26 18:37:59.676  1396-2394  ActivityTaskManager     system_server                        D  startActivityAsUser: callingPid=1396, callingUid=1000, caller=com.android.server.wm.ActivityTaskManagerService.startActivityAsUser:1828 com.android.server.wm.ActivityTaskManagerService.startActivity:1779 android.app.Instrumentation.execStartActivity:1834 android.app.ContextImpl.startActivity:1145 com.android.server.wm.ActivityTaskManagerService$ActiveLaunchReceiver.onReceive:1351 android.app.LoadedApk$ReceiverDispatcher$Args.lambda$getRunnable$0$android-app-LoadedApk$ReceiverDispatcher$Args:1919 android.app.LoadedApk$ReceiverDispatcher$Args$$ExternalSyntheticLambda0.run:2 
2024-02-26 18:37:59.676  1396-2394  ActivityTaskManager     system_server                        D  SafeActivityOptions created, mOriginalCallingPid=1396, mOriginalCallingUid=1000, options=ActivityOptions(157700662), mPackageName=null, mAnimationType=-1, mStartX=0, mStartY=0, mWidth=0, mHeight=0, caller=com.android.server.wm.SafeActivityOptions.fromBundle:82 com.android.server.wm.ActivityStarter.setActivityOptions:4973 com.android.server.wm.ActivityTaskManagerService.startActivityAsUser:1954 com.android.server.wm.ActivityTaskManagerService.startActivityAsUser:1828 com.android.server.wm.ActivityTaskManagerService.startActivity:1779 android.app.Instrumentation.execStartActivity:1834 android.app.ContextImpl.startActivity:1145 
2024-02-26 18:37:59.677  1396-1459  ChimeraSys...ntListener system_server                        I  appLaunchIntent package name is: com.blaucastmedia.dataquest.app
2024-02-26 18:37:59.677  1396-2394  ActivityTaskManager     system_server                        D  request preloading for newly launching app
2024-02-26 18:37:59.677  1396-2394  ActivityTaskManager     system_server                        E  TouchDown intent received, starting ActiveLaunch
2024-02-26 18:37:59.677  1396-2394  ActivityTaskManager     system_server                        D  starting Active launch
2024-02-26 18:37:59.680  1396-1459  Compatibil...geReporter system_server                        D  Compat change id reported: 135634846; UID 10308; state: DISABLED
2024-02-26 18:37:59.680  1396-1459  Compatibil...geReporter system_server                        D  Compat change id reported: 177438394; UID 10308; state: DISABLED
2024-02-26 18:37:59.680  1396-1459  Compatibil...geReporter system_server                        D  Compat change id reported: 135772972; UID 10308; state: DISABLED
2024-02-26 18:37:59.680  1396-1459  Compatibil...geReporter system_server                        D  Compat change id reported: 135754954; UID 10308; state: ENABLED
2024-02-26 18:37:59.681  1396-1467  Compatibil...geReporter system_server                        D  Compat change id reported: 143937733; UID 10308; state: ENABLED
2024-02-26 18:37:59.685  2926-2926  BaseDragLayer           com.sec.android.app.launcher         W  findActiveController return false mTouchDispatchState = 9
2024-02-26 18:37:59.687  1396-1484  system_server           system_server                        E  updateValue is called with a value {0, 0, 0, 0, 0, 0, 0, 0, 0, 0, 0, 0, 0, 0, 0, 0, 0, 0, 0, 0, 0, 0, 0, 0, 0, 0, 0, 0}, which is lower than the previous value {0, 0, 0, 0, 0, 0, 0, 0, 0, 450, 0, 0, 0, 0, 0, 263, 0, 0, 0, 0, 1302, 0, 0, 0, 0, 0, 0, 0}
2024-02-26 18:37:59.688  1396-1484  system_server           system_server                        E  updateValue is called with a value {0, 0, 0, 0, 0, 0, 0, 0, 0, 0, 0, 0, 0, 0, 0, 0, 0, 0, 0, 0, 0, 0, 0, 0, 0, 0, 0, 0}, which is lower than the previous value {0, 0, 0, 0, 0, 0, 0, 0, 0, 245, 0, 0, 0, 0, 0, 263, 0, 0, 0, 0, 1372, 0, 0, 0, 0, 0, 0, 0}
2024-02-26 18:37:59.688  1396-1484  system_server           system_server                        E  updateValue is called with a value {0, 0, 0, 0, 0, 0, 0, 0, 0, 0, 0, 0, 0, 0, 0, 0, 0, 0, 0, 0, 0, 0, 0, 0, 0, 0, 0, 0}, which is lower than the previous value {0, 0, 0, 0, 0, 0, 0, 0, 0, 174, 0, 0, 0, 0, 0, 0, 0, 0, 0, 0, 1371, 0, 0, 0, 0, 0, 0, 0}
2024-02-26 18:37:59.688  1396-1484  system_server           system_server                        E  updateValue is called with a value {0, 0, 0, 0, 0, 0, 0, 0, 0, 0, 0, 0, 0, 0, 0, 0, 0, 0, 0, 0, 0, 0, 0, 0, 0, 0, 0, 0}, which is lower than the previous value {0, 0, 0, 0, 0, 0, 0, 0, 0, 239, 0, 0, 0, 0, 0, 45, 0, 0, 0, 0, 1373, 0, 0, 0, 0, 0, 0, 0}
2024-02-26 18:37:59.694  1077-1077  Zygote                  pid-1077                             D  Forked child process 25193
2024-02-26 18:37:59.696  1396-1467  ActivityManager         system_server                        I  Start proc 25193:com.blaucastmedia.dataquest.app/u0a308 for activelaunch {com.blaucastmedia.dataquest.app/com.blaucastmedia.dataquest.app.MainActivity}
2024-02-26 18:37:59.698  3132-25192 pageboostd              pageboostd                           E  comblaucastmediadataquestapp, amt 10140892 scnt 4 fcnt 0
2024-02-26 18:37:59.701  2926-2926  BaseDragLayer           com.sec.android.app.launcher         W  findActiveController return false mTouchDispatchState = 9
2024-02-26 18:37:59.707  2402-2474  ShellStartingWindow     com.android.systemui                 D  preload Icon com.blaucastmedia.dataquest.app
2024-02-26 18:37:59.711  2926-2926  BaseDragLayer           com.sec.android.app.launcher         W  findActiveController return false mTouchDispatchState = 9
2024-02-26 18:37:59.718 25193-25193 a.dataquest.app         pid-25193                            I  Using CollectorTypeCC GC.
2024-02-26 18:37:59.727 25193-25193 a.dataquest.app         pid-25193                            E  Not starting debugger since process cannot load the jdwp agent.
2024-02-26 18:37:59.728  2926-2926  BaseDragLayer           com.sec.android.app.launcher         W  findActiveController return false mTouchDispatchState = 9
2024-02-26 18:37:59.736 25193-25193 ActivityThread          pid-25193                            D  setConscryptValidator
2024-02-26 18:37:59.736 25193-25193 ActivityThread          pid-25193                            D  setConscryptValidator - put
2024-02-26 18:37:59.740  1396-4148  Compatibil...geReporter system_server                        D  Compat change id reported: 168419799; UID 10308; state: DISABLED
2024-02-26 18:37:59.741  1396-4148  ActivityManager         system_server                        I  DSS OFF for com.blaucastmedia.dataquest.app
2024-02-26 18:37:59.745  2926-2926  BaseDragLayer           com.sec.android.app.launcher         W  findActiveController return false mTouchDispatchState = 9
2024-02-26 18:37:59.746 25193-25193 Compatibil...geReporter pid-25193                            D  Compat change id reported: 171979766; UID 10308; state: ENABLED
2024-02-26 18:37:59.748  1396-1654  InputReader             system_server                        D  Btn_touch(8): value=0 when=1082.036586
2024-02-26 18:37:59.748  1396-1654  InputReader             system_server                        I  Touch event's action is 0x1 (id=6, t=0) [pCnt=1, s=] when=1082.036586
2024-02-26 18:37:59.748  1396-1653  InputDispatcher         system_server                        I  Delivering touch to (2926): action: 0x1, f=0x0, d=0, 'cc9ced3', t=1 
2024-02-26 18:37:59.749  2926-2926  BaseDragLayer           com.sec.android.app.launcher         W  findActiveController return false mTouchDispatchState = 9
2024-02-26 18:37:59.750  2926-2926  ViewRootIm...rActivity] com.sec.android.app.launcher         I  ViewPostIme pointer 1
2024-02-26 18:37:59.751  2926-2926  BaseDragLayer           com.sec.android.app.launcher         W  findActiveController return false mTouchDispatchState = 0
2024-02-26 18:37:59.752  2926-2926  ItemClickHandler        com.sec.android.app.launcher         W  Icon Clicked
2024-02-26 18:37:59.753  2926-2926  DvfsUtil                com.sec.android.app.launcher         I  acquireAppLaunch(intent)
2024-02-26 18:37:59.753  2926-2926  SemDvfsHyPerManager     com.sec.android.app.launcher         I  acquire hyper - APP_LAUNCH/2926@0, type = -999
2024-02-26 18:37:59.753  1105-1165  HYPER-HAL               ven...amsung.hardware.hyper-service  I  [RequestManager.cpp]acquire(): Acquired ID : 4282201  [2926 / 0]    HINT : APP_LAUNCH    list : 
2024-02-26 18:37:59.754  2926-2926  AppTransit...imatorImpl com.sec.android.app.launcher         I  cancelSpringAnimation
2024-02-26 18:37:59.754  2926-2926  Launcher                com.sec.android.app.launcher         I  removeReverseTransitionActive
2024-02-26 18:37:59.754  2926-2926  BaseActivity            com.sec.android.app.launcher         I  removeActivityFlags, flags : 512
2024-02-26 18:37:59.754  3497-3497  SemDvfsHyPerManager     com.sec.android.sdhms                I  acquire hyper - APP_START_SHORT/3497@12, type = -999
2024-02-26 18:37:59.757  1396-4148  ActivityTaskManager     system_server                        D  startActivityAsUser: callingPid=2926, callingUid=10118, caller=com.android.server.wm.ActivityTaskManagerService.startActivityAsUser:1828 com.android.server.wm.ActivityTaskManagerService.startActivity:1779 android.app.IActivityTaskManager$Stub.onTransact:1300 com.android.server.wm.ActivityTaskManagerService.onTransact:6670 android.os.Binder.execTransactInternal:1316 android.os.Binder.execTransact:1280 <bottom of call stack> 
2024-02-26 18:37:59.757  1396-4148  ActivityTaskManager     system_server                        D  SafeActivityOptions created, mOriginalCallingPid=2926, mOriginalCallingUid=10118, options=ActivityOptions(171793346), mPackageName=null, mAnimationType=13, mStartX=0, mStartY=0, mWidth=0, mHeight=0, caller=com.android.server.wm.SafeActivityOptions.fromBundle:82 com.android.server.wm.ActivityStarter.setActivityOptions:4973 com.android.server.wm.ActivityTaskManagerService.startActivityAsUser:1954 com.android.server.wm.ActivityTaskManagerService.startActivityAsUser:1828 com.android.server.wm.ActivityTaskManagerService.startActivity:1779 android.app.IActivityTaskManager$Stub.onTransact:1300 com.android.server.wm.ActivityTaskManagerService.onTransact:6670 
2024-02-26 18:37:59.757  1396-1459  ChimeraSys...ntListener system_server                        I  appLaunchIntent package name is: com.blaucastmedia.dataquest.app
2024-02-26 18:37:59.758  1396-4148  Compatibil...geReporter system_server                        D  Compat change id reported: 161252188; UID 10308; state: DISABLED
2024-02-26 18:37:59.758  1396-4148  Pageboost               system_server                        I  onAppLaunch : com.blaucastmedia.dataquest.app
2024-02-26 18:37:59.758  1396-4148  ActivityTaskManager     system_server                        I  START u0 {act=android.intent.action.MAIN cat=[android.intent.category.LAUNCHER] flg=0x10200000 cmp=com.blaucastmedia.dataquest.app/.MainActivity bnds=[260,1151][482,1462]} from uid 10118
2024-02-26 18:37:59.761  1105-1165  HYPER-HAL               ven...amsung.hardware.hyper-service  E  [HandlerSysfs.cpp]doResourceHandling(): Couldn't Open Sysfs - /sys/power/cstate_control
2024-02-26 18:37:59.762  1105-1165  HYPER-HAL               ven...amsung.hardware.hyper-service  I  [RequestManager.cpp]acquire(): Acquired ID : 6158307  [3497 / 12]    HINT : APP_START    list : [TIMEOUT / 1500] 
2024-02-26 18:37:59.762  1396-4148  Compatibil...geReporter system_server                        D  Compat change id reported: 194480991; UID 10308; state: ENABLED
2024-02-26 18:37:59.762  1396-4148  ActivityTaskManager     system_server                        D  TaskLaunchParamsModifier:task=null activity=ActivityRecord{1828009 u0 com.blaucastmedia.dataquest.app/.MainActivity} display-from-option=0 display-id=0 display-windowing-mode=1 suggested-display-area=DefaultTaskDisplayArea@6607953
2024-02-26 18:37:59.762  1396-4148  [secipm]                system_server                        D  mSecIpmManager Preload com.blaucastmedia.dataquest.app dex files
2024-02-26 18:37:59.763  1396-4148  ActivityTaskManager     system_server                        D  TaskLaunchParamsModifier:task=null activity=ActivityRecord{1828009 u0 com.blaucastmedia.dataquest.app/.MainActivity} t-1} display-from-option=0 display-id=0 display-windowing-mode=1 suggested-display-area=DefaultTaskDisplayArea@6607953 inherit-from-source=fullscreen activity-options-fullscreen=Rect(0, 0 - 0, 0) non-freeform-display display-area=DefaultTaskDisplayArea@6607953 maximized-bounds
2024-02-26 18:37:59.763  1396-3073  SemDvfsHyPerManager     system_server                        I  acquire hyper - AMS_APP_SWITCH/1396@21, type = -999
2024-02-26 18:37:59.764  1166-1187  SurfaceFlinger          surfaceflinger                       I  id=691 createSurf flag=24004, Task=198#691
2024-02-26 18:37:59.764  1396-3073  ActivityMa...erformance system_server                        D  AMP_acquire() APP_SWITCH
2024-02-26 18:37:59.764  3497-3497  SemDvfsHyPerManager     com.sec.android.sdhms                I  acquire hyper - APP_START_SHORT/3497@12, type = -999
2024-02-26 18:37:59.765  1396-4148  ActivityTaskManager     system_server                        D  TaskLaunchParamsModifier:task=Task{789720e #198 type=standard A=10308:com.blaucastmedia.dataquest.app U=0 visible=false visibleRequested=false mode=fullscreen translucent=true sz=0} activity=ActivityRecord{1828009 u0 com.blaucastmedia.dataquest.app/.MainActivity} t-1} display-from-option=0 display-id=0 display-windowing-mode=1 suggested-display-area=DefaultTaskDisplayArea@6607953 inherit-from-source=fullscreen activity-options-fullscreen=Rect(0, 0 - 0, 0) non-freeform-display display-area=DefaultTaskDisplayArea@6607953 maximized-bounds
2024-02-26 18:37:59.766  1396-4148  Compatibil...geReporter system_server                        D  Compat change id reported: 174042980; UID 10308; state: DISABLED
2024-02-26 18:37:59.766  1396-4148  Compatibil...geReporter system_server                        D  Compat change id reported: 184838306; UID 10308; state: DISABLED
2024-02-26 18:37:59.766  1396-4148  Compatibil...geReporter system_server                        D  Compat change id reported: 185004937; UID 10308; state: DISABLED
2024-02-26 18:37:59.766  1396-4148  Compatibil...geReporter system_server                        D  Compat change id reported: 181136395; UID 10308; state: DISABLED
2024-02-26 18:37:59.766  1396-4148  Compatibil...geReporter system_server                        D  Compat change id reported: 174042936; UID 10308; state: DISABLED
2024-02-26 18:37:59.766  1166-1186  SurfaceFlinger          surfaceflinger                       I  id=692 createSurf flag=80004, ActivityRecord{1828009 u0 com.blaucastmedia.dataquest.app/.MainActivity} t198}#692
2024-02-26 18:37:59.767 25193-25193 ziparchive              pid-25193                            W  Unable to open '/data/app/~~Z1lOC2MB4DMM7IsWm-bkjg==/com.blaucastmedia.dataquest.app-CyyuYh3At4_l6tXElMZ5jw==/split_config.arm64_v8a.dm': No such file or directory
2024-02-26 18:37:59.767 25193-25193 ziparchive              pid-25193                            W  Unable to open '/data/app/~~Z1lOC2MB4DMM7IsWm-bkjg==/com.blaucastmedia.dataquest.app-CyyuYh3At4_l6tXElMZ5jw==/split_config.arm64_v8a.dm': No such file or directory
2024-02-26 18:37:59.768  1396-4148  ActivityTaskManager     system_server                        D  scheduleTopResumedActivityChanged, onTop=false r=ActivityRecord{c4eaf1f u0 com.sec.android.app.launcher/.activities.LauncherActivity} t187} caller=com.android.server.wm.ActivityTaskSupervisor.updateTopResumedActivityIfNeeded:2566 com.android.server.wm.TaskDisplayArea.positionChildTaskAt:618 com.android.server.wm.TaskDisplayArea.positionChildAt:541 com.android.server.wm.Task.moveToFrontInner:6277 com.android.server.wm.Task.moveToFront:6243 com.android.server.wm.ActivityStarter.startActivityInner:3039 
2024-02-26 18:37:59.768 25193-25193 a.dataquest.app         pid-25193                            W  Entry not found
2024-02-26 18:37:59.768 25193-25193 ziparchive              pid-25193                            W  Unable to open '/data/app/~~Z1lOC2MB4DMM7IsWm-bkjg==/com.blaucastmedia.dataquest.app-CyyuYh3At4_l6tXElMZ5jw==/split_config.es.dm': No such file or directory
2024-02-26 18:37:59.768  1396-4148  WindowManager           system_server                        W  Prepare app transition: mNextAppTransitionRequests=[TRANSIT_OPEN], mNextAppTransitionFlags=, displayId: 0 Callers=com.android.server.wm.DisplayContent.prepareAppTransition:6543 com.android.server.wm.DisplayContent.prepareAppTransition:6534 com.android.server.wm.Task.startActivityLocked:6851 com.android.server.wm.ActivityStarter.startActivityInner:3101 com.android.server.wm.ActivityStarter.startActivityUnchecked:2518 
2024-02-26 18:37:59.768 25193-25193 ziparchive              pid-25193                            W  Unable to open '/data/app/~~Z1lOC2MB4DMM7IsWm-bkjg==/com.blaucastmedia.dataquest.app-CyyuYh3At4_l6tXElMZ5jw==/split_config.es.dm': No such file or directory
2024-02-26 18:37:59.768  1396-4148  WindowManager           system_server                        V  Checking theme of starting window: 0x7f10000b
2024-02-26 18:37:59.768  1396-4148  WindowManager           system_server                        V  Translucent=false Floating=false ShowWallpaper=false Disable=false
2024-02-26 18:37:59.769  1396-4148  Compatibil...geReporter system_server                        D  Compat change id reported: 205907456; UID 10308; state: ENABLED
2024-02-26 18:37:59.769  1396-4148  WindowManager           system_server                        V  Creating SplashScreenStartingData
2024-02-26 18:37:59.769  1396-4148  ActivityTaskManager     system_server                        D  Add starting com.android.server.wm.ActivityRecord$AddStartingWindow@2b44a3c: typeParam=143
2024-02-26 18:37:59.769 25193-25193 a.dataquest.app         pid-25193                            W  Entry not found
2024-02-26 18:37:59.769  1396-4148  WindowManager           system_server                        V  Add starting com.android.server.wm.ActivityRecord$AddStartingWindow@2b44a3c: startingData=com.android.server.wm.SplashScreenStartingData@bca13c5
2024-02-26 18:37:59.769  1396-4148  WindowManager           system_server                        V  Added starting ActivityRecord{1828009 u0 com.blaucastmedia.dataquest.app/.MainActivity} t198}: startingWindow=null startingView=com.android.server.wm.StartingSurfaceController$StartingSurface@66ea11a
2024-02-26 18:37:59.769 25193-25193 ziparchive              pid-25193                            W  Unable to open '/data/app/~~Z1lOC2MB4DMM7IsWm-bkjg==/com.blaucastmedia.dataquest.app-CyyuYh3At4_l6tXElMZ5jw==/split_config.xhdpi.dm': No such file or directory
2024-02-26 18:37:59.769 25193-25193 ziparchive              pid-25193                            W  Unable to open '/data/app/~~Z1lOC2MB4DMM7IsWm-bkjg==/com.blaucastmedia.dataquest.app-CyyuYh3At4_l6tXElMZ5jw==/split_config.xhdpi.dm': No such file or directory
2024-02-26 18:37:59.770 25193-25193 a.dataquest.app         pid-25193                            W  Entry not found
2024-02-26 18:37:59.770  1105-1165  HYPER-HAL               ven...amsung.hardware.hyper-service  I  [RequestManager.cpp]acquire(): Acquired ID : 1004674  [1396 / 21]    HINT : AMS_APP_SWITCH    list : 
2024-02-26 18:37:59.770  2402-2474  ShellStartingWindow     com.android.systemui                 D  use preloaded icon
2024-02-26 18:37:59.770  1396-2916  AppOps                  system_server                        I  updateUidProcState uid: 10054 procState: 1 capability:15
2024-02-26 18:37:59.771 25193-25193 nativeloader            pid-25193                            D  Configuring clns-4 for other apk /data/app/~~Z1lOC2MB4DMM7IsWm-bkjg==/com.blaucastmedia.dataquest.app-CyyuYh3At4_l6tXElMZ5jw==/base.apk:/data/app/~~Z1lOC2MB4DMM7IsWm-bkjg==/com.blaucastmedia.dataquest.app-CyyuYh3At4_l6tXElMZ5jw==/split_config.arm64_v8a.apk:/data/app/~~Z1lOC2MB4DMM7IsWm-bkjg==/com.blaucastmedia.dataquest.app-CyyuYh3At4_l6tXElMZ5jw==/split_config.es.apk:/data/app/~~Z1lOC2MB4DMM7IsWm-bkjg==/com.blaucastmedia.dataquest.app-CyyuYh3At4_l6tXElMZ5jw==/split_config.xhdpi.apk. target_sdk_version=33, uses_libraries=, library_path=/data/app/~~Z1lOC2MB4DMM7IsWm-bkjg==/com.blaucastmedia.dataquest.app-CyyuYh3At4_l6tXElMZ5jw==/lib/arm64:/data/app/~~Z1lOC2MB4DMM7IsWm-bkjg==/com.blaucastmedia.dataquest.app-CyyuYh3At4_l6tXElMZ5jw==/base.apk!/lib/arm64-v8a:/data/app/~~Z1lOC2MB4DMM7IsWm-bkjg==/com.blaucastmedia.dataquest.app-CyyuYh3At4_l6tXElMZ5jw==/split_config.arm64_v8a.apk!/lib/arm64-v8a:/data/app/~~Z1lOC2MB4DMM7IsWm-bkjg==/com.blaucastmedia.dataquest.app-CyyuYh3At4_l6tXElMZ5jw==/split_config.es.apk!/lib/arm6
2024-02-26 18:37:59.771  1210-7775  CameraService           cameraserver                         I  onUidStateChanged: uid=10054, procState is changed. (0 -> 1)
2024-02-26 18:37:59.772  1396-1479  libprocessgroup         system_server                        W  Failed to open /dev/blkio//cgroup.procs: No such file or directory
2024-02-26 18:37:59.772  1396-4148  Compatibil...geReporter system_server                        D  Compat change id reported: 194833441; UID 10308; state: ENABLED
2024-02-26 18:37:59.772  1396-4148  Pageboost               system_server                        I  stop alp
2024-02-26 18:37:59.772  1396-4148  SemDvfsHyPerManager     system_server                        I  acquire hyper - AMS_APP_LAUNCH/1396@17, type = -999
2024-02-26 18:37:59.773  3132-3132  pageboostd              pageboostd                           E  Received HALT command code 2
2024-02-26 18:37:59.775  3132-25192 pageboostd              pageboostd                           E  comblaucastmediadataquestapp, amt 52826112 scnt 7 fcnt 42
2024-02-26 18:37:59.775  3132-25192 pageboostd              pageboostd                           E  alp end : app comblaucastmediadataquestapp data_amount 62967004
2024-02-26 18:37:59.775  3132-25192 pageboostd              pageboostd                           E  alp halted comblaucastmediadataquestapp
2024-02-26 18:37:59.776  2926-2926  BaseActivity            com.sec.android.app.launcher         I  removeActivityFlags, flags : 16
2024-02-26 18:37:59.777  2926-2926  BaseActivity            com.sec.android.app.launcher         I  removeActivityFlags, flags : 6
2024-02-26 18:37:59.777  2926-2926  DragController          com.sec.android.app.launcher         I  endDrag
2024-02-26 18:37:59.777  2926-2926  LauncherAppWidgetHost   com.sec.android.app.launcher         W  setShouldListenFlag, mFlags:7 flag:resume on:false isFront:false
2024-02-26 18:37:59.778  2926-2926  PageOverlayMover        com.sec.android.app.launcher         W  updateActivityLifecycleState : 3
2024-02-26 18:37:59.778  5949-6995  PageOverlayServiceImpl  com.samsung.android.app.spage        I  [FROM HOME] updateActivityLifecycleState : 3
2024-02-26 18:37:59.778  2926-2926  SPayUpdater             com.sec.android.app.launcher         I  updateSpayHandler launcher activity is paused false
2024-02-26 18:37:59.779  2402-2473  SurfaceSyncer@d62a0b7   com.android.systemui                 I  new SurfaceSyncer() = android.view.ViewRootImpl.<init>:1168 android.view.ViewRootImpl.<init>:1304 android.view.WindowManagerGlobal.addView:530 com.android.wm.shell.startingsurface.StartingSurfaceDrawer.addWindow:614 com.android.wm.shell.startingsurface.StartingSurfaceDrawer.addSplashScreenStartingWindow:386 
2024-02-26 18:37:59.779  1396-4148  MARsPolicyManager       system_server                        D  onPackageResumedFG pkgName = com.blaucastmedia.dataquest.app, userId = 0
2024-02-26 18:37:59.780  1396-4148  WindowManager           system_server                        W  Prepare app transition: mNextAppTransitionRequests=[TRANSIT_OPEN, TRANSIT_OPEN], mNextAppTransitionFlags=, displayId: 0 Callers=com.android.server.wm.DisplayContent.prepareAppTransition:6543 com.android.server.wm.TaskFragment.resumeTopActivity:1628 com.android.server.wm.TaskFragment.resumeTopActivity:1354 com.android.server.wm.Task.resumeTopActivityInnerLocked:6685 com.android.server.wm.Task.resumeTopActivityUncheckedLocked:6576 
2024-02-26 18:37:59.781  1396-4148  WindowManagerServiceExt system_server                        D  notifyOccludeChangeNotice: cn=ComponentInfo{com.blaucastmedia.dataquest.app/com.blaucastmedia.dataquest.app.MainActivity} occludesParent=true inMultiWindow=false styleFloating=false caller=com.android.server.wm.WindowManagerServiceExt.updateOccludeTargetIfNeeded:1423 com.android.server.wm.DisplayContent.ensureActivitiesVisible:7598 com.android.server.wm.RootWindowContainer.ensureActivitiesVisible:2270 com.android.server.wm.RootWindowContainer.ensureVisibilityAndConfig:2148 com.android.server.wm.ActivityTaskSupervisor.realStartActivityLocked:919 
2024-02-26 18:37:59.781  3497-3497  SemDvfsHyPerManager     com.sec.android.sdhms                I  acquire hyper - APP_START/3497@14, type = -999
2024-02-26 18:37:59.781  1396-4148  WindowManager           system_server                        V  rotationForOrientation(orient=SCREEN_ORIENTATION_UNSPECIFIED (-1), last=ROTATION_0 (0)); user=ROTATION_0 (0) USER_ROTATION_LOCKED
2024-02-26 18:37:59.781  1396-4148  WindowManager           system_server                        D  rotationForOrientation, orientationSource=ActivityRecord{1828009 u0 com.blaucastmedia.dataquest.app/.MainActivity} t198}
2024-02-26 18:37:59.781  1396-4148  WindowManager           system_server                        V  rotationForOrientation(orient=SCREEN_ORIENTATION_UNSPECIFIED (-1), last=ROTATION_0 (0)); user=ROTATION_0 (0) USER_ROTATION_LOCKED
2024-02-26 18:37:59.781  1396-4148  WindowManager           system_server                        D  rotationForOrientation, orientationSource=ActivityRecord{1828009 u0 com.blaucastmedia.dataquest.app/.MainActivity} t198}
2024-02-26 18:37:59.781  1396-4148  WindowManager           system_server                        V  Computed rotation=ROTATION_0 (0) for display id=0 based on lastOrientation=SCREEN_ORIENTATION_UNSPECIFIED (-1) and oldRotation=ROTATION_0 (0), caller=com.android.server.wm.DisplayRotation.updateOrientation:432 com.android.server.wm.DisplayContent.updateOrientation:2003 com.android.server.wm.DisplayContent.updateOrientation:1903 com.android.server.wm.RootWindowContainer.ensureVisibilityAndConfig:2161 com.android.server.wm.ActivityTaskSupervisor.realStartActivityLocked:919 com.android.server.wm.ActivityTaskSupervisor.startSpecificActivity:1241 
2024-02-26 18:37:59.782  1396-4148  TspStateManager         system_server                        D  updateCustomValue customSetting=
2024-02-26 18:37:59.782  1396-4148  WindowManager           system_server                        V  rotationForOrientation(orient=SCREEN_ORIENTATION_UNSPECIFIED (-1), last=ROTATION_0 (0)); user=ROTATION_0 (0) USER_ROTATION_LOCKED
2024-02-26 18:37:59.782  1396-4148  WindowManager           system_server                        D  rotationForOrientation, orientationSource=ActivityRecord{1828009 u0 com.blaucastmedia.dataquest.app/.MainActivity} t198}
2024-02-26 18:37:59.783  1396-4148  TspStateManager         system_server                        D  updateCustomValue customSetting=
2024-02-26 18:37:59.783  2402-2487  NativeCust...ncyManager com.android.systemui                 D  [NativeCFMS] BpCustomFrequencyManager::BpCustomFrequencyManager()
2024-02-26 18:37:59.783  1396-4148  SGM:PkgDataHelper       system_server                        D  notifyAppCreate(), pkgName: com.blaucastmedia.dataquest.app, userId: 0, sendRet: true
2024-02-26 18:37:59.783  1396-1670  SGM:FgCheckThread       system_server                        D  onLooperPrepared(), msg: MSG_APP_CREATE, pkgName: com.blaucastmedia.dataquest.app, userId: 0
2024-02-26 18:37:59.784  1396-4148  ActivityTaskManager     system_server                        D  scheduleTopResumedActivityChanged, onTop=true r=ActivityRecord{1828009 u0 com.blaucastmedia.dataquest.app/.MainActivity} t198} caller=com.android.server.wm.ActivityTaskSupervisor.scheduleTopResumedActivityStateIfNeeded:2591 com.android.server.wm.ActivityTaskSupervisor.updateTopResumedActivityIfNeeded:2583 com.android.server.wm.TaskFragment.setResumedActivity:508 com.android.server.wm.TaskFragment.onActivityStateChanged:820 com.android.server.wm.ActivityRecord.setState:6643 com.android.server.wm.Task.minimalResumeActivityLocked:6379 
2024-02-26 18:37:59.785  1396-4148  InputDispatcher         system_server                        D  Focused application(0): ActivityRecord{1828009 u0 com.blaucastmedia.dataquest.app/.MainActivity} t198}
2024-02-26 18:37:59.785  1396-4148  WindowManager           system_server                        V  Changing focus from Window{cc9ced3 u0 com.sec.android.app.launcher/com.sec.android.app.launcher.activities.LauncherActivity} to null displayId=0 Callers=com.android.server.wm.RootWindowContainer.updateFocusedWindowLocked:602 com.android.server.wm.WindowManagerService.updateFocusedWindowLocked:6862 com.android.server.wm.ActivityTaskManagerService.setResumedActivityUncheckLocked:5831 com.android.server.wm.TaskFragment.onActivityStateChanged:822 
2024-02-26 18:37:59.785  1396-4148  MARsPolicyManager       system_server                        D  onPackageResumedFG pkgName = com.sec.android.app.launcher, userId = 0
2024-02-26 18:37:59.786  1396-4148  StatusBarManagerService system_server                        D  notifyRequestedSystemKey recent=false home=false
2024-02-26 18:37:59.786  1396-4148  SGM:FgCheckThread       system_server                        D  TaskStackListener.onTaskFocusChanged(), taskId=187, focused=false
2024-02-26 18:37:59.786  1396-4148  SGM:FgCheckThread       system_server                        D  TaskStackListener.onTaskFocusChanged(), taskId=198, focused=true
2024-02-26 18:37:59.786  1396-4148  SGM:FgCheckThread       system_server                        D    sendRunningComponentFocus(), pkgName: com.blaucastmedia.dataquest.app, userId: 0
2024-02-26 18:37:59.786  1396-1670  SGM:FgCheckThread       system_server                        D  onLooperPrepared(), msg: MSG_TASK_FOCUSED, pkgName: com.blaucastmedia.dataquest.app, userId: 0
2024-02-26 18:37:59.786  1396-1670  SGM:FgCheckThread       system_server                        D  handleTaskFocused().
2024-02-26 18:37:59.786  1396-1670  SGM:FgCheckThread       system_server                        D  sendFocusOutConditionally() - mPrevNotiPkg: (unknown), userId: 0
2024-02-26 18:37:59.786  1396-1670  SGM:FgCheckThread       system_server                        D    handleTaskFocused(), pkgName: com.blaucastmedia.dataquest.app, userID:0
2024-02-26 18:37:59.786  1396-1670  SGM:FgCheckThread       system_server                        D  handleResume().
2024-02-26 18:37:59.786  1396-1670  SGM:FgCheckThread       system_server                        D  sendFocusOutConditionally() - mPrevNotiPkg: (unknown), userId: 0
2024-02-26 18:37:59.786  1396-1670  SGM:FgCheckThread       system_server                        D    handleResume(). pkgName: com.blaucastmedia.dataquest.app, userId: 0, isTunableApp: null
2024-02-26 18:37:59.786  1396-1670  SGM:FgCheckThread       system_server                        D  notifyFocusInOut(). of pkg: com.blaucastmedia.dataquest.app, type: 4, isTunableApp: false, userId: 0
2024-02-26 18:37:59.787  1396-1670  SGM:FgCheckThread       system_server                        D    notifyFocusInOut(). unexpected mPrevNotiType: -1
2024-02-26 18:37:59.787  1396-1670  SGM:SystemHelper        system_server                        D  callReleaseBlock needReleaseBlock:false
2024-02-26 18:37:59.787  1396-4148  WindowManager           system_server                        W  Execute app transition: mNextAppTransitionRequests=[TRANSIT_OPEN, TRANSIT_OPEN], mNextAppTransitionFlags=, displayId: 0 Callers=com.android.server.wm.RootWindowContainer.executeAppTransitionForAllDisplay:2658 com.android.server.wm.ActivityTaskSupervisor.reportResumedActivityLocked:2343 com.android.server.wm.ActivityRecord.completeResumeLocked:7242 com.android.server.wm.Task.minimalResumeActivityLocked:6380 com.android.server.wm.ActivityTaskSupervisor.realStartActivityLocked:1151 
2024-02-26 18:37:59.788  1105-1165  HYPER-HAL               ven...amsung.hardware.hyper-service  E  [HandlerSysfs.cpp]doResourceHandling(): Couldn't Open Sysfs - /sys/power/cstate_control
2024-02-26 18:37:59.789  1105-1165  HYPER-HAL               ven...amsung.hardware.hyper-service  I  [RequestManager.cpp]acquire(): Acquired ID : 6158307  [3497 / 12]    HINT : APP_START    list : [TIMEOUT / 1500] 
2024-02-26 18:37:59.789  1105-1165  HYPER-HAL               ven...amsung.hardware.hyper-service  I  [RequestManager.cpp]acquire(): Acquired ID : 999008  [1396 / 17]    HINT : AMS_APP_LAUNCH    list : 
2024-02-26 18:37:59.789  1396-3505  InputTransport          system_server                        D  Input channel constructed: '2b04a27', fd=959
2024-02-26 18:37:59.789  1396-3505  InputTransport          system_server                        D  Input channel constructed: '2b04a27', fd=961
2024-02-26 18:37:59.789  1396-3505  InputTransport          system_server                        D  Input channel constructed: '2b04a27', fd=962
2024-02-26 18:37:59.789  2926-2926  TopTaskTracker          com.sec.android.app.launcher         I  onTaskMovedToFront : taskId = 198
2024-02-26 18:37:59.789  1396-1459  SGM:FgCheckThread       system_server                        D  notePauseComponent(), received pkgName: com.sec.android.app.launcher, userId: 0
2024-02-26 18:37:59.789  1396-2299  CocktailBa...eContainer system_server                        I  handleMessage: entry what = 6
2024-02-26 18:37:59.789  1166-1186  SurfaceFlinger          surfaceflinger                       I  id=693 createSurf flag=80004, 2b04a27 Splash Screen com.blaucastmedia.dataquest.app#693
2024-02-26 18:37:59.790  1396-1459  ActivityManager         system_server                        I  Changes in 10308 19 to 2, 0 to 15
2024-02-26 18:37:59.790  1396-3505  WindowManager           system_server                        V  addWindow: ActivityRecord{1828009 u0 com.blaucastmedia.dataquest.app/.MainActivity} t198} startingWindow=Window{2b04a27 u0 Splash Screen com.blaucastmedia.dataquest.app}
2024-02-26 18:37:59.790  1396-1459  AppOps                  system_server                        I  updateUidProcState uid: 10308 procState: 2 capability:15
2024-02-26 18:37:59.790  1396-1459  AppOps                  system_server                        I  commitUidPendingStateLocked() :: UID - 10308, 700 > 200, 0 > 15
2024-02-26 18:37:59.790  1396-1459  ActivityManager         system_server                        I  updateOomAdj start time is before than pendingPid added, don't delete it
2024-02-26 18:37:59.790  1396-3505  InputTransport          system_server                        D  Input channel destroyed: '2b04a27', fd=962
2024-02-26 18:37:59.791  1396-1479  libprocessgroup         system_server                        W  Failed to open /dev/blkio//cgroup.procs: No such file or directory
2024-02-26 18:37:59.791  2402-2473  InsetsController        com.android.systemui                 D  onStateChanged: InsetsState: {mDisplayFrame=Rect(0, 0 - 1200, 1920), mDisplayCutout=DisplayCutout{insets=Rect(0, 0 - 0, 0) waterfall=Insets{left=0, top=0, right=0, bottom=0} boundingRect={Bounds=[Rect(0, 0 - 0, 0), Rect(0, 0 - 0, 0), Rect(0, 0 - 0, 0), Rect(0, 0 - 0, 0)]} cutoutPathParserInfo={CutoutPathParserInfo{displayWidth=0 displayHeight=0 physicalDisplayWidth=0 physicalDisplayHeight=0 density={0.0} cutoutSpec={} rotation={0} scale={0.0} physicalPixelDisplaySizeRatio={0.0}}}}, mRoundedCorners=RoundedCorners{[RoundedCorner{position=TopLeft, radius=26, center=Point(26, 26)}, RoundedCorner{position=TopRight, radius=26, center=Point(1174, 26)}, RoundedCorner{position=BottomRight, radius=26, center=Point(1174, 1894)}, RoundedCorner{position=BottomLeft, radius=26, center=Point(26, 1894)}]}  mRoundedCornerFrame=Rect(0, 0 - 1200, 1920), mPrivacyIndicatorBounds=PrivacyIndicatorBounds {static bounds=Rect(1112, 0 - 1200, 48) rotation=0}, mSources= { InsetsSource: {mType=ITYPE_STATUS_BAR, mFrame=[0,0][1200,48], mVisible=true, mInsetsRoundedCornerFrame=false}, InsetsSource: {mType=ITYPE_LEFT_GESTURES, mFrame=[0,0][0,0], mVisible=true, mInsetsRoundedCornerFrame=false}, InsetsSource: {mType=ITYPE_RIGHT_GESTURES, mFrame=[0,0][0,0], mVisible=true, mInsetsRoundedCornerFrame=false}, InsetsSource: {mType=ITYPE_TOP_MANDATORY_GESTURES, mFrame=[0,0][1200,48], mVisible=true, mInsetsRoundedCornerFrame=false}, InsetsSource: {mType=ITYPE_TOP_TAPPABLE_ELEMENT, mFrame=[0,0][1200,48], mVisible=true, mInsetsRoundedCornerFrame=false}, InsetsSource: {mType=ITYPE_IME, mFrame=[0,0][0,0], mVisible=false, mInsetsRoundedCornerFrame=false} } host=Splash Screen com.blaucastmedia.dataquest.app from=android.view.ViewRootImpl.setView:1739
2024-02-26 18:37:59.792  2402-2473  ViewRootIm...06024[app] com.android.systemui                 I  setView = android.widget.FrameLayout@b755a90 TM=true
2024-02-26 18:37:59.792  1396-2278  AS.MultiSoundManager    system_server                        D  mForegroundUid = 10308
2024-02-26 18:37:59.793  1396-2916  CoreBackPreview         system_server                        D  Window{2b04a27 u0 Splash Screen com.blaucastmedia.dataquest.app}: Setting back callback OnBackInvokedCallbackInfo{mCallback=android.window.IOnBackInvokedCallback$Stub$Proxy@573f67d, mPriority=0}
2024-02-26 18:37:59.793  3090-3131  RequestManager_FLP      com.sec.location.nsflp2              I  onOpChanged, op=0 / packageName=com.blaucastmedia.dataquest.app
2024-02-26 18:37:59.794  2402-2473  ViewRootIm...06024[app] com.android.systemui                 I  performTraversals params={(0,0)(fillxfill) sim={adjust=pan} layoutInDisplayCutoutMode=shortEdges ty=APPLICATION_STARTING fmt=TRANSLUCENT wanim=0x10302f4
                                                                                                      fl=81030118
                                                                                                      pfl=16000010
                                                                                                      apr=LIGHT_STATUS_BARS LIGHT_NAVIGATION_BARS
                                                                                                      bhv=DEFAULT
                                                                                                      fitSides= naviIconColor=0}
2024-02-26 18:37:59.794  2402-2473  ViewRootIm...06024[app] com.android.systemui                 I  performTraversals mFirst=true windowShouldResize=true viewVisibilityChanged=false mForceNextWindowRelayout=false params={(0,0)(fillxfill) sim={adjust=pan} layoutInDisplayCutoutMode=shortEdges ty=APPLICATION_STARTING fmt=TRANSLUCENT wanim=0x10302f4
                                                                                                      fl=81030118
                                                                                                      pfl=16000010
                                                                                                      apr=LIGHT_STATUS_BARS LIGHT_NAVIGATION_BARS
                                                                                                      bhv=DEFAULT
                                                                                                      fitSides= naviIconColor=0}
2024-02-26 18:37:59.795  2926-2926  Launcher                com.sec.android.app.launcher         I  onOccludeChangeNotice: cn = ComponentInfo{com.blaucastmedia.dataquest.app/com.blaucastmedia.dataquest.app.MainActivity}, fullscreen: true
2024-02-26 18:37:59.795  2926-2926  BaseActivity            com.sec.android.app.launcher         I  removeActivityFlags, flags : 1024
2024-02-26 18:37:59.795  1396-3515  WindowManager           system_server                        V  Relayout Window{2b04a27 u0 Splash Screen com.blaucastmedia.dataquest.app}: viewVisibility=0 req=1200x1920 d0
2024-02-26 18:37:59.795  1396-3515  RestrictionPolicy       system_server                        D  isScreenCaptureEnabled : ret=true userId=0
2024-02-26 18:37:59.796  1166-1186  SurfaceFlinger          surfaceflinger                       I  id=694 createSurf flag=40004, Splash Screen com.blaucastmedia.dataquest.app$_2402#694
2024-02-26 18:37:59.796  1166-1709  NativeSemDvfsManager    surfaceflinger                       D  acquire:: timeout = 2000 mIsAcquired = 1  mTagName : SurfaceFlinger 
2024-02-26 18:37:59.796  1396-3515  WindowManager           system_server                        D  makeSurface duration=1 name=Splash Screen com.blaucastmedia.dataquest.app$_2402
2024-02-26 18:37:59.796  1396-1487  BatteryExt...tatsWorker system_server                        D  update stats : get-stats (63)
2024-02-26 18:37:59.796  1166-1166  SurfaceFlinger          surfaceflinger                       D  [input] inputWindowCommands.focusRequests size is 1
2024-02-26 18:37:59.796  1166-1709  NativeCust...ncyManager surfaceflinger                       E  [NativeCFMS] BpCustomFrequencyManager::acquire()
2024-02-26 18:37:59.797 25193-25193 GraphicsEnvironment     pid-25193                            V  ANGLE Developer option for 'com.blaucastmedia.dataquest.app' set to: 'default'
2024-02-26 18:37:59.797 25193-25193 GraphicsEnvironment     pid-25193                            V  ANGLE GameManagerService for com.blaucastmedia.dataquest.app: false
2024-02-26 18:37:59.797 25193-25193 GraphicsEnvironment     pid-25193                            V  Neither updatable production driver nor prerelease driver is supported.
2024-02-26 18:37:59.797  1166-1292  SurfaceFlinger          surfaceflinger                       D  [input] setFocusedWindow: <null>
2024-02-26 18:37:59.797  1396-3505  InputDispatcher         system_server                        D  Focus left window (0): cc9ced3 com.sec.android.app.launcher/com.sec.android.app.launcher.activities.LauncherActivity
2024-02-26 18:37:59.798  2926-2926  ViewRootIm...rActivity] com.sec.android.app.launcher         I  MSG_WINDOW_FOCUS_CHANGED 0 0
2024-02-26 18:37:59.798  2926-2926  BaseActivity            com.sec.android.app.launcher         I  removeActivityFlags, flags : 8
2024-02-26 18:37:59.798  1396-3515  WindowManager           system_server                        V  Relayout hash=2b04a27, pid=2402, syncId=-1: mAttrs={(0,0)(fillxfill) sim={adjust=pan} layoutInDisplayCutoutMode=shortEdges ty=APPLICATION_STARTING fmt=TRANSLUCENT wanim=0x10302f4
                                                                                                      fl=81030118
                                                                                                      pfl=16000010
                                                                                                      apr=LIGHT_STATUS_BARS LIGHT_NAVIGATION_BARS
                                                                                                      bhv=DEFAULT
                                                                                                      fitSides= naviIconColor=0}
2024-02-26 18:37:59.799  1396-1459  GameSDK@LifeCycle       system_server                        I  noteResumeComponent(): package name  : com.blaucastmedia.dataquest.app
2024-02-26 18:37:59.800  1396-1459  SGM:GameManager         system_server                        D  identifyGamePackage. com.blaucastmedia.dataquest.app, mCurrentUserId: 0, callerUserId: 0, callingMethodInfo: com.android.server.ssrm.SortingMachine.isGame(SortingMachine.java:162)
2024-02-26 18:37:59.800  1396-1459  SGM:PkgDataHelper       system_server                        D  getGamePkgData(). com.blaucastmedia.dataquest.app
2024-02-26 18:37:59.801  1396-2299  CocktailBa...eContainer system_server                        I  handleMessage: entry what = 5
2024-02-26 18:37:59.801  2402-2473  ViewRootIm...06024[app] com.android.systemui                 I  updateBlastSurfaceIfNeeded mBlastBufferQueue=null isSameSurfaceControl=false
2024-02-26 18:37:59.801  2402-2473  BLASTBufferQueue        com.android.systemui                 I  new BLASTBufferQueue, mName= ViewRootImpl@4806024[app] mNativeObject= 0x78866d1600 sc.mNativeObject= 0x788691bd80 caller= android.view.ViewRootImpl.updateBlastSurfaceIfNeeded:2939 android.view.ViewRootImpl.relayoutWindow:9990 android.view.ViewRootImpl.performTraversals:3919 android.view.ViewRootImpl.doTraversal:3151 android.view.ViewRootImpl$TraversalRunnable.run:11068 android.view.Choreographer$CallbackRecord.run:1321 android.view.Choreographer$CallbackRecord.run:1329 android.view.Choreographer.doCallbacks:930 android.view.Choreographer.doFrame:859 android.view.Choreographer$FrameDisplayEventReceiver.run:1303 
